2025-03-15 11:56:51.459 21588-21588 MainActivity            com.example.whatsuit                 D  Ensuring notification service is running
2025-03-15 11:56:51.466 21588-21588 ViewRootImplExtImpl     com.example.whatsuit                 D  wrapConfigInfoIntoFlags rotation=0, smallestScreenWidthDp=354, relayoutAsync=false, flags=0, newFlags=23199744, residentWS=false, title=com.example.whatsuit/com.example.whatsuit.MainActivity
2025-03-15 11:56:51.476 21588-21588 VRI[MainActivity]       com.example.whatsuit                 D  relayoutWindow result, sizeChanged:false, surfaceControlChanged:true, transformHintChanged:false, mSurfaceSize:Point(1240, 2772), mLastSurfaceSize:Point(1240, 2772), mWidth:1240, mHeight:2772, requestedWidth:1240, requestedHeight:2772, transformHint:0, installOrientation:0, displayRotation:0, isSurfaceValid:true, attr.flag:-2122252032, tmpFrames:ClientWindowFrames{frame=[0,0][1240,2772] display=[0,0][1240,2772] parentFrame=[0,0][0,0]}, relayoutAsync:false, mSyncSeqId:0
2025-03-15 11:56:51.476 21588-21588 VRI[MainActivity]       com.example.whatsuit                 W  updateBlastSurfaceIfNeeded, surfaceSize:Point(1240, 2772), lastSurfaceSize:Point(1240, 2772), format:-1, blastBufferQueue:null
2025-03-15 11:56:51.476 21588-21588 BufferQueueConsumer     com.example.whatsuit                 D  [](id:545400000013,api:0,p:-1,c:21588) connect: controlledByApp=false
2025-03-15 11:56:51.479 21588-21588 RecyclerView            com.example.whatsuit                 W  No adapter attached; skipping layout
2025-03-15 11:56:51.481 21588-21588 SurfaceControl          com.example.whatsuit                 I   setExtendedRangeBrightness sc=Surface(name=com.example.whatsuit/com.example.whatsuit.MainActivity)/@0xb1aa9fc,currentBufferRatio=1.0,desiredRatio=1.0
2025-03-15 11:56:51.492 21588-22048 BLASTBufferQueue        com.example.whatsuit                 D  [VRI[MainActivity]#19](f:0,a:1) acquireNextBufferLocked size=1240x2772 mFrameNumber=1 applyTransaction=true mTimestamp=308413610032459(auto) mPendingTransactions.size=0 graphicBufferId=92719753986126 transform=0
2025-03-15 11:56:51.493 21588-22048 VRI[MainActivity]       com.example.whatsuit                 D  Received frameCommittedCallback lastAttemptedDrawFrameNum=1 didProduceBuffer=true syncBuffer=false
2025-03-15 11:56:51.494 21588-21588 VRI[MainActivity]       com.example.whatsuit                 D  draw finished. seqId=0
2025-03-15 11:56:51.494 21588-21588 ViewRootImplExtImpl     com.example.whatsuit                 D  setMaxDequeuedBufferCount: 2
2025-03-15 11:56:51.495 21588-21588 ResourcesManagerExtImpl com.example.whatsuit                 D  applyConfigurationToAppResourcesLocked app.getDisplayId() return callback.displayId:0
2025-03-15 11:56:51.495 21588-21588 VRI[MainActivity]       com.example.whatsuit                 W  handleResized abandoned!
2025-03-15 11:56:51.495 21588-21588 VRI[MainActivity]       com.example.whatsuit                 W  handleResized, msg:, frameChanged:false, configChanged:false, displayChanged:false, attachedFrameChanged:false, compatScaleChanged:false, pendingDragResizing=false
2025-03-15 11:56:51.504 21588-22048 VRI[MainActivity]       com.example.whatsuit                 D  Received frameCommittedCallback lastAttemptedDrawFrameNum=2 didProduceBuffer=true syncBuffer=false
2025-03-15 11:56:51.505 21588-21588 VRI[MainActivity]       com.example.whatsuit                 D  draw finished. seqId=0
2025-03-15 11:56:51.506 21588-21588 VRI[MainActivity]       com.example.whatsuit                 W  handleResized, msg:, frameChanged:false, configChanged:false, displayChanged:false, attachedFrameChanged:false, compatScaleChanged:false, pendingDragResizing=false
2025-03-15 11:56:51.515 21588-21588 VRI[MainActivity]       com.example.whatsuit                 D  onFocusEvent true
2025-03-15 11:56:51.518 21588-22048 VRI[MainActivity]       com.example.whatsuit                 D  Received frameCommittedCallback lastAttemptedDrawFrameNum=4 didProduceBuffer=true syncBuffer=false
2025-03-15 11:56:51.518 21588-22048 VRI[MainActivity]       com.example.whatsuit                 D  draw finished. seqId=0
2025-03-15 11:56:52.039 21588-21588 VRI[MainActivity]       com.example.whatsuit                 W  handleResized abandoned!
2025-03-15 11:56:52.046 21588-21588 VRI[MainActivity]       com.example.whatsuit                 W  handleResized abandoned!
2025-03-15 11:56:52.522 21588-22055 OplusScrollToTopManager com.example.whatsuit                 D  com.example.whatsuit/com.example.whatsuit.MainActivity,This com.android.internal.policy.DecorView{f98e2b8 V.E...... R....... 0,0-1240,2772 aid=7 alpha=1.0 viewInfo = }[MainActivity] change focus to true
2025-03-15 11:56:53.463 21588-21588 ScrollIdentify          com.example.whatsuit                 I  on fling
2025-03-15 11:56:53.464 21588-21588 ViewRootImplExtImpl     com.example.whatsuit                 D  the up motion event handled by client, just return
2025-03-15 11:56:53.860 21588-21588 ViewRootImplExtImpl     com.example.whatsuit                 D  the up motion event handled by client, just return
2025-03-15 11:56:54.841 21588-21588 ViewRootImplExtImpl     com.example.whatsuit                 D  the up motion event handled by client, just return
2025-03-15 11:56:54.863 21588-21780 xample.whatsuit         com.example.whatsuit                 I  Note: end time exceeds INT32_MAX: 18446744072
2025-03-15 11:56:54.874 21588-21780 xample.whatsuit         com.example.whatsuit                 I  Note: end time exceeds INT32_MAX: 18446744072
2025-03-15 11:56:54.891 21588-21588 WindowManager           com.example.whatsuit                 D  Add to mViews: android.widget.PopupWindow$PopupDecorView{c82d7d5 V.E...... R.....I. 0,0-0,0 alpha=1.0 viewInfo = },pkg= com.example.whatsuit
2025-03-15 11:56:54.892 21588-22048 skia                    com.example.whatsuit                 D  setRusSupported enable 0
2025-03-15 11:56:54.904 21588-21588 ViewRootImplExtImpl     com.example.whatsuit                 D  onDisplayChanged -1 for VRI android.view.ViewRootImpl@9082d78
2025-03-15 11:56:54.905 21588-21780 xample.whatsuit         com.example.whatsuit                 I  Note: end time exceeds INT32_MAX: 18446744072
2025-03-15 11:56:54.907 21588-21588 OplusBracketLog         com.example.whatsuit                 E  [OplusViewMirrorManager] updateHostViewRootIfNeeded, not support android.view.ViewRootImpl@9082d78
2025-03-15 11:56:54.915 21588-21588 BufferQueueConsumer     com.example.whatsuit                 D  [](id:545400000014,api:0,p:-1,c:21588) connect: controlledByApp=false
2025-03-15 11:56:54.930 21588-21588 SurfaceControl          com.example.whatsuit                 I   setExtendedRangeBrightness sc=Surface(name=PopupWindow:89585bf)/@0xbabf8bc,currentBufferRatio=1.0,desiredRatio=1.0
2025-03-15 11:56:54.933 21588-22048 BLASTBufferQueue        com.example.whatsuit                 D  [VRI[PopupWindow:89585bf]#20](f:0,a:1) acquireNextBufferLocked size=910x728 mFrameNumber=1 applyTransaction=true mTimestamp=308417051449151(auto) mPendingTransactions.size=0 graphicBufferId=92719753986131 transform=0
2025-03-15 11:56:54.934 21588-22048 VRI[PopupW...w:89585bf] com.example.whatsuit                 D  Received frameCommittedCallback lastAttemptedDrawFrameNum=1 didProduceBuffer=true syncBuffer=false
2025-03-15 11:56:54.934 21588-21588 VRI[PopupW...w:89585bf] com.example.whatsuit                 D  draw finished. seqId=0
2025-03-15 11:56:54.934 21588-21588 ViewRootImplExtImpl     com.example.whatsuit                 D  setMaxDequeuedBufferCount: 2
2025-03-15 11:56:54.935 21588-21588 VRI[MainActivity]       com.example.whatsuit                 D  onFocusEvent false
2025-03-15 11:56:54.962 21588-22048 VRI[PopupW...w:89585bf] com.example.whatsuit                 D  Received frameCommittedCallback lastAttemptedDrawFrameNum=3 didProduceBuffer=true syncBuffer=false
2025-03-15 11:56:54.962 21588-21588 VRI[PopupW...w:89585bf] com.example.whatsuit                 D  draw finished. seqId=0
2025-03-15 11:56:54.963 21588-21588 VRI[PopupW...w:89585bf] com.example.whatsuit                 D  onFocusEvent true
2025-03-15 11:56:55.016 21588-21780 xample.whatsuit         com.example.whatsuit                 I  Note: end time exceeds INT32_MAX: 18446744072
2025-03-15 11:56:55.959 21588-22055 OplusScrollToTopManager com.example.whatsuit                 D  com.example.whatsuit/com.example.whatsuit.MainActivity,This com.android.internal.policy.DecorView{f98e2b8 V.E...... R....... 0,0-1240,2772 aid=7 alpha=1.0 viewInfo = }[MainActivity] change focus to false
2025-03-15 11:56:55.970 21588-22055 OplusScrollToTopManager com.example.whatsuit                 D  PopupWindow:89585bf,This android.widget.PopupWindow$PopupDecorView{c82d7d5 V.E...... R....... 0,0-686,504 alpha=1.0 viewInfo = } change focus to true
2025-03-15 11:56:56.732 21588-21588 ViewRootImplExtImpl     com.example.whatsuit                 D  the up motion event handled by client, just return
2025-03-15 11:56:56.741 21588-21588 oplus.andr...actoryImpl com.example.whatsuit                 I  get feature:IOplusDynamicVsyncFeature
2025-03-15 11:56:56.741 21588-21588 oplus.andr...actoryImpl com.example.whatsuit                 I  get feature:IOplusDynamicVsyncFeature
2025-03-15 11:56:56.741 21588-21588 oplus.andr...actoryImpl com.example.whatsuit                 I  get feature:IOplusDynamicVsyncFeature
2025-03-15 11:56:56.766 21588-21588 oplus.andr...actoryImpl com.example.whatsuit                 I  get feature:IOplusDynamicVsyncFeature
2025-03-15 11:56:56.766 21588-21588 oplus.andr...actoryImpl com.example.whatsuit                 I  get feature:IOplusDynamicVsyncFeature
2025-03-15 11:56:56.766 21588-21588 oplus.andr...actoryImpl com.example.whatsuit                 I  get feature:IOplusDynamicVsyncFeature
2025-03-15 11:56:56.769 21588-21588 oplus.andr...actoryImpl com.example.whatsuit                 I  get feature:IOplusDynamicVsyncFeature
2025-03-15 11:56:56.769 21588-21588 oplus.andr...actoryImpl com.example.whatsuit                 I  get feature:IOplusDynamicVsyncFeature
2025-03-15 11:56:56.769 21588-21588 oplus.andr...actoryImpl com.example.whatsuit                 I  get feature:IOplusDynamicVsyncFeature
2025-03-15 11:56:56.781 21588-21588 WindowManager           com.example.whatsuit                 D  Add to mViews: com.android.internal.policy.DecorView{f965e67 V.E...... R.....I. 0,0-0,0 alpha=1.0 viewInfo = }[MainActivity],pkg= com.example.whatsuit
2025-03-15 11:56:56.781 21588-22048 skia                    com.example.whatsuit                 D  setRusSupported enable 0
2025-03-15 11:56:56.791 21588-21588 ViewRootImplExtImpl     com.example.whatsuit                 D  onDisplayChanged -1 for VRI android.view.ViewRootImpl@1f38ab2
2025-03-15 11:56:56.796 21588-21588 SurfaceControl          com.example.whatsuit                 I   setExtendedRangeBrightness sc=Surface(name=PopupWindow:89585bf)/@0xbabf8bc,currentBufferRatio=1.0,desiredRatio=1.0
2025-03-15 11:56:56.798 21588-21588 OplusBracketLog         com.example.whatsuit                 E  [OplusViewMirrorManager] updateHostViewRootIfNeeded, not support android.view.ViewRootImpl@1f38ab2
2025-03-15 11:56:56.814 21588-21588 BufferQueueConsumer     com.example.whatsuit                 D  [](id:545400000015,api:0,p:-1,c:21588) connect: controlledByApp=false
2025-03-15 11:56:56.818 21588-21588 xample.whatsuit         com.example.whatsuit                 I  _Desupression native alloc gc_urgency: 70605 native bytes: 72594305
2025-03-15 11:56:56.822 21588-21588 SurfaceControl          com.example.whatsuit                 I   setExtendedRangeBrightness sc=Surface(name=com.example.whatsuit/com.example.whatsuit.MainActivity)/@0x31b81ac,currentBufferRatio=1.0,desiredRatio=1.0
2025-03-15 11:56:56.831 21588-22048 BLASTBufferQueue        com.example.whatsuit                 D  [VRI[MainActivity]#21](f:0,a:1) acquireNextBufferLocked size=1261x696 mFrameNumber=1 applyTransaction=true mTimestamp=308418949615228(auto) mPendingTransactions.size=0 graphicBufferId=92719753986135 transform=0
2025-03-15 11:56:56.832 21588-22048 VRI[MainActivity]       com.example.whatsuit                 D  Received frameCommittedCallback lastAttemptedDrawFrameNum=1 didProduceBuffer=true syncBuffer=false
2025-03-15 11:56:56.832 21588-21588 VRI[MainActivity]       com.example.whatsuit                 D  draw finished. seqId=0
2025-03-15 11:56:56.832 21588-21588 ViewRootImplExtImpl     com.example.whatsuit                 D  setMaxDequeuedBufferCount: 2
2025-03-15 11:56:56.833 21588-21588 VRI[PopupW...w:89585bf] com.example.whatsuit                 D  onFocusEvent false
2025-03-15 11:56:56.857 21588-21588 SurfaceControl          com.example.whatsuit                 I   setExtendedRangeBrightness sc=Surface(name=com.example.whatsuit/com.example.whatsuit.MainActivity)/@0x31b81ac,currentBufferRatio=1.0,desiredRatio=1.0
2025-03-15 11:56:56.864 21588-22048 BLASTBufferQueue        com.example.whatsuit                 D  [VRI[MainActivity]#21](f:0,a:2) producer disconnected before acquireNextBufferLocked
2025-03-15 11:56:56.864 21588-21588 xample.whatsuit         com.example.whatsuit                 I  _Desupression native alloc gc_urgency: 72287 native bytes: 73222929
2025-03-15 11:56:56.873 21588-21588 SurfaceControl          com.example.whatsuit                 I   setExtendedRangeBrightness sc=Surface(name=com.example.whatsuit/com.example.whatsuit.MainActivity)/@0x31b81ac,currentBufferRatio=1.0,desiredRatio=1.0
2025-03-15 11:56:56.879 21588-22048 VRI[MainActivity]       com.example.whatsuit                 D  Received frameCommittedCallback lastAttemptedDrawFrameNum=3 didProduceBuffer=true syncBuffer=false
2025-03-15 11:56:56.880 21588-21588 VRI[MainActivity]       com.example.whatsuit                 D  draw finished. seqId=0
2025-03-15 11:56:56.881 21588-21588 VRI[MainActivity]       com.example.whatsuit                 D  onFocusEvent true
2025-03-15 11:56:56.882 21588-21588 VRI[MainActivity]       com.example.whatsuit                 W  handleResized abandoned!
2025-03-15 11:56:56.948 21588-21607 xample.whatsuit         com.example.whatsuit                 I  _Desupression native alloc gc_urgency: 73119 native bytes: 73369129
2025-03-15 11:56:57.012 21588-21612 xample.whatsuit         com.example.whatsuit                 W  ApkAssets: Deleting an ApkAssets object '<empty> and /data/app/~~bRaRecpZ1sK1MCweOnHZLA==/com.whatsapp-9ZFDPiTICpsaBZiPUDwjYw==/base.apk' with 1 weak references
2025-03-15 11:56:57.014 21588-21612 xample.whatsuit         com.example.whatsuit                 W  ApkAssets: Deleting an ApkAssets object '<empty> and /data/app/~~kYxKLh3EngwMzx1_rDGJAQ==/org.telegram.messenger-H2uzEmkd7xwJ61ht2Liblg==/base.apk' with 1 weak references
2025-03-15 11:56:57.015 21588-21612 xample.whatsuit         com.example.whatsuit                 W  ApkAssets: Deleting an ApkAssets object '<empty> and /data/app/~~kYxKLh3EngwMzx1_rDGJAQ==/org.telegram.messenger-H2uzEmkd7xwJ61ht2Liblg==/split_config.arm64_v8a.apk' with 1 weak references
2025-03-15 11:56:57.015 21588-21612 xample.whatsuit         com.example.whatsuit                 W  ApkAssets: Deleting an ApkAssets object '<empty> and /data/app/~~kYxKLh3EngwMzx1_rDGJAQ==/org.telegram.messenger-H2uzEmkd7xwJ61ht2Liblg==/split_config.en.apk' with 1 weak references
2025-03-15 11:56:57.015 21588-21612 xample.whatsuit         com.example.whatsuit                 W  ApkAssets: Deleting an ApkAssets object '<empty> and /data/app/~~kYxKLh3EngwMzx1_rDGJAQ==/org.telegram.messenger-H2uzEmkd7xwJ61ht2Liblg==/split_config.xxxhdpi.apk' with 1 weak references
2025-03-15 11:56:57.016 21588-21612 xample.whatsuit         com.example.whatsuit                 W  ApkAssets: Deleting an ApkAssets object '<empty> and /data/app/~~_3AfJM9NW8hnrIAVp1X31A==/com.instagram.android-aShfLo3mcII-I3J39zW8ZQ==/base.apk' with 1 weak references
2025-03-15 11:56:57.017 21588-21612 xample.whatsuit         com.example.whatsuit                 W  ApkAssets: Deleting an ApkAssets object '<empty> and /data/app/~~_3AfJM9NW8hnrIAVp1X31A==/com.instagram.android-aShfLo3mcII-I3J39zW8ZQ==/split_audio_stream_processor.apk' with 1 weak references
2025-03-15 11:56:57.017 21588-21612 xample.whatsuit         com.example.whatsuit                 W  ApkAssets: Deleting an ApkAssets object '<empty> and /data/app/~~_3AfJM9NW8hnrIAVp1X31A==/com.instagram.android-aShfLo3mcII-I3J39zW8ZQ==/split_audio_stream_processor_shim_impl.apk' with 1 weak references
2025-03-15 11:56:57.017 21588-21612 xample.whatsuit         com.example.whatsuit                 W  ApkAssets: Deleting an ApkAssets object '<empty> and /data/app/~~_3AfJM9NW8hnrIAVp1X31A==/com.instagram.android-aShfLo3mcII-I3J39zW8ZQ==/split_executorch.apk' with 1 weak references
2025-03-15 11:56:57.017 21588-21612 xample.whatsuit         com.example.whatsuit                 W  ApkAssets: Deleting an ApkAssets object '<empty> and /data/app/~~_3AfJM9NW8hnrIAVp1X31A==/com.instagram.android-aShfLo3mcII-I3J39zW8ZQ==/split_heliumiab.apk' with 1 weak references
2025-03-15 11:56:57.017 21588-21612 xample.whatsuit         com.example.whatsuit                 W  ApkAssets: Deleting an ApkAssets object '<empty> and /data/app/~~_3AfJM9NW8hnrIAVp1X31A==/com.instagram.android-aShfLo3mcII-I3J39zW8ZQ==/split_pytorch.apk' with 1 weak references
2025-03-15 11:56:57.017 21588-21612 xample.whatsuit         com.example.whatsuit                 W  ApkAssets: Deleting an ApkAssets object '<empty> and /data/app/~~_3AfJM9NW8hnrIAVp1X31A==/com.instagram.android-aShfLo3mcII-I3J39zW8ZQ==/split_s_audio_stream_processor_configurable_audio.apk' with 1 weak references
2025-03-15 11:56:57.017 21588-21612 xample.whatsuit         com.example.whatsuit                 W  ApkAssets: Deleting an ApkAssets object '<empty> and /data/app/~~_3AfJM9NW8hnrIAVp1X31A==/com.instagram.android-aShfLo3mcII-I3J39zW8ZQ==/split_s_executorch_pytorch.apk' with 1 weak references
2025-03-15 11:56:57.017 21588-21612 xample.whatsuit         com.example.whatsuit                 W  ApkAssets: Deleting an ApkAssets object '<empty> and /data/app/~~_3AfJM9NW8hnrIAVp1X31A==/com.instagram.android-aShfLo3mcII-I3J39zW8ZQ==/split_spm.apk' with 1 weak references
2025-03-15 11:56:57.145 21588-21588 OplusScrollToTopManager com.example.whatsuit                 D  PopupWindow:89585bf,window dying
2025-03-15 11:56:57.146 21588-21588 OplusScrollToTopManager com.example.whatsuit                 D  PopupWindow:89585bf,unregisterSystemUIBroadcastReceiver 
2025-03-15 11:56:57.146 21588-21588 OplusScrollToTopManager com.example.whatsuit                 D  PopupWindow:89585bf, unregisterSystemUIBroadcastReceiver failed java.lang.IllegalArgumentException: Receiver not registered: android.view.OplusScrollToTopManager$2@1193929
2025-03-15 11:56:57.146 21588-21588 WindowOnBackDispatcher  com.example.whatsuit                 W  sendCancelIfRunning: isInProgress=false callback=android.view.ViewRootImpl$$ExternalSyntheticLambda11@9261c51
2025-03-15 11:56:57.148 21588-21588 HWUI                    com.example.whatsuit                 D  RenderProxy::destroy: this=0xb400006e2737f500, mContext=0xb400006e27062300
2025-03-15 11:56:57.148 21588-22048 HWUI                    com.example.whatsuit                 D  SkiaOpenGLPipeline::setSurface: this=0xb400006e270c78c0, surface=NULL
2025-03-15 11:56:57.151 21588-22154 BLASTBufferQueue        com.example.whatsuit                 D  [VRI[PopupWindow:89585bf]#20](f:0,a:1) destructor()
2025-03-15 11:56:57.151 21588-22154 BufferQueueConsumer     com.example.whatsuit                 D  [VRI[PopupWindow:89585bf]#20(BLAST Consumer)20](id:545400000014,api:0,p:-1,c:21588) disconnect
2025-03-15 11:56:57.895 21588-22055 OplusScrollToTopManager com.example.whatsuit                 D  com.example.whatsuit/com.example.whatsuit.MainActivity,This com.android.internal.policy.DecorView{f965e67 V.E...... R....... 0,0-1177,1390 alpha=1.0 viewInfo = }[MainActivity] change focus to true
2025-03-15 11:56:57.951 21588-21588 ViewRootImplExtImpl     com.example.whatsuit                 D  the up motion event handled by client, just return
2025-03-15 11:56:57.966 21588-21588 oplus.andr...actoryImpl com.example.whatsuit                 I  get feature:IOplusDynamicVsyncFeature
2025-03-15 11:56:57.967 21588-21588 oplus.andr...actoryImpl com.example.whatsuit                 I  get feature:IOplusDynamicVsyncFeature
2025-03-15 11:56:57.967 21588-21588 oplus.andr...actoryImpl com.example.whatsuit                 I  get feature:IOplusDynamicVsyncFeature
2025-03-15 11:56:58.008 21588-21588 oplus.andr...actoryImpl com.example.whatsuit                 I  get feature:IOplusDynamicVsyncFeature
2025-03-15 11:56:58.009 21588-21588 oplus.andr...actoryImpl com.example.whatsuit                 I  get feature:IOplusDynamicVsyncFeature
2025-03-15 11:56:58.009 21588-21588 oplus.andr...actoryImpl com.example.whatsuit                 I  get feature:IOplusDynamicVsyncFeature
2025-03-15 11:56:58.010 21588-21588 oplus.andr...actoryImpl com.example.whatsuit                 I  get feature:IOplusDynamicVsyncFeature
2025-03-15 11:56:58.011 21588-21588 oplus.andr...actoryImpl com.example.whatsuit                 I  get feature:IOplusDynamicVsyncFeature
2025-03-15 11:56:58.011 21588-21588 oplus.andr...actoryImpl com.example.whatsuit                 I  get feature:IOplusDynamicVsyncFeature
2025-03-15 11:56:58.022 21588-21588 WindowManager           com.example.whatsuit                 D  Add to mViews: com.android.internal.policy.DecorView{7d41bb8 V.E...... R.....I. 0,0-0,0 alpha=1.0 viewInfo = }[MainActivity],pkg= com.example.whatsuit
2025-03-15 11:56:58.022 21588-22048 skia                    com.example.whatsuit                 D  setRusSupported enable 0
2025-03-15 11:56:58.034 21588-21588 ViewRootImplExtImpl     com.example.whatsuit                 D  onDisplayChanged -1 for VRI android.view.ViewRootImpl@d2ee0f7
2025-03-15 11:56:58.035 21588-21588 OplusScrollToTopManager com.example.whatsuit                 D  com.example.whatsuit/com.example.whatsuit.MainActivity,window dying
2025-03-15 11:56:58.035 21588-21588 OplusScrollToTopManager com.example.whatsuit                 D  com.example.whatsuit/com.example.whatsuit.MainActivity,unregisterSystemUIBroadcastReceiver 
2025-03-15 11:56:58.035 21588-21588 OplusScrollToTopManager com.example.whatsuit                 D  com.example.whatsuit/com.example.whatsuit.MainActivity, unregisterSystemUIBroadcastReceiver failed java.lang.IllegalArgumentException: Receiver not registered: android.view.OplusScrollToTopManager$2@b8b3b64
2025-03-15 11:56:58.035 21588-21588 WindowOnBackDispatcher  com.example.whatsuit                 W  sendCancelIfRunning: isInProgress=false callback=android.view.ViewRootImpl$$ExternalSyntheticLambda11@af9efb9
2025-03-15 11:56:58.036 21588-21588 OplusCursorFeedback     com.example.whatsuit                 D  editorDetachFromWindow android.widget.Editor@9b8f1cd
2025-03-15 11:56:58.037 21588-21588 HWUI                    com.example.whatsuit                 D  RenderProxy::destroy: this=0xb400006e27380100, mContext=0xb400006f4fc38480
2025-03-15 11:56:58.037 21588-22048 HWUI                    com.example.whatsuit                 D  SkiaOpenGLPipeline::setSurface: this=0xb400006e26f72e40, surface=NULL
2025-03-15 11:56:58.038 21588-22048 HWUI                    com.example.whatsuit                 D  endAllActiveAnimators on 0xb400006f4fd1b800 (RippleDrawable) with handle 0xb400006e273e1a40
2025-03-15 11:56:58.042 21588-22247 BLASTBufferQueue        com.example.whatsuit                 D  [VRI[MainActivity]#21](f:0,a:1) destructor()
2025-03-15 11:56:58.043 21588-22247 BufferQueueConsumer     com.example.whatsuit                 D  [VRI[MainActivity]#21(BLAST Consumer)21](id:545400000015,api:0,p:-1,c:21588) disconnect
2025-03-15 11:56:58.050 21588-21588 OplusBracketLog         com.example.whatsuit                 E  [OplusViewMirrorManager] updateHostViewRootIfNeeded, not support android.view.ViewRootImpl@d2ee0f7
2025-03-15 11:56:58.078 21588-21588 BufferQueueConsumer     com.example.whatsuit                 D  [](id:545400000016,api:0,p:-1,c:21588) connect: controlledByApp=false
2025-03-15 11:56:58.091 21588-21588 SurfaceControl          com.example.whatsuit                 I   setExtendedRangeBrightness sc=Surface(name=com.example.whatsuit/com.example.whatsuit.MainActivity)/@0x91bf7da,currentBufferRatio=1.0,desiredRatio=1.0
2025-03-15 11:56:58.107 21588-22048 mali                    com.example.whatsuit                 I  [DebugProp] GPU Debug-Mechanism Disable !
2025-03-15 11:56:58.125 21588-22048 BLASTBufferQueue        com.example.whatsuit                 D  [VRI[MainActivity]#22](f:0,a:1) acquireNextBufferLocked size=1261x2507 mFrameNumber=1 applyTransaction=true mTimestamp=308420243524844(auto) mPendingTransactions.size=0 graphicBufferId=92719753986143 transform=0
2025-03-15 11:56:58.126 21588-22048 VRI[MainActivity]       com.example.whatsuit                 D  Received frameCommittedCallback lastAttemptedDrawFrameNum=1 didProduceBuffer=true syncBuffer=false
2025-03-15 11:56:58.127 21588-21588 VRI[MainActivity]       com.example.whatsuit                 D  draw finished. seqId=0
2025-03-15 11:56:58.127 21588-21588 ViewRootImplExtImpl     com.example.whatsuit                 D  setMaxDequeuedBufferCount: 2
2025-03-15 11:56:58.132 21588-22164 GeminiService           com.example.whatsuit                 D  Initializing Gemini with model: gemini-1.5-flash
2025-03-15 11:56:58.136 21588-22164 GeminiService           com.example.whatsuit                 D  Gemini initialization successful
2025-03-15 11:56:58.142 21588-22048 VRI[MainActivity]       com.example.whatsuit                 D  Received frameCommittedCallback lastAttemptedDrawFrameNum=3 didProduceBuffer=true syncBuffer=false
2025-03-15 11:56:58.142 21588-21588 VRI[MainActivity]       com.example.whatsuit                 D  draw finished. seqId=0
2025-03-15 11:56:58.162 21588-21588 VRI[MainActivity]       com.example.whatsuit                 D  onFocusEvent true
2025-03-15 11:56:59.167 21588-22055 OplusScrollToTopManager com.example.whatsuit                 D  com.example.whatsuit/com.example.whatsuit.MainActivity,This com.android.internal.policy.DecorView{7d41bb8 V.E...... R....... 0,0-1177,2423 alpha=1.0 viewInfo = }[MainActivity] change focus to true
2025-03-15 11:57:01.035 21588-21588 SurfaceControl          com.example.whatsuit                 I   setExtendedRangeBrightness sc=Surface(name=com.example.whatsuit/com.example.whatsuit.MainActivity)/@0x91bf7da,currentBufferRatio=1.0,desiredRatio=1.0
2025-03-15 11:57:01.053 21588-22048 BLASTBufferQueue        com.example.whatsuit                 D  [VRI[MainActivity]#22](f:0,a:2) producer disconnected before acquireNextBufferLocked
2025-03-15 11:57:01.054 21588-21588 VRI[MainActivity]       com.example.whatsuit                 W  handleResized abandoned!
2025-03-15 11:57:01.612 21588-21588 OplusViewDebugManager   com.example.whatsuit                 D  OplusViewDebugManager Constructor android.view.debug.OplusViewDebugManager@2762ade [mHasViewDebugProperty true] [mHasMsgDebugProperty false] [DEBUG false] [EXTRAINFOENABLE false] [LIGHT_OS false]
2025-03-15 11:57:01.612 21588-21588 OplusViewDebugManager   com.example.whatsuit                 D  OplusViewDebugManager Constructor android.view.debug.OplusViewDebugManager@31414bf [mHasViewDebugProperty true] [mHasMsgDebugProperty false] [DEBUG false] [EXTRAINFOENABLE false] [LIGHT_OS false]
2025-03-15 11:57:01.613 21588-21588 ScrollIdentify          com.example.whatsuit                 I  on fling
2025-03-15 11:57:01.613 21588-21588 ViewRootImplExtImpl     com.example.whatsuit                 D  the up motion event handled by client, just return
2025-03-15 11:57:02.041 21588-21588 ScrollIdentify          com.example.whatsuit                 I  on fling
2025-03-15 11:57:02.041 21588-21588 ViewRootImplExtImpl     com.example.whatsuit                 D  the up motion event handled by client, just return
2025-03-15 11:57:02.775 21588-21588 ViewRootImplExtImpl     com.example.whatsuit                 D  the up motion event handled by client, just return
2025-03-15 11:57:02.787 21588-21588 OplusScrollToTopManager com.example.whatsuit                 D  com.example.whatsuit/com.example.whatsuit.MainActivity,window dying
2025-03-15 11:57:02.787 21588-21588 OplusScrollToTopManager com.example.whatsuit                 D  com.example.whatsuit/com.example.whatsuit.MainActivity,unregisterSystemUIBroadcastReceiver 
2025-03-15 11:57:02.788 21588-21588 OplusScrollToTopManager com.example.whatsuit                 D  com.example.whatsuit/com.example.whatsuit.MainActivity, unregisterSystemUIBroadcastReceiver failed java.lang.IllegalArgumentException: Receiver not registered: android.view.OplusScrollToTopManager$2@4b616ea
2025-03-15 11:57:02.788 21588-21588 WindowOnBackDispatcher  com.example.whatsuit                 W  sendCancelIfRunning: isInProgress=false callback=android.view.ViewRootImpl$$ExternalSyntheticLambda11@972a9d0
2025-03-15 11:57:02.789 21588-21588 OplusCursorFeedback     com.example.whatsuit                 D  editorDetachFromWindow android.widget.Editor@f7f3ddb
2025-03-15 11:57:02.789 21588-21588 OplusCursorFeedback     com.example.whatsuit                 D  editorDetachFromWindow android.widget.Editor@684078
2025-03-15 11:57:02.789 21588-21588 OplusCursorFeedback     com.example.whatsuit                 D  editorDetachFromWindow android.widget.Editor@4d83351
2025-03-15 11:57:02.789 21588-21588 OplusCursorFeedback     com.example.whatsuit                 D  editorDetachFromWindow android.widget.Editor@156b7b6
2025-03-15 11:57:02.789 21588-21588 OplusCursorFeedback     com.example.whatsuit                 D  editorDetachFromWindow android.widget.Editor@aa9dcb7
2025-03-15 11:57:02.789 21588-21588 OplusCursorFeedback     com.example.whatsuit                 D  editorDetachFromWindow android.widget.Editor@81cec24
2025-03-15 11:57:02.790 21588-21588 OplusCursorFeedback     com.example.whatsuit                 D  editorDetachFromWindow android.widget.Editor@c1bb38d
2025-03-15 11:57:02.790 21588-21588 OplusCursorFeedback     com.example.whatsuit                 D  editorDetachFromWindow android.widget.Editor@48e9942
2025-03-15 11:57:02.790 21588-21588 OplusCursorFeedback     com.example.whatsuit                 D  editorDetachFromWindow android.widget.Editor@e758d53
2025-03-15 11:57:02.794 21588-21588 HWUI                    com.example.whatsuit                 D  RenderProxy::destroy: this=0xb400006e26e82100, mContext=0xb400006e2e7e80c0
2025-03-15 11:57:02.795 21588-22048 HWUI                    com.example.whatsuit                 D  SkiaOpenGLPipeline::setSurface: this=0xb400006e2f2ba140, surface=NULL
2025-03-15 11:57:02.798 21588-22048 HWUI                    com.example.whatsuit                 D  endAllActiveAnimators on 0xb400006e271a0a00 (RippleDrawable) with handle 0xb400006e274f5860
2025-03-15 11:57:02.799 21588-22154 BLASTBufferQueue        com.example.whatsuit                 D  [VRI[MainActivity]#22](f:0,a:1) destructor()
2025-03-15 11:57:02.799 21588-22154 BufferQueueConsumer     com.example.whatsuit                 D  [VRI[MainActivity]#22(BLAST Consumer)22](id:545400000016,api:0,p:-1,c:21588) disconnect
2025-03-15 11:57:02.827 21588-21588 VRI[MainActivity]       com.example.whatsuit                 D  onFocusEvent true
2025-03-15 11:57:03.833 21588-22055 OplusScrollToTopManager com.example.whatsuit                 D  com.example.whatsuit/com.example.whatsuit.MainActivity,This com.android.internal.policy.DecorView{f98e2b8 V.E...... R....... 0,0-1240,2772 aid=7 alpha=1.0 viewInfo = }[MainActivity] change focus to true
2025-03-15 11:57:04.446 21588-21588 ViewRootImplExtImpl     com.example.whatsuit                 D  the up motion event handled by client, just return
2025-03-15 11:57:04.465 21588-21588 ScrollOpti...neManager] com.example.whatsuit                 D  updateCurrentActivity: mCurrentActivityName=null, isOptEnable=true, isAnimAheadEnable=true, isFrameInsertEnable=true, InsertNum=1, isEnabledForScrollChanged=false
2025-03-15 11:57:04.475 21588-24839 libMEOW                 com.example.whatsuit                 D  meow new tls: 0xb400006f54f55f40
2025-03-15 11:57:04.475 21588-24839 libMEOW                 com.example.whatsuit                 D  applied 1 plugins for [com.example.whatsuit]:
2025-03-15 11:57:04.475 21588-21588 ResourcesManagerExtImpl com.example.whatsuit                 D  applyConfigurationToAppResourcesLocked app.getDisplayId() return callback.displayId:0
2025-03-15 11:57:04.476 21588-24839 libMEOW                 com.example.whatsuit                 D    plugin 1: [libMEOW_gift.so]: 0xb400006f0ca42d80
2025-03-15 11:57:04.477 21588-24839 libMEOW                 com.example.whatsuit                 D  rebuild call chain: 0xb400006f54f64600
2025-03-15 11:57:04.477 21588-24839 libMEOW                 com.example.whatsuit                 D  meow delete tls: 0xb400006f54f55f40
2025-03-15 11:57:04.498 21588-21588 oplus.andr...actoryImpl com.example.whatsuit                 I  get feature:IOplusDynamicVsyncFeature
2025-03-15 11:57:04.498 21588-21588 oplus.andr...actoryImpl com.example.whatsuit                 I  get feature:IOplusDynamicVsyncFeature
2025-03-15 11:57:04.498 21588-21588 oplus.andr...actoryImpl com.example.whatsuit                 I  get feature:IOplusDynamicVsyncFeature
2025-03-15 11:57:04.502 21588-21588 oplus.andr...actoryImpl com.example.whatsuit                 I  get feature:IOplusDynamicVsyncFeature
2025-03-15 11:57:04.502 21588-21588 oplus.andr...actoryImpl com.example.whatsuit                 I  get feature:IOplusDynamicVsyncFeature
2025-03-15 11:57:04.502 21588-21588 oplus.andr...actoryImpl com.example.whatsuit                 I  get feature:IOplusDynamicVsyncFeature
2025-03-15 11:57:04.514 21588-21588 ScrollOpti...neManager] com.example.whatsuit                 D  updateCurrentActivity: mCurrentActivityName=com.example.whatsuit.NotificationDetailActivity, isOptEnable=true, isAnimAheadEnable=true, isFrameInsertEnable=true, InsertNum=1, isEnabledForScrollChanged=false
2025-03-15 11:57:04.514 21588-21588 ActivityThread          com.example.whatsuit                 D  ComponentInfo{com.example.whatsuit/com.example.whatsuit.NotificationDetailActivity} checkFinished=false 2
2025-03-15 11:57:04.514 21588-21588 ResourcesManagerExtImpl com.example.whatsuit                 D  applyConfigurationToAppResourcesLocked app.getDisplayId() return callback.displayId:0
2025-03-15 11:57:04.516 21588-21588 WindowManager           com.example.whatsuit                 D  Add to mViews: com.android.internal.policy.DecorView{62db029 I.E...... R.....ID 0,0-0,0 alpha=1.0 viewInfo = }[NotificationDetailActivity],pkg= com.example.whatsuit
2025-03-15 11:57:04.516 21588-22048 skia                    com.example.whatsuit                 D  setRusSupported enable 0
2025-03-15 11:57:04.519 21588-21588 ViewRootImplExtImpl     com.example.whatsuit                 D  onDisplayChanged -1 for VRI android.view.ViewRootImpl@6b4d0dc
2025-03-15 11:57:04.520 21588-21588 VRI[MainActivity]       com.example.whatsuit                 D  onFocusEvent false
2025-03-15 11:57:04.521 21588-21588 ResourcesManagerExtImpl com.example.whatsuit                 D  applyConfigurationToAppResourcesLocked app.getDisplayId() return callback.displayId:0
2025-03-15 11:57:04.522 21588-21588 OplusBracketLog         com.example.whatsuit                 E  [OplusViewMirrorManager] updateHostViewRootIfNeeded, not support android.view.ViewRootImpl@6b4d0dc
2025-03-15 11:57:04.526 21588-21588 ViewRootImplExtImpl     com.example.whatsuit                 D  wrapConfigInfoIntoFlags rotation=0, smallestScreenWidthDp=354, relayoutAsync=false, flags=0, newFlags=23199744, residentWS=false, title=com.example.whatsuit/com.example.whatsuit.NotificationDetailActivity
2025-03-15 11:57:04.531 21588-21588 VRI[Notifi...lActivity] com.example.whatsuit                 D  relayoutWindow result, sizeChanged:true, surfaceControlChanged:true, transformHintChanged:false, mSurfaceSize:Point(1240, 2772), mLastSurfaceSize:Point(0, 0), mWidth:-1, mHeight:-1, requestedWidth:1240, requestedHeight:2772, transformHint:0, installOrientation:0, displayRotation:0, isSurfaceValid:true, attr.flag:-2122252032, tmpFrames:ClientWindowFrames{frame=[0,0][1240,2772] display=[0,0][1240,2772] parentFrame=[0,0][0,0]}, relayoutAsync:false, mSyncSeqId:0
2025-03-15 11:57:04.532 21588-21588 VRI[Notifi...lActivity] com.example.whatsuit                 W  updateBlastSurfaceIfNeeded, surfaceSize:Point(1240, 2772), lastSurfaceSize:Point(0, 0), format:-1, blastBufferQueue:null
2025-03-15 11:57:04.532 21588-21588 BufferQueueConsumer     com.example.whatsuit                 D  [](id:545400000017,api:0,p:-1,c:21588) connect: controlledByApp=false
2025-03-15 11:57:04.549 21588-21588 oplus.andr...actoryImpl com.example.whatsuit                 I  get feature:IOplusDynamicVsyncFeature
2025-03-15 11:57:04.549 21588-21588 oplus.andr...actoryImpl com.example.whatsuit                 I  get feature:IOplusDynamicVsyncFeature
2025-03-15 11:57:04.549 21588-21588 oplus.andr...actoryImpl com.example.whatsuit                 I  get feature:IOplusDynamicVsyncFeature
2025-03-15 11:57:04.551 21588-21588 AutofillManager         com.example.whatsuit                 D  view not autofillable - not passing ime action check
2025-03-15 11:57:04.551 21588-21588 AutofillManager         com.example.whatsuit                 D  view not autofillable - not passing ime action check
2025-03-15 11:57:04.556 21588-21588 SurfaceControl          com.example.whatsuit                 I   setExtendedRangeBrightness sc=Surface(name=com.example.whatsuit/com.example.whatsuit.NotificationDetailActivity)/@0xb774b2a,currentBufferRatio=1.0,desiredRatio=1.0
2025-03-15 11:57:04.564 21588-22048 BLASTBufferQueue        com.example.whatsuit                 D  [VRI[NotificationDetailActivity]#23](f:0,a:1) acquireNextBufferLocked size=1240x2772 mFrameNumber=1 applyTransaction=true mTimestamp=308426681783229(auto) mPendingTransactions.size=0 graphicBufferId=92719753986151 transform=0
2025-03-15 11:57:04.564 21588-22048 VRI[Notifi...lActivity] com.example.whatsuit                 D  Received frameCommittedCallback lastAttemptedDrawFrameNum=1 didProduceBuffer=true syncBuffer=false
2025-03-15 11:57:04.564 21588-21588 VRI[Notifi...lActivity] com.example.whatsuit                 D  draw finished. seqId=0
2025-03-15 11:57:04.564 21588-21588 ViewRootImplExtImpl     com.example.whatsuit                 D  setMaxDequeuedBufferCount: 2
2025-03-15 11:57:04.580 21588-21588 VRI[Notifi...lActivity] com.example.whatsuit                 W  handleResized, msg:, frameChanged:false, configChanged:false, displayChanged:false, attachedFrameChanged:false, compatScaleChanged:false, pendingDragResizing=false
2025-03-15 11:57:04.647 21588-22048 VRI[Notifi...lActivity] com.example.whatsuit                 D  Received frameCommittedCallback lastAttemptedDrawFrameNum=3 didProduceBuffer=true syncBuffer=false
2025-03-15 11:57:04.648 21588-21588 VRI[Notifi...lActivity] com.example.whatsuit                 D  draw finished. seqId=0
2025-03-15 11:57:04.652 21588-21588 VRI[Notifi...lActivity] com.example.whatsuit                 D  onFocusEvent true
2025-03-15 11:57:04.664 21588-21588 AutofillManager         com.example.whatsuit                 D  view not autofillable - not passing ime action check
2025-03-15 11:57:04.935 21588-22154 VRI[MainActivity]       com.example.whatsuit                 D  dispatchAppVisibility visible:false
2025-03-15 11:57:04.936 21588-21588 VRI[MainActivity]       com.example.whatsuit                 D  visibilityChanged oldVisibility=true newVisibility=false
2025-03-15 11:57:04.942 21588-21588 HWUI                    com.example.whatsuit                 D  RenderProxy::destroy: this=0xb400006e26fc5900, mContext=0xb400006f53845600
2025-03-15 11:57:04.942 21588-22048 HWUI                    com.example.whatsuit                 D  SkiaOpenGLPipeline::setSurface: this=0xb400006f1fc73600, surface=NULL
2025-03-15 11:57:04.943 21588-21588 ViewRootImplExtImpl     com.example.whatsuit                 D  wrapConfigInfoIntoFlags rotation=0, smallestScreenWidthDp=354, relayoutAsync=false, flags=0, newFlags=23199744, residentWS=false, title=com.example.whatsuit/com.example.whatsuit.MainActivity
2025-03-15 11:57:04.946 21588-21588 VRI[MainActivity]       com.example.whatsuit                 D  relayoutWindow result, sizeChanged:false, surfaceControlChanged:true, transformHintChanged:false, mSurfaceSize:Point(1240, 2772), mLastSurfaceSize:Point(1240, 2772), mWidth:1240, mHeight:2772, requestedWidth:1240, requestedHeight:2772, transformHint:0, installOrientation:0, displayRotation:0, isSurfaceValid:false, attr.flag:-2122252032, tmpFrames:ClientWindowFrames{frame=[0,0][1240,2772] display=[0,0][1240,2772] parentFrame=[0,0][0,0]}, relayoutAsync:false, mSyncSeqId:0
2025-03-15 11:57:04.946 21588-21588 BLASTBufferQueue        com.example.whatsuit                 D  [VRI[MainActivity]#19](f:0,a:1) destructor()
2025-03-15 11:57:04.946 21588-21588 BufferQueueConsumer     com.example.whatsuit                 D  [VRI[MainActivity]#19(BLAST Consumer)19](id:545400000013,api:0,p:-1,c:21588) disconnect
2025-03-15 11:57:04.947 21588-21588 VRI[MainActivity]       com.example.whatsuit                 D  setWindowStopped stopped:true
2025-03-15 11:57:04.949 21588-21588 ViewRootImplExtImpl     com.example.whatsuit                 D  wrapConfigInfoIntoFlags rotation=0, smallestScreenWidthDp=354, relayoutAsync=false, flags=0, newFlags=23199744, residentWS=false, title=com.example.whatsuit/com.example.whatsuit.MainActivity
2025-03-15 11:57:04.952 21588-21588 VRI[MainActivity]       com.example.whatsuit                 D  relayoutWindow result, sizeChanged:false, surfaceControlChanged:true, transformHintChanged:false, mSurfaceSize:Point(1240, 2772), mLastSurfaceSize:Point(1240, 2772), mWidth:1240, mHeight:2772, requestedWidth:1240, requestedHeight:2772, transformHint:0, installOrientation:0, displayRotation:0, isSurfaceValid:false, attr.flag:-2122252032, tmpFrames:ClientWindowFrames{frame=[0,0][1240,2772] display=[0,0][1240,2772] parentFrame=[0,0][0,0]}, relayoutAsync:false, mSyncSeqId:0
2025-03-15 11:57:05.572 21588-22055 OplusScrollToTopManager com.example.whatsuit                 D  com.example.whatsuit/com.example.whatsuit.MainActivity,This com.android.internal.policy.DecorView{f98e2b8 I.E...... R.....ID 0,0-1240,2772 aid=7 alpha=1.0 viewInfo = }[MainActivity] change focus to false
2025-03-15 11:57:05.662 21588-22055 OplusScrollToTopManager com.example.whatsuit                 D  com.example.whatsuit/com.example.whatsuit.NotificationDetailActivity,This com.android.internal.policy.DecorView{62db029 V.E...... R......D 0,0-1240,2772 aid=8 alpha=1.0 viewInfo = }[NotificationDetailActivity] change focus to true
2025-03-15 11:57:05.662 21588-21588 OplusViewDebugManager   com.example.whatsuit                 D  OplusViewDebugManager Constructor android.view.debug.OplusViewDebugManager@c944783 [mHasViewDebugProperty true] [mHasMsgDebugProperty false] [DEBUG false] [EXTRAINFOENABLE false] [LIGHT_OS false]
2025-03-15 11:57:05.662 21588-21588 OplusViewDebugManager   com.example.whatsuit                 D  OplusViewDebugManager Constructor android.view.debug.OplusViewDebugManager@b3e8d00 [mHasViewDebugProperty true] [mHasMsgDebugProperty false] [DEBUG false] [EXTRAINFOENABLE false] [LIGHT_OS false]
2025-03-15 11:57:05.662 21588-21588 ScrollIdentify          com.example.whatsuit                 I  on fling
2025-03-15 11:57:05.662 21588-21588 ViewRootImplExtImpl     com.example.whatsuit                 D  the up motion event handled by client, just return
2025-03-15 11:57:05.687 21588-21588 xample.whatsuit         com.example.whatsuit                 I  _Desupression native alloc gc_urgency: 70105 native bytes: 65059317
2025-03-15 11:57:05.707 21588-21588 AutofillManager         com.example.whatsuit                 D  view not autofillable - not passing ime action check
2025-03-15 11:57:05.730 21588-22048 HWUI                    com.example.whatsuit                 D  SkiaOpenGLPipeline::setSurface: this=0xb400006e270c78c0, surface=NULL
2025-03-15 11:57:05.730 21588-22048 HWUI                    com.example.whatsuit                 D  SkiaOpenGLPipeline::setSurface: this=0xb400006e26f72e40, surface=NULL
2025-03-15 11:57:05.730 21588-22048 HWUI                    com.example.whatsuit                 D  SkiaOpenGLPipeline::setSurface: this=0xb400006e2f2ba140, surface=NULL
2025-03-15 11:57:05.731 21588-21588 AutofillManager         com.example.whatsuit                 D  view not autofillable - not passing ime action check
2025-03-15 11:57:06.503 21588-21588 ViewRootImplExtImpl     com.example.whatsuit                 D  the up motion event handled by client, just return
2025-03-15 11:57:06.528 21588-21588 oplus.andr...actoryImpl com.example.whatsuit                 I  get feature:IOplusDynamicVsyncFeature
2025-03-15 11:57:06.528 21588-21588 oplus.andr...actoryImpl com.example.whatsuit                 I  get feature:IOplusDynamicVsyncFeature
2025-03-15 11:57:06.528 21588-21588 oplus.andr...actoryImpl com.example.whatsuit                 I  get feature:IOplusDynamicVsyncFeature
2025-03-15 11:57:06.545 21588-21588 oplus.andr...actoryImpl com.example.whatsuit                 I  get feature:IOplusDynamicVsyncFeature
2025-03-15 11:57:06.545 21588-21588 oplus.andr...actoryImpl com.example.whatsuit                 I  get feature:IOplusDynamicVsyncFeature
2025-03-15 11:57:06.545 21588-21588 oplus.andr...actoryImpl com.example.whatsuit                 I  get feature:IOplusDynamicVsyncFeature
2025-03-15 11:57:06.545 21588-21588 OplusViewDebugManager   com.example.whatsuit                 D  OplusViewDebugManager Constructor android.view.debug.OplusViewDebugManager@6370313 [mHasViewDebugProperty true] [mHasMsgDebugProperty false] [DEBUG false] [EXTRAINFOENABLE false] [LIGHT_OS false]
2025-03-15 11:57:06.545 21588-21588 OplusViewDebugManager   com.example.whatsuit                 D  OplusViewDebugManager Constructor android.view.debug.OplusViewDebugManager@c0e4950 [mHasViewDebugProperty true] [mHasMsgDebugProperty false] [DEBUG false] [EXTRAINFOENABLE false] [LIGHT_OS false]
2025-03-15 11:57:06.551 21588-21588 AutofillManager         com.example.whatsuit                 D  view not autofillable - not passing ime action check
2025-03-15 11:57:06.553 21588-21588 AutofillManager         com.example.whatsuit                 D  view not autofillable - not passing ime action check
2025-03-15 11:57:06.685 21588-21588 AutofillManager         com.example.whatsuit                 D  view not autofillable - not passing ime action check
2025-03-15 11:57:06.685 21588-21588 OplusCursorFeedback     com.example.whatsuit                 D  editorDetachFromWindow android.widget.Editor@a801681
2025-03-15 11:57:06.685 21588-21588 AutofillManager         com.example.whatsuit                 D  view not autofillable - not passing ime action check
2025-03-15 11:57:07.274 21588-21588 ScrollIdentify          com.example.whatsuit                 I  on fling
2025-03-15 11:57:07.274 21588-21588 ViewRootImplExtImpl     com.example.whatsuit                 D  the up motion event handled by client, just return
2025-03-15 11:57:07.667 21588-21588 ScrollIdentify          com.example.whatsuit                 I  on fling
2025-03-15 11:57:07.667 21588-21588 ViewRootImplExtImpl     com.example.whatsuit                 D  the up motion event handled by client, just return
2025-03-15 11:57:08.223 21588-21588 ImeTracker              com.example.whatsuit                 I  com.example.whatsuit:4f5d4dfd: onRequestShow at ORIGIN_CLIENT reason SHOW_SOFT_INPUT fromUser true
2025-03-15 11:57:08.224 21588-21588 InputMethodManager      com.example.whatsuit                 D  showSoftInput() view=androidx.appcompat.widget.AppCompatEditText{22760fe VFED..CL. .F.P..ID 28,28-960,196 #7f0a014a app:id/messageInput aid=1073741837 alpha=1.0 viewInfo = } flags=0 reason=SHOW_SOFT_INPUT
2025-03-15 11:57:08.224 21588-21588 ViewRootImplExtImpl     com.example.whatsuit                 D  the up motion event handled by client, just return
2025-03-15 11:57:08.226 21588-21588 OplusCursorFeedback     com.example.whatsuit                 D  getExtraCursorWidth
2025-03-15 11:57:08.226 21588-21588 OplusCursorFeedback     com.example.whatsuit                 D  getExtraLeftOffset
2025-03-15 11:57:08.233 21588-21588 AssistStructure         com.example.whatsuit                 I  Flattened final assist data: 15416 bytes, containing 1 windows, 37 views
2025-03-15 11:57:08.279 21588-21588 VRI[Notifi...lActivity] com.example.whatsuit                 W  handleResized abandoned!
2025-03-15 11:57:08.293 21588-21588 VRI[Notifi...lActivity] com.example.whatsuit                 W  handleResized abandoned!
2025-03-15 11:57:08.302 21588-21588 InsetsController        com.example.whatsuit                 D  show(ime(), fromIme=true)
2025-03-15 11:57:08.316 21588-25010 InteractionJankMonitor  com.example.whatsuit                 W  Initializing without READ_DEVICE_CONFIG permission. enabled=false, interval=1, missedFrameThreshold=3, frameTimeThreshold=64, package=com.example.whatsuit
2025-03-15 11:57:08.321 21588-21588 VRI[Notifi...lActivity] com.example.whatsuit                 W  handleResized abandoned!
2025-03-15 11:57:08.330 21588-21588 AssistStructure         com.example.whatsuit                 I  Flattened final assist data: 15416 bytes, containing 1 windows, 37 views
2025-03-15 11:57:08.526 21588-21588 ImeTracker              com.example.whatsuit                 I  com.example.whatsuit:4f5d4dfd: onShown
2025-03-15 11:57:09.013 21588-21588 OplusCursorFeedback     com.example.whatsuit                 D  getExtraCursorWidth
