2025-03-15 11:57:09.013 21588-21588 OplusCursorFeedback     com.example.whatsuit                 D  getExtraLeftOffset
2025-03-15 11:57:09.639 21588-21588 OplusCursorFeedback     com.example.whatsuit                 D  getExtraCursorWidth
2025-03-15 11:57:09.639 21588-21588 OplusCursorFeedback     com.example.whatsuit                 D  getExtraLeftOffset
2025-03-15 11:57:09.844 21588-21588 ViewRootImplExtImpl     com.example.whatsuit                 D  the up motion event handled by client, just return
2025-03-15 11:57:09.851 21588-21588 ImeTracker              com.example.whatsuit                 I  com.example.whatsuit:179273f5: onRequestHide at ORIGIN_CLIENT reason HIDE_SOFT_INPUT_FROM_VIEW fromUser false
2025-03-15 11:57:09.874 21588-21588 InsetsController        com.example.whatsuit                 D  hide(ime(), fromIme=true)
2025-03-15 11:57:09.891 21588-21588 VRI[Notifi...lActivity] com.example.whatsuit                 W  handleResized abandoned!
2025-03-15 11:57:10.097 21588-21588 ImeTracker              com.example.whatsuit                 I  com.example.whatsuit:c6a75edd: onRequestHide at ORIGIN_CLIENT reason HIDE_SOFT_INPUT_ON_ANIMATION_STATE_CHANGED fromUser false
2025-03-15 11:57:10.100 21588-21588 ImeTracker              com.example.whatsuit                 I  com.example.whatsuit:179273f5: onHidden
2025-03-15 11:57:10.634 21588-21588 VRI[Notifi...lActivity] com.example.whatsuit                 W  handleResized abandoned!
2025-03-15 11:57:10.643 21588-21588 VRI[Notifi...lActivity] com.example.whatsuit                 W  handleResized abandoned!
2025-03-15 11:57:11.625 21588-21588 AutofillManager         com.example.whatsuit                 D  view not autofillable - not passing ime action check
2025-03-15 11:57:11.625 21588-21588 AutofillManager         com.example.whatsuit                 D  view not autofillable - not passing ime action check
2025-03-15 11:57:11.648 21588-21588 ScrollIdentify          com.example.whatsuit                 I  on fling
2025-03-15 11:57:11.648 21588-21588 ViewRootImplExtImpl     com.example.whatsuit                 D  the up motion event handled by client, just return
2025-03-15 11:57:11.648 21588-21588 oplus.andr...actoryImpl com.example.whatsuit                 I  get feature:IOplusDynamicVsyncFeature
2025-03-15 11:57:11.648 21588-21588 oplus.andr...actoryImpl com.example.whatsuit                 I  get feature:IOplusDynamicVsyncFeature
2025-03-15 11:57:11.649 21588-21588 oplus.andr...actoryImpl com.example.whatsuit                 I  get feature:IOplusDynamicVsyncFeature
2025-03-15 11:57:11.649 21588-21588 OplusViewDebugManager   com.example.whatsuit                 D  OplusViewDebugManager Constructor android.view.debug.OplusViewDebugManager@2331c86 [mHasViewDebugProperty true] [mHasMsgDebugProperty false] [DEBUG false] [EXTRAINFOENABLE false] [LIGHT_OS false]
2025-03-15 11:57:11.649 21588-21588 OplusViewDebugManager   com.example.whatsuit                 D  OplusViewDebugManager Constructor android.view.debug.OplusViewDebugManager@8182947 [mHasViewDebugProperty true] [mHasMsgDebugProperty false] [DEBUG false] [EXTRAINFOENABLE false] [LIGHT_OS false]
2025-03-15 11:57:11.946 21588-21588 OplusCursorFeedback     com.example.whatsuit                 D  editorDetachFromWindow android.widget.Editor@62412e3
2025-03-15 11:57:11.952 21588-21588 ImeTracker              com.example.whatsuit                 I  com.example.whatsuit:71368ebe: onRequestHide at ORIGIN_CLIENT reason HIDE_SOFT_INPUT_CLOSE_CURRENT_SESSION fromUser false
2025-03-15 11:57:12.865 21588-21588 ScrollIdentify          com.example.whatsuit                 I  on fling
2025-03-15 11:57:12.865 21588-21588 ViewRootImplExtImpl     com.example.whatsuit                 D  the up motion event handled by client, just return
2025-03-15 11:57:12.870 21588-21588 oplus.andr...actoryImpl com.example.whatsuit                 I  get feature:IOplusDynamicVsyncFeature
2025-03-15 11:57:12.871 21588-21588 oplus.andr...actoryImpl com.example.whatsuit                 I  get feature:IOplusDynamicVsyncFeature
2025-03-15 11:57:12.871 21588-21588 oplus.andr...actoryImpl com.example.whatsuit                 I  get feature:IOplusDynamicVsyncFeature
2025-03-15 11:57:12.871 21588-21588 OplusViewDebugManager   com.example.whatsuit                 D  OplusViewDebugManager Constructor android.view.debug.OplusViewDebugManager@f2efb5b [mHasViewDebugProperty true] [mHasMsgDebugProperty false] [DEBUG false] [EXTRAINFOENABLE false] [LIGHT_OS false]
2025-03-15 11:57:12.871 21588-21588 OplusViewDebugManager   com.example.whatsuit                 D  OplusViewDebugManager Constructor android.view.debug.OplusViewDebugManager@af8eff8 [mHasViewDebugProperty true] [mHasMsgDebugProperty false] [DEBUG false] [EXTRAINFOENABLE false] [LIGHT_OS false]
2025-03-15 11:57:13.168 21588-21588 AutofillManager         com.example.whatsuit                 D  view not autofillable - not passing ime action check
2025-03-15 11:57:13.168 21588-21588 OplusCursorFeedback     com.example.whatsuit                 D  editorDetachFromWindow android.widget.Editor@a801681
2025-03-15 11:57:13.169 21588-21588 AutofillManager         com.example.whatsuit                 D  view not autofillable - not passing ime action check
2025-03-15 11:57:14.027 21588-21588 ScrollIdentify          com.example.whatsuit                 I  on fling
2025-03-15 11:57:14.027 21588-21588 ViewRootImplExtImpl     com.example.whatsuit                 D  the up motion event handled by client, just return
2025-03-15 11:57:14.652 21588-21588 ViewRootImplExtImpl     com.example.whatsuit                 D  the up motion event handled by client, just return
2025-03-15 11:57:14.664 21588-21588 AutofillManager         com.example.whatsuit                 D  view not autofillable - not passing ime action check
2025-03-15 11:57:14.664 21588-21588 AutofillManager         com.example.whatsuit                 D  view not autofillable - not passing ime action check
2025-03-15 11:57:14.667 21588-21588 oplus.andr...actoryImpl com.example.whatsuit                 I  get feature:IOplusDynamicVsyncFeature
2025-03-15 11:57:14.668 21588-21588 oplus.andr...actoryImpl com.example.whatsuit                 I  get feature:IOplusDynamicVsyncFeature
2025-03-15 11:57:14.668 21588-21588 oplus.andr...actoryImpl com.example.whatsuit                 I  get feature:IOplusDynamicVsyncFeature
2025-03-15 11:57:14.668 21588-21588 OplusViewDebugManager   com.example.whatsuit                 D  OplusViewDebugManager Constructor android.view.debug.OplusViewDebugManager@eb9333c [mHasViewDebugProperty true] [mHasMsgDebugProperty false] [DEBUG false] [EXTRAINFOENABLE false] [LIGHT_OS false]
2025-03-15 11:57:14.668 21588-21588 OplusViewDebugManager   com.example.whatsuit                 D  OplusViewDebugManager Constructor android.view.debug.OplusViewDebugManager@edf48c5 [mHasViewDebugProperty true] [mHasMsgDebugProperty false] [DEBUG false] [EXTRAINFOENABLE false] [LIGHT_OS false]
2025-03-15 11:57:14.828 21588-21588 OplusCursorFeedback     com.example.whatsuit                 D  editorDetachFromWindow android.widget.Editor@62412e3
2025-03-15 11:57:17.885 21588-21588 ScrollIdentify          com.example.whatsuit                 I  on fling
2025-03-15 11:57:17.885 21588-21588 ViewRootImplExtImpl     com.example.whatsuit                 D  the up motion event handled by client, just return
2025-03-15 11:57:19.034 21588-21588 ScrollIdentify          com.example.whatsuit                 I  on fling
2025-03-15 11:57:19.034 21588-21588 ViewRootImplExtImpl     com.example.whatsuit                 D  the up motion event handled by client, just return
2025-03-15 11:57:19.793 21588-21588 ScrollIdentify          com.example.whatsuit                 I  on fling
2025-03-15 11:57:19.793 21588-21588 ViewRootImplExtImpl     com.example.whatsuit                 D  the up motion event handled by client, just return
2025-03-15 11:57:20.560 21588-21588 Activity                com.example.whatsuit                 D  dispatchKeyEvent to com.example.whatsuit.NotificationDetailActivity@d8ba81c will call onBackPressed
2025-03-15 11:57:20.561 21588-21588 Activity                com.example.whatsuit                 D  com.example.whatsuit.NotificationDetailActivity@d8ba81conBackPressed!
2025-03-15 11:57:20.572 21588-21588 ScrollOpti...neManager] com.example.whatsuit                 D  updateCurrentActivity: mCurrentActivityName=null, isOptEnable=true, isAnimAheadEnable=true, isFrameInsertEnable=true, InsertNum=1, isEnabledForScrollChanged=false
2025-03-15 11:57:20.576 21588-22155 VRI[MainActivity]       com.example.whatsuit                 D  dispatchAppVisibility visible:true
2025-03-15 11:57:20.585 21588-21588 VRI[MainActivity]       com.example.whatsuit                 D  setWindowStopped stopped:false
2025-03-15 11:57:20.588 21588-21588 ScrollOpti...neManager] com.example.whatsuit                 D  updateCurrentActivity: mCurrentActivityName=com.example.whatsuit.MainActivity, isOptEnable=true, isAnimAheadEnable=true, isFrameInsertEnable=true, InsertNum=1, isEnabledForScrollChanged=false
2025-03-15 11:57:20.588 21588-21588 ActivityThread          com.example.whatsuit                 D  ComponentInfo{com.example.whatsuit/com.example.whatsuit.MainActivity} checkFinished=false 2
2025-03-15 11:57:20.588 21588-21588 ResourcesManagerExtImpl com.example.whatsuit                 D  applyConfigurationToAppResourcesLocked app.getDisplayId() return callback.displayId:0
2025-03-15 11:57:20.593 21588-21588 MainActivity            com.example.whatsuit                 D  Toggled notification listener service
2025-03-15 11:57:20.595 21588-21588 MainActivity            com.example.whatsuit                 D  Ensuring notification service is running
2025-03-15 11:57:20.597 21588-21588 VRI[Notifi...lActivity] com.example.whatsuit                 D  onFocusEvent false
2025-03-15 11:57:20.598 21588-21588 ViewRootImplExtImpl     com.example.whatsuit                 D  wrapConfigInfoIntoFlags rotation=0, smallestScreenWidthDp=354, relayoutAsync=false, flags=0, newFlags=23199744, residentWS=false, title=com.example.whatsuit/com.example.whatsuit.MainActivity
2025-03-15 11:57:20.606 21588-21588 VRI[MainActivity]       com.example.whatsuit                 D  relayoutWindow result, sizeChanged:false, surfaceControlChanged:true, transformHintChanged:false, mSurfaceSize:Point(1240, 2772), mLastSurfaceSize:Point(1240, 2772), mWidth:1240, mHeight:2772, requestedWidth:1240, requestedHeight:2772, transformHint:0, installOrientation:0, displayRotation:0, isSurfaceValid:true, attr.flag:-2122252032, tmpFrames:ClientWindowFrames{frame=[0,0][1240,2772] display=[0,0][1240,2772] parentFrame=[0,0][0,0]}, relayoutAsync:false, mSyncSeqId:0
2025-03-15 11:57:20.606 21588-21588 VRI[MainActivity]       com.example.whatsuit                 W  updateBlastSurfaceIfNeeded, surfaceSize:Point(1240, 2772), lastSurfaceSize:Point(1240, 2772), format:-1, blastBufferQueue:null
2025-03-15 11:57:20.606 21588-21588 BufferQueueConsumer     com.example.whatsuit                 D  [](id:545400000018,api:0,p:-1,c:21588) connect: controlledByApp=false
2025-03-15 11:57:20.609 21588-21588 SurfaceControl          com.example.whatsuit                 I   setExtendedRangeBrightness sc=Surface(name=com.example.whatsuit/com.example.whatsuit.MainActivity)/@0xb1aa9fc,currentBufferRatio=1.0,desiredRatio=1.0
2025-03-15 11:57:20.629 21588-22048 BLASTBufferQueue        com.example.whatsuit                 D  [VRI[MainActivity]#24](f:0,a:1) acquireNextBufferLocked size=1240x2772 mFrameNumber=1 applyTransaction=true mTimestamp=308442747372537(auto) mPendingTransactions.size=0 graphicBufferId=92719753986155 transform=0
2025-03-15 11:57:20.630 21588-22048 VRI[MainActivity]       com.example.whatsuit                 D  Received frameCommittedCallback lastAttemptedDrawFrameNum=1 didProduceBuffer=true syncBuffer=false
2025-03-15 11:57:20.630 21588-21588 VRI[MainActivity]       com.example.whatsuit                 D  draw finished. seqId=0
2025-03-15 11:57:20.631 21588-21588 ViewRootImplExtImpl     com.example.whatsuit                 D  setMaxDequeuedBufferCount: 2
2025-03-15 11:57:20.664 21588-21588 VRI[MainActivity]       com.example.whatsuit                 D  onFocusEvent true
2025-03-15 11:57:21.009 21588-22154 VRI[Notifi...lActivity] com.example.whatsuit                 D  dispatchAppVisibility visible:false
2025-03-15 11:57:21.010 21588-21588 VRI[Notifi...lActivity] com.example.whatsuit                 D  visibilityChanged oldVisibility=true newVisibility=false
2025-03-15 11:57:21.014 21588-21588 AutofillManager         com.example.whatsuit                 D  view not autofillable - not passing ime action check
2025-03-15 11:57:21.015 21588-21588 HWUI                    com.example.whatsuit                 D  RenderProxy::destroy: this=0xb400006ec3739e00, mContext=0xb400006e2ddd0040
2025-03-15 11:57:21.015 21588-22048 HWUI                    com.example.whatsuit                 D  SkiaOpenGLPipeline::setSurface: this=0xb400006e270c7a00, surface=NULL
2025-03-15 11:57:21.016 21588-21588 ViewRootImplExtImpl     com.example.whatsuit                 D  wrapConfigInfoIntoFlags rotation=0, smallestScreenWidthDp=354, relayoutAsync=false, flags=0, newFlags=23199744, residentWS=false, title=com.example.whatsuit/com.example.whatsuit.NotificationDetailActivity
2025-03-15 11:57:21.026 21588-21588 VRI[Notifi...lActivity] com.example.whatsuit                 D  relayoutWindow result, sizeChanged:false, surfaceControlChanged:true, transformHintChanged:false, mSurfaceSize:Point(1240, 2772), mLastSurfaceSize:Point(1240, 2772), mWidth:1240, mHeight:2772, requestedWidth:1240, requestedHeight:2772, transformHint:0, installOrientation:0, displayRotation:0, isSurfaceValid:false, attr.flag:-2122252032, tmpFrames:ClientWindowFrames{frame=[0,0][1240,2772] display=[0,0][1240,2772] parentFrame=[0,0][0,0]}, relayoutAsync:false, mSyncSeqId:0
2025-03-15 11:57:21.027 21588-21588 BLASTBufferQueue        com.example.whatsuit                 D  [VRI[NotificationDetailActivity]#23](f:0,a:1) destructor()
2025-03-15 11:57:21.027 21588-21588 BufferQueueConsumer     com.example.whatsuit                 D  [VRI[NotificationDetailActivity]#23(BLAST Consumer)23](id:545400000017,api:0,p:-1,c:21588) disconnect
2025-03-15 11:57:21.031 21588-21588 VRI[Notifi...lActivity] com.example.whatsuit                 D  setWindowStopped stopped:true
2025-03-15 11:57:21.039 21588-21588 OplusCursorFeedback     com.example.whatsuit                 D  editorDetachFromWindow android.widget.Editor@a801681
2025-03-15 11:57:21.039 21588-21588 AutofillManager         com.example.whatsuit                 D  view not autofillable - not passing ime action check
2025-03-15 11:57:21.042 21588-21588 OplusScrollToTopManager com.example.whatsuit                 D  com.example.whatsuit/com.example.whatsuit.NotificationDetailActivity,window dying
2025-03-15 11:57:21.042 21588-21588 OplusScrollToTopManager com.example.whatsuit                 D  com.example.whatsuit/com.example.whatsuit.NotificationDetailActivity,unregisterSystemUIBroadcastReceiver 
2025-03-15 11:57:21.043 21588-21588 OplusScrollToTopManager com.example.whatsuit                 D  com.example.whatsuit/com.example.whatsuit.NotificationDetailActivity, unregisterSystemUIBroadcastReceiver failed java.lang.IllegalArgumentException: Receiver not registered: android.view.OplusScrollToTopManager$2@b2018b6
2025-03-15 11:57:21.043 21588-21588 WindowOnBackDispatcher  com.example.whatsuit                 W  sendCancelIfRunning: isInProgress=false callback=android.view.ViewRootImpl$$ExternalSyntheticLambda11@e485f74
2025-03-15 11:57:21.043 21588-21588 HWUI                    com.example.whatsuit                 D  RenderProxy::destroy: this=0xb400006ec3739e00, mContext=0xb400006e2ddd0040
2025-03-15 11:57:21.044 21588-22048 HWUI                    com.example.whatsuit                 D  SkiaOpenGLPipeline::setSurface: this=0xb400006e270c7a00, surface=NULL
2025-03-15 11:57:21.666 21588-22055 OplusScrollToTopManager com.example.whatsuit                 D  com.example.whatsuit/com.example.whatsuit.MainActivity,This com.android.internal.policy.DecorView{f98e2b8 V.E...... R....... 0,0-1240,2772 aid=7 alpha=1.0 viewInfo = }[MainActivity] change focus to true
2025-03-15 11:57:26.037 21588-21588 OplusViewDebugManager   com.example.whatsuit                 D  OplusViewDebugManager Constructor android.view.debug.OplusViewDebugManager@e5888e [mHasViewDebugProperty true] [mHasMsgDebugProperty false] [DEBUG false] [EXTRAINFOENABLE false] [LIGHT_OS false]
2025-03-15 11:57:26.037 21588-21588 OplusViewDebugManager   com.example.whatsuit                 D  OplusViewDebugManager Constructor android.view.debug.OplusViewDebugManager@d2a98af [mHasViewDebugProperty true] [mHasMsgDebugProperty false] [DEBUG false] [EXTRAINFOENABLE false] [LIGHT_OS false]
2025-03-15 11:57:26.037 21588-21588 ScrollIdentify          com.example.whatsuit                 I  on fling
2025-03-15 11:57:26.037 21588-21588 ViewRootImplExtImpl     com.example.whatsuit                 D  the up motion event handled by client, just return
2025-03-15 11:57:27.117 21588-21588 ScrollIdentify          com.example.whatsuit                 I  on fling
2025-03-15 11:57:27.117 21588-21588 ViewRootImplExtImpl     com.example.whatsuit                 D  the up motion event handled by client, just return
2025-03-15 11:57:28.822 21588-21588 ViewRootImplExtImpl     com.example.whatsuit                 D  the up motion event handled by client, just return
2025-03-15 11:57:29.469 21588-21588 ViewRootImplExtImpl     com.example.whatsuit                 D  the up motion event handled by client, just return
2025-03-15 11:57:30.435 21588-21588 ViewRootImplExtImpl     com.example.whatsuit                 D  the up motion event handled by client, just return
2025-03-15 11:57:30.459 21588-21588 ScrollOpti...neManager] com.example.whatsuit                 D  updateCurrentActivity: mCurrentActivityName=null, isOptEnable=true, isAnimAheadEnable=true, isFrameInsertEnable=true, InsertNum=1, isEnabledForScrollChanged=false
2025-03-15 11:57:30.468 21588-25187 libMEOW                 com.example.whatsuit                 D  meow new tls: 0xb400006f54f62900
2025-03-15 11:57:30.469 21588-25187 libMEOW                 com.example.whatsuit                 D  applied 1 plugins for [com.example.whatsuit]:
2025-03-15 11:57:30.469 21588-25187 libMEOW                 com.example.whatsuit                 D    plugin 1: [libMEOW_gift.so]: 0xb400006f0ca42d80
2025-03-15 11:57:30.469 21588-25187 libMEOW                 com.example.whatsuit                 D  rebuild call chain: 0xb400006f54f71040
2025-03-15 11:57:30.469 21588-25187 libMEOW                 com.example.whatsuit                 D  meow delete tls: 0xb400006f54f62900
2025-03-15 11:57:30.470 21588-21588 ResourcesManagerExtImpl com.example.whatsuit                 D  applyConfigurationToAppResourcesLocked app.getDisplayId() return callback.displayId:0
2025-03-15 11:57:30.492 21588-21588 oplus.andr...actoryImpl com.example.whatsuit                 I  get feature:IOplusDynamicVsyncFeature
2025-03-15 11:57:30.492 21588-21588 oplus.andr...actoryImpl com.example.whatsuit                 I  get feature:IOplusDynamicVsyncFeature
2025-03-15 11:57:30.492 21588-21588 oplus.andr...actoryImpl com.example.whatsuit                 I  get feature:IOplusDynamicVsyncFeature
2025-03-15 11:57:30.494 21588-21588 oplus.andr...actoryImpl com.example.whatsuit                 I  get feature:IOplusDynamicVsyncFeature
2025-03-15 11:57:30.494 21588-21588 oplus.andr...actoryImpl com.example.whatsuit                 I  get feature:IOplusDynamicVsyncFeature
2025-03-15 11:57:30.494 21588-21588 oplus.andr...actoryImpl com.example.whatsuit                 I  get feature:IOplusDynamicVsyncFeature
2025-03-15 11:57:30.503 21588-21588 ScrollOpti...neManager] com.example.whatsuit                 D  updateCurrentActivity: mCurrentActivityName=com.example.whatsuit.NotificationDetailActivity, isOptEnable=true, isAnimAheadEnable=true, isFrameInsertEnable=true, InsertNum=1, isEnabledForScrollChanged=false
2025-03-15 11:57:30.503 21588-21588 ActivityThread          com.example.whatsuit                 D  ComponentInfo{com.example.whatsuit/com.example.whatsuit.NotificationDetailActivity} checkFinished=false 2
2025-03-15 11:57:30.503 21588-21588 ResourcesManagerExtImpl com.example.whatsuit                 D  applyConfigurationToAppResourcesLocked app.getDisplayId() return callback.displayId:0
2025-03-15 11:57:30.505 21588-21588 WindowManager           com.example.whatsuit                 D  Add to mViews: com.android.internal.policy.DecorView{7274061 I.E...... R.....ID 0,0-0,0 alpha=1.0 viewInfo = }[NotificationDetailActivity],pkg= com.example.whatsuit
2025-03-15 11:57:30.505 21588-22048 skia                    com.example.whatsuit                 D  setRusSupported enable 0
2025-03-15 11:57:30.509 21588-21588 ViewRootImplExtImpl     com.example.whatsuit                 D  onDisplayChanged -1 for VRI android.view.ViewRootImpl@868e874
2025-03-15 11:57:30.510 21588-21588 VRI[MainActivity]       com.example.whatsuit                 D  onFocusEvent false
2025-03-15 11:57:30.510 21588-21588 ResourcesManagerExtImpl com.example.whatsuit                 D  applyConfigurationToAppResourcesLocked app.getDisplayId() return callback.displayId:0
2025-03-15 11:57:30.511 21588-21588 OplusBracketLog         com.example.whatsuit                 E  [OplusViewMirrorManager] updateHostViewRootIfNeeded, not support android.view.ViewRootImpl@868e874
2025-03-15 11:57:30.514 21588-21588 ViewRootImplExtImpl     com.example.whatsuit                 D  wrapConfigInfoIntoFlags rotation=0, smallestScreenWidthDp=354, relayoutAsync=false, flags=0, newFlags=23199744, residentWS=false, title=com.example.whatsuit/com.example.whatsuit.NotificationDetailActivity
2025-03-15 11:57:30.522 21588-21588 VRI[Notifi...lActivity] com.example.whatsuit                 D  relayoutWindow result, sizeChanged:true, surfaceControlChanged:true, transformHintChanged:false, mSurfaceSize:Point(1240, 2772), mLastSurfaceSize:Point(0, 0), mWidth:-1, mHeight:-1, requestedWidth:1240, requestedHeight:2772, transformHint:0, installOrientation:0, displayRotation:0, isSurfaceValid:true, attr.flag:-2122252032, tmpFrames:ClientWindowFrames{frame=[0,0][1240,2772] display=[0,0][1240,2772] parentFrame=[0,0][0,0]}, relayoutAsync:false, mSyncSeqId:0
2025-03-15 11:57:30.522 21588-21588 VRI[Notifi...lActivity] com.example.whatsuit                 W  updateBlastSurfaceIfNeeded, surfaceSize:Point(1240, 2772), lastSurfaceSize:Point(0, 0), format:-1, blastBufferQueue:null
2025-03-15 11:57:30.522 21588-21588 BufferQueueConsumer     com.example.whatsuit                 D  [](id:545400000019,api:0,p:-1,c:21588) connect: controlledByApp=false
2025-03-15 11:57:30.535 21588-21588 oplus.andr...actoryImpl com.example.whatsuit                 I  get feature:IOplusDynamicVsyncFeature
2025-03-15 11:57:30.535 21588-21588 oplus.andr...actoryImpl com.example.whatsuit                 I  get feature:IOplusDynamicVsyncFeature
2025-03-15 11:57:30.535 21588-21588 oplus.andr...actoryImpl com.example.whatsuit                 I  get feature:IOplusDynamicVsyncFeature
2025-03-15 11:57:30.537 21588-21588 AutofillManager         com.example.whatsuit                 D  view not autofillable - not passing ime action check
2025-03-15 11:57:30.537 21588-21588 AutofillManager         com.example.whatsuit                 D  view not autofillable - not passing ime action check
2025-03-15 11:57:30.541 21588-21588 SurfaceControl          com.example.whatsuit                 I   setExtendedRangeBrightness sc=Surface(name=com.example.whatsuit/com.example.whatsuit.NotificationDetailActivity)/@0x10cd115,currentBufferRatio=1.0,desiredRatio=1.0
2025-03-15 11:57:30.548 21588-22048 BLASTBufferQueue        com.example.whatsuit                 D  [VRI[NotificationDetailActivity]#25](f:0,a:1) acquireNextBufferLocked size=1240x2772 mFrameNumber=1 applyTransaction=true mTimestamp=308452665875615(auto) mPendingTransactions.size=0 graphicBufferId=92719753986159 transform=0
2025-03-15 11:57:30.548 21588-22048 VRI[Notifi...lActivity] com.example.whatsuit                 D  Received frameCommittedCallback lastAttemptedDrawFrameNum=1 didProduceBuffer=true syncBuffer=false
2025-03-15 11:57:30.548 21588-21588 VRI[Notifi...lActivity] com.example.whatsuit                 D  draw finished. seqId=0
2025-03-15 11:57:30.549 21588-21588 ViewRootImplExtImpl     com.example.whatsuit                 D  setMaxDequeuedBufferCount: 2
2025-03-15 11:57:30.555 21588-21588 VRI[Notifi...lActivity] com.example.whatsuit                 W  handleResized, msg:, frameChanged:false, configChanged:false, displayChanged:false, attachedFrameChanged:false, compatScaleChanged:false, pendingDragResizing=false
2025-03-15 11:57:30.560 21588-22048 VRI[Notifi...lActivity] com.example.whatsuit                 D  Received frameCommittedCallback lastAttemptedDrawFrameNum=2 didProduceBuffer=true syncBuffer=false
2025-03-15 11:57:30.560 21588-21588 VRI[Notifi...lActivity] com.example.whatsuit                 D  draw finished. seqId=0
2025-03-15 11:57:30.631 21588-21588 VRI[Notifi...lActivity] com.example.whatsuit                 D  onFocusEvent true
2025-03-15 11:57:30.642 21588-21588 AutofillManager         com.example.whatsuit                 D  view not autofillable - not passing ime action check
2025-03-15 11:57:30.928 21588-21614 VRI[MainActivity]       com.example.whatsuit                 D  dispatchAppVisibility visible:false
2025-03-15 11:57:30.928 21588-21588 VRI[MainActivity]       com.example.whatsuit                 D  visibilityChanged oldVisibility=true newVisibility=false
2025-03-15 11:57:30.934 21588-21588 HWUI                    com.example.whatsuit                 D  RenderProxy::destroy: this=0xb400006e26fc5900, mContext=0xb400006f53845600
2025-03-15 11:57:30.934 21588-22048 HWUI                    com.example.whatsuit                 D  SkiaOpenGLPipeline::setSurface: this=0xb400006f1fc73600, surface=NULL
2025-03-15 11:57:30.935 21588-21588 ViewRootImplExtImpl     com.example.whatsuit                 D  wrapConfigInfoIntoFlags rotation=0, smallestScreenWidthDp=354, relayoutAsync=false, flags=0, newFlags=23199744, residentWS=false, title=com.example.whatsuit/com.example.whatsuit.MainActivity
2025-03-15 11:57:30.941 21588-21588 VRI[MainActivity]       com.example.whatsuit                 D  relayoutWindow result, sizeChanged:false, surfaceControlChanged:true, transformHintChanged:false, mSurfaceSize:Point(1240, 2772), mLastSurfaceSize:Point(1240, 2772), mWidth:1240, mHeight:2772, requestedWidth:1240, requestedHeight:2772, transformHint:0, installOrientation:0, displayRotation:0, isSurfaceValid:false, attr.flag:-2122252032, tmpFrames:ClientWindowFrames{frame=[0,0][1240,2772] display=[0,0][1240,2772] parentFrame=[0,0][0,0]}, relayoutAsync:false, mSyncSeqId:0
2025-03-15 11:57:30.941 21588-21588 BLASTBufferQueue        com.example.whatsuit                 D  [VRI[MainActivity]#24](f:0,a:1) destructor()
2025-03-15 11:57:30.941 21588-21588 BufferQueueConsumer     com.example.whatsuit                 D  [VRI[MainActivity]#24(BLAST Consumer)24](id:545400000018,api:0,p:-1,c:21588) disconnect
2025-03-15 11:57:30.942 21588-21588 VRI[MainActivity]       com.example.whatsuit                 D  setWindowStopped stopped:true
2025-03-15 11:57:30.944 21588-21588 ViewRootImplExtImpl     com.example.whatsuit                 D  wrapConfigInfoIntoFlags rotation=0, smallestScreenWidthDp=354, relayoutAsync=false, flags=0, newFlags=23199744, residentWS=false, title=com.example.whatsuit/com.example.whatsuit.MainActivity
2025-03-15 11:57:30.949 21588-21588 VRI[MainActivity]       com.example.whatsuit                 D  relayoutWindow result, sizeChanged:false, surfaceControlChanged:true, transformHintChanged:false, mSurfaceSize:Point(1240, 2772), mLastSurfaceSize:Point(1240, 2772), mWidth:1240, mHeight:2772, requestedWidth:1240, requestedHeight:2772, transformHint:0, installOrientation:0, displayRotation:0, isSurfaceValid:false, attr.flag:-2122252032, tmpFrames:ClientWindowFrames{frame=[0,0][1240,2772] display=[0,0][1240,2772] parentFrame=[0,0][0,0]}, relayoutAsync:false, mSyncSeqId:0
2025-03-15 11:57:31.555 21588-22055 OplusScrollToTopManager com.example.whatsuit                 D  com.example.whatsuit/com.example.whatsuit.MainActivity,This com.android.internal.policy.DecorView{f98e2b8 I.E...... R.....ID 0,0-1240,2772 aid=7 alpha=1.0 viewInfo = }[MainActivity] change focus to false
2025-03-15 11:57:31.641 21588-22055 OplusScrollToTopManager com.example.whatsuit                 D  com.example.whatsuit/com.example.whatsuit.NotificationDetailActivity,This com.android.internal.policy.DecorView{7274061 V.E...... R....... 0,0-1240,2772 aid=9 alpha=1.0 viewInfo = }[NotificationDetailActivity] change focus to true
2025-03-15 11:57:31.869 21588-21588 ViewRootImplExtImpl     com.example.whatsuit                 D  the up motion event handled by client, just return
2025-03-15 11:57:31.879 21588-21588 Activity                com.example.whatsuit                 D  com.example.whatsuit.NotificationDetailActivity@2786b76onBackPressed!
2025-03-15 11:57:31.890 21588-21588 ScrollOpti...neManager] com.example.whatsuit                 D  updateCurrentActivity: mCurrentActivityName=null, isOptEnable=true, isAnimAheadEnable=true, isFrameInsertEnable=true, InsertNum=1, isEnabledForScrollChanged=false
2025-03-15 11:57:31.894 21588-21614 VRI[MainActivity]       com.example.whatsuit                 D  dispatchAppVisibility visible:true
2025-03-15 11:57:31.904 21588-21588 VRI[MainActivity]       com.example.whatsuit                 D  setWindowStopped stopped:false
2025-03-15 11:57:31.906 21588-21588 ScrollOpti...neManager] com.example.whatsuit                 D  updateCurrentActivity: mCurrentActivityName=com.example.whatsuit.MainActivity, isOptEnable=true, isAnimAheadEnable=true, isFrameInsertEnable=true, InsertNum=1, isEnabledForScrollChanged=false
2025-03-15 11:57:31.906 21588-21588 ActivityThread          com.example.whatsuit                 D  ComponentInfo{com.example.whatsuit/com.example.whatsuit.MainActivity} checkFinished=false 2
2025-03-15 11:57:31.906 21588-21588 ResourcesManagerExtImpl com.example.whatsuit                 D  applyConfigurationToAppResourcesLocked app.getDisplayId() return callback.displayId:0
2025-03-15 11:57:31.909 21588-21588 MainActivity            com.example.whatsuit                 D  Toggled notification listener service
2025-03-15 11:57:31.911 21588-21588 MainActivity            com.example.whatsuit                 D  Ensuring notification service is running
2025-03-15 11:57:31.915 21588-21588 ViewRootImplExtImpl     com.example.whatsuit                 D  wrapConfigInfoIntoFlags rotation=0, smallestScreenWidthDp=354, relayoutAsync=false, flags=0, newFlags=23199744, residentWS=false, title=com.example.whatsuit/com.example.whatsuit.MainActivity
2025-03-15 11:57:31.926 21588-21588 VRI[MainActivity]       com.example.whatsuit                 D  relayoutWindow result, sizeChanged:false, surfaceControlChanged:true, transformHintChanged:false, mSurfaceSize:Point(1240, 2772), mLastSurfaceSize:Point(1240, 2772), mWidth:1240, mHeight:2772, requestedWidth:1240, requestedHeight:2772, transformHint:0, installOrientation:0, displayRotation:0, isSurfaceValid:true, attr.flag:-2122252032, tmpFrames:ClientWindowFrames{frame=[0,0][1240,2772] display=[0,0][1240,2772] parentFrame=[0,0][0,0]}, relayoutAsync:false, mSyncSeqId:0
2025-03-15 11:57:31.926 21588-21588 VRI[MainActivity]       com.example.whatsuit                 W  updateBlastSurfaceIfNeeded, surfaceSize:Point(1240, 2772), lastSurfaceSize:Point(1240, 2772), format:-1, blastBufferQueue:null
2025-03-15 11:57:31.926 21588-21588 BufferQueueConsumer     com.example.whatsuit                 D  [](id:54540000001a,api:0,p:-1,c:21588) connect: controlledByApp=false
2025-03-15 11:57:31.928 21588-21588 SurfaceControl          com.example.whatsuit                 I   setExtendedRangeBrightness sc=Surface(name=com.example.whatsuit/com.example.whatsuit.MainActivity)/@0xb1aa9fc,currentBufferRatio=1.0,desiredRatio=1.0
2025-03-15 11:57:31.953 21588-22048 BLASTBufferQueue        com.example.whatsuit                 D  [VRI[MainActivity]#26](f:0,a:1) acquireNextBufferLocked size=1240x2772 mFrameNumber=1 applyTransaction=true mTimestamp=308454071048461(auto) mPendingTransactions.size=0 graphicBufferId=92719753986163 transform=0
2025-03-15 11:57:31.954 21588-22048 VRI[MainActivity]       com.example.whatsuit                 D  Received frameCommittedCallback lastAttemptedDrawFrameNum=1 didProduceBuffer=true syncBuffer=false
2025-03-15 11:57:31.955 21588-21588 VRI[MainActivity]       com.example.whatsuit                 D  draw finished. seqId=0
2025-03-15 11:57:31.956 21588-21588 ViewRootImplExtImpl     com.example.whatsuit                 D  setMaxDequeuedBufferCount: 2
2025-03-15 11:57:31.956 21588-21588 VRI[Notifi...lActivity] com.example.whatsuit                 D  onFocusEvent false
2025-03-15 11:57:31.978 21588-21588 VRI[MainActivity]       com.example.whatsuit                 D  onFocusEvent true
2025-03-15 11:57:32.012 21588-21588 VRI[MainActivity]       com.example.whatsuit                 W  handleResized abandoned!
2025-03-15 11:57:32.045 21588-21588 xample.whatsuit         com.example.whatsuit                 I  _Desupression native alloc gc_urgency: 70138 native bytes: 74346901
2025-03-15 11:57:32.134 21588-22048 HWUI                    com.example.whatsuit                 D  SkiaOpenGLPipeline::setSurface: this=0xb400006e270c7a00, surface=NULL
2025-03-15 11:57:32.339 21588-22154 VRI[Notifi...lActivity] com.example.whatsuit                 D  dispatchAppVisibility visible:false
2025-03-15 11:57:32.339 21588-21588 VRI[Notifi...lActivity] com.example.whatsuit                 D  visibilityChanged oldVisibility=true newVisibility=false
2025-03-15 11:57:32.346 21588-21588 AutofillManager         com.example.whatsuit                 D  view not autofillable - not passing ime action check
2025-03-15 11:57:32.348 21588-21588 HWUI                    com.example.whatsuit                 D  RenderProxy::destroy: this=0xb400006f510c3900, mContext=0xb400006e274d0300
2025-03-15 11:57:32.348 21588-22048 HWUI                    com.example.whatsuit                 D  SkiaOpenGLPipeline::setSurface: this=0xb400006f4c21b200, surface=NULL
2025-03-15 11:57:32.349 21588-21588 ViewRootImplExtImpl     com.example.whatsuit                 D  wrapConfigInfoIntoFlags rotation=0, smallestScreenWidthDp=354, relayoutAsync=false, flags=0, newFlags=23199744, residentWS=false, title=com.example.whatsuit/com.example.whatsuit.NotificationDetailActivity
2025-03-15 11:57:32.354 21588-21588 VRI[Notifi...lActivity] com.example.whatsuit                 D  relayoutWindow result, sizeChanged:false, surfaceControlChanged:true, transformHintChanged:false, mSurfaceSize:Point(1240, 2772), mLastSurfaceSize:Point(1240, 2772), mWidth:1240, mHeight:2772, requestedWidth:1240, requestedHeight:2772, transformHint:0, installOrientation:0, displayRotation:0, isSurfaceValid:false, attr.flag:-2122252032, tmpFrames:ClientWindowFrames{frame=[0,0][1240,2772] display=[0,0][1240,2772] parentFrame=[0,0][0,0]}, relayoutAsync:false, mSyncSeqId:0
2025-03-15 11:57:32.355 21588-21588 BLASTBufferQueue        com.example.whatsuit                 D  [VRI[NotificationDetailActivity]#25](f:0,a:1) destructor()
2025-03-15 11:57:32.355 21588-21588 BufferQueueConsumer     com.example.whatsuit                 D  [VRI[NotificationDetailActivity]#25(BLAST Consumer)25](id:545400000019,api:0,p:-1,c:21588) disconnect
2025-03-15 11:57:32.356 21588-21588 VRI[Notifi...lActivity] com.example.whatsuit                 D  setWindowStopped stopped:true
2025-03-15 11:57:32.360 21588-21588 OplusCursorFeedback     com.example.whatsuit                 D  editorDetachFromWindow android.widget.Editor@ca59dea
2025-03-15 11:57:32.360 21588-21588 AutofillManager         com.example.whatsuit                 D  view not autofillable - not passing ime action check
2025-03-15 11:57:32.365 21588-21588 OplusScrollToTopManager com.example.whatsuit                 D  com.example.whatsuit/com.example.whatsuit.NotificationDetailActivity,window dying
2025-03-15 11:57:32.365 21588-21588 OplusScrollToTopManager com.example.whatsuit                 D  com.example.whatsuit/com.example.whatsuit.NotificationDetailActivity,unregisterSystemUIBroadcastReceiver 
2025-03-15 11:57:32.365 21588-21588 OplusScrollToTopManager com.example.whatsuit                 D  com.example.whatsuit/com.example.whatsuit.NotificationDetailActivity, unregisterSystemUIBroadcastReceiver failed java.lang.IllegalArgumentException: Receiver not registered: android.view.OplusScrollToTopManager$2@3b507b7
2025-03-15 11:57:32.365 21588-21588 WindowOnBackDispatcher  com.example.whatsuit                 W  sendCancelIfRunning: isInProgress=false callback=android.view.ViewRootImpl$$ExternalSyntheticLambda11@6d8a15e
2025-03-15 11:57:32.366 21588-21588 HWUI                    com.example.whatsuit                 D  RenderProxy::destroy: this=0xb400006f510c3900, mContext=0xb400006e274d0300
2025-03-15 11:57:32.366 21588-22048 HWUI                    com.example.whatsuit                 D  SkiaOpenGLPipeline::setSurface: this=0xb400006f4c21b200, surface=NULL
2025-03-15 11:57:32.983 21588-22055 OplusScrollToTopManager com.example.whatsuit                 D  com.example.whatsuit/com.example.whatsuit.MainActivity,This com.android.internal.policy.DecorView{f98e2b8 V.E...... R....... 0,0-1240,2772 aid=7 alpha=1.0 viewInfo = }[MainActivity] change focus to true
