2025-03-15 11:52:46.580 21588-21588 ViewRootImplExtImpl     com.example.whatsuit                 D  the up motion event handled by client, just return
2025-03-15 11:52:46.621 21588-21588 WindowManager           com.example.whatsuit                 D  Add to mViews: android.widget.PopupWindow$PopupDecorView{a54ea96 V.E...... R.....I. 0,0-0,0 alpha=1.0 viewInfo = },pkg= com.example.whatsuit
2025-03-15 11:52:46.621 21588-22048 skia                    com.example.whatsuit                 D  setRusSupported enable 0
2025-03-15 11:52:46.635 21588-21588 ViewRootImplExtImpl     com.example.whatsuit                 D  onDisplayChanged -1 for VRI android.view.ViewRootImpl@c922bed
2025-03-15 11:52:46.647 21588-21588 OplusBracketLog         com.example.whatsuit                 E  [OplusViewMirrorManager] updateHostViewRootIfNeeded, not support android.view.ViewRootImpl@c922bed
2025-03-15 11:52:46.658 21588-21588 BufferQueueConsumer     com.example.whatsuit                 D  [](id:545400000005,api:0,p:-1,c:21588) connect: controlledByApp=false
2025-03-15 11:52:46.671 21588-21588 SurfaceControl          com.example.whatsuit                 I   setExtendedRangeBrightness sc=Surface(name=PopupWindow:9fdc058)/@0x8567c34,currentBufferRatio=1.0,desiredRatio=1.0
2025-03-15 11:52:46.675 21588-22048 BLASTBufferQueue        com.example.whatsuit                 D  [VRI[PopupWindow:9fdc058]#5](f:0,a:1) acquireNextBufferLocked size=728x434 mFrameNumber=1 applyTransaction=true mTimestamp=308168792936136(auto) mPendingTransactions.size=0 graphicBufferId=92719753986071 transform=0
2025-03-15 11:52:46.675 21588-22048 VRI[PopupW...w:9fdc058] com.example.whatsuit                 D  Received frameCommittedCallback lastAttemptedDrawFrameNum=1 didProduceBuffer=true syncBuffer=false
2025-03-15 11:52:46.676 21588-21588 VRI[PopupW...w:9fdc058] com.example.whatsuit                 D  draw finished. seqId=0
2025-03-15 11:52:46.676 21588-21588 ViewRootImplExtImpl     com.example.whatsuit                 D  setMaxDequeuedBufferCount: 2
2025-03-15 11:52:46.677 21588-21588 VRI[MainActivity]       com.example.whatsuit                 D  onFocusEvent false
2025-03-15 11:52:46.683 21588-22048 VRI[PopupW...w:9fdc058] com.example.whatsuit                 D  Received frameCommittedCallback lastAttemptedDrawFrameNum=2 didProduceBuffer=true syncBuffer=false
2025-03-15 11:52:46.684 21588-21588 VRI[PopupW...w:9fdc058] com.example.whatsuit                 D  draw finished. seqId=0
2025-03-15 11:52:46.716 21588-21588 VRI[PopupW...w:9fdc058] com.example.whatsuit                 D  onFocusEvent true
2025-03-15 11:52:47.685 21588-22055 OplusScrollToTopManager com.example.whatsuit                 D  com.example.whatsuit/com.example.whatsuit.MainActivity,This com.android.internal.policy.DecorView{5a54bea V.E...... R....... 0,0-1240,2772 aid=0 alpha=1.0 viewInfo = }[MainActivity] change focus to false
2025-03-15 11:52:47.728 21588-22055 OplusScrollToTopManager com.example.whatsuit                 D  PopupWindow:9fdc058,This android.widget.PopupWindow$PopupDecorView{a54ea96 V.E...... R....... 0,0-686,392 alpha=1.0 viewInfo = } change focus to true
2025-03-15 11:52:47.956 21588-21588 ViewRootImplExtImpl     com.example.whatsuit                 D  the up motion event handled by client, just return
2025-03-15 11:52:47.999 21588-21588 WindowManager           com.example.whatsuit                 D  Add to mViews: android.widget.PopupWindow$PopupDecorView{10f722c V.E...... R.....I. 0,0-0,0 alpha=1.0 viewInfo = },pkg= com.example.whatsuit
2025-03-15 11:52:48.000 21588-22048 skia                    com.example.whatsuit                 D  setRusSupported enable 0
2025-03-15 11:52:48.015 21588-21588 ViewRootImplExtImpl     com.example.whatsuit                 D  onDisplayChanged -1 for VRI android.view.ViewRootImpl@e4430fb
2025-03-15 11:52:48.029 21588-21588 SurfaceControl          com.example.whatsuit                 I   setExtendedRangeBrightness sc=Surface(name=PopupWindow:9fdc058)/@0x8567c34,currentBufferRatio=1.0,desiredRatio=1.0
2025-03-15 11:52:48.031 21588-21588 OplusBracketLog         com.example.whatsuit                 E  [OplusViewMirrorManager] updateHostViewRootIfNeeded, not support android.view.ViewRootImpl@e4430fb
2025-03-15 11:52:48.047 21588-21588 BufferQueueConsumer     com.example.whatsuit                 D  [](id:545400000006,api:0,p:-1,c:21588) connect: controlledByApp=false
2025-03-15 11:52:48.082 21588-21588 SurfaceControl          com.example.whatsuit                 I   setExtendedRangeBrightness sc=Surface(name=PopupWindow:a4cfc7e)/@0x93a8806,currentBufferRatio=1.0,desiredRatio=1.0
2025-03-15 11:52:48.089 21588-22048 BLASTBufferQueue        com.example.whatsuit                 D  [VRI[PopupWindow:a4cfc7e]#6](f:0,a:1) acquireNextBufferLocked size=831x1106 mFrameNumber=1 applyTransaction=true mTimestamp=308170206306290(auto) mPendingTransactions.size=0 graphicBufferId=92719753986075 transform=0
2025-03-15 11:52:48.089 21588-22048 VRI[PopupW...w:a4cfc7e] com.example.whatsuit                 D  Received frameCommittedCallback lastAttemptedDrawFrameNum=1 didProduceBuffer=true syncBuffer=false
2025-03-15 11:52:48.090 21588-21588 VRI[PopupW...w:a4cfc7e] com.example.whatsuit                 D  draw finished. seqId=0
2025-03-15 11:52:48.090 21588-21588 ViewRootImplExtImpl     com.example.whatsuit                 D  setMaxDequeuedBufferCount: 2
2025-03-15 11:52:48.091 21588-21588 VRI[PopupW...w:9fdc058] com.example.whatsuit                 D  onFocusEvent false
2025-03-15 11:52:48.107 21588-22048 VRI[PopupW...w:a4cfc7e] com.example.whatsuit                 D  Received frameCommittedCallback lastAttemptedDrawFrameNum=2 didProduceBuffer=true syncBuffer=false
2025-03-15 11:52:48.108 21588-21588 VRI[PopupW...w:a4cfc7e] com.example.whatsuit                 D  draw finished. seqId=0
2025-03-15 11:52:48.119 21588-21588 VRI[PopupW...w:a4cfc7e] com.example.whatsuit                 D  onFocusEvent true
2025-03-15 11:52:48.397 21588-21588 OplusScrollToTopManager com.example.whatsuit                 D  PopupWindow:9fdc058,window dying
2025-03-15 11:52:48.398 21588-21588 OplusScrollToTopManager com.example.whatsuit                 D  PopupWindow:9fdc058,unregisterSystemUIBroadcastReceiver 
2025-03-15 11:52:48.398 21588-21588 OplusScrollToTopManager com.example.whatsuit                 D  PopupWindow:9fdc058, unregisterSystemUIBroadcastReceiver failed java.lang.IllegalArgumentException: Receiver not registered: android.view.OplusScrollToTopManager$2@15491de
2025-03-15 11:52:48.398 21588-21588 WindowOnBackDispatcher  com.example.whatsuit                 W  sendCancelIfRunning: isInProgress=false callback=android.view.ViewRootImpl$$ExternalSyntheticLambda11@d7299e9
2025-03-15 11:52:48.400 21588-21588 HWUI                    com.example.whatsuit                 D  RenderProxy::destroy: this=0xb400006e2737ec00, mContext=0xb400006e26f20e80
2025-03-15 11:52:48.400 21588-22048 HWUI                    com.example.whatsuit                 D  SkiaOpenGLPipeline::setSurface: this=0xb400006f66014180, surface=NULL
2025-03-15 11:52:48.405 21588-22048 HWUI                    com.example.whatsuit                 D  endAllActiveAnimators on 0xb400006e2e6c4a00 (MenuPopupWindow$MenuDropDownListView) with handle 0xb400006e26fd19c0
2025-03-15 11:52:48.405 21588-21588 BLASTBufferQueue        com.example.whatsuit                 D  [VRI[PopupWindow:9fdc058]#5](f:0,a:1) destructor()
2025-03-15 11:52:48.406 21588-21588 BufferQueueConsumer     com.example.whatsuit                 D  [VRI[PopupWindow:9fdc058]#5(BLAST Consumer)5](id:545400000005,api:0,p:-1,c:21588) disconnect
2025-03-15 11:52:49.127 21588-22055 OplusScrollToTopManager com.example.whatsuit                 D  PopupWindow:a4cfc7e,This android.widget.PopupWindow$PopupDecorView{10f722c V.E...... R....... 0,0-789,1064 alpha=1.0 viewInfo = } change focus to true
2025-03-15 11:52:49.202 21588-21588 ViewRootImplExtImpl     com.example.whatsuit                 D  the up motion event handled by client, just return
2025-03-15 11:52:49.239 21588-21588 SurfaceControl          com.example.whatsuit                 I   setExtendedRangeBrightness sc=Surface(name=PopupWindow:a4cfc7e)/@0x93a8806,currentBufferRatio=1.0,desiredRatio=1.0
2025-03-15 11:52:49.243 21588-21588 ScrollOpti...neManager] com.example.whatsuit                 D  updateCurrentActivity: mCurrentActivityName=null, isOptEnable=true, isAnimAheadEnable=true, isFrameInsertEnable=true, InsertNum=1, isEnabledForScrollChanged=false
2025-03-15 11:52:49.253 21588-21588 VRI[PopupW...w:a4cfc7e] com.example.whatsuit                 D  onFocusEvent false
2025-03-15 11:52:49.253 21588-21588 VRI[MainActivity]       com.example.whatsuit                 D  onFocusEvent true
2025-03-15 11:52:49.254 21588-22274 libMEOW                 com.example.whatsuit                 D  meow new tls: 0xb400006e2f29e340
2025-03-15 11:52:49.254 21588-22274 libMEOW                 com.example.whatsuit                 D  applied 1 plugins for [com.example.whatsuit]:
2025-03-15 11:52:49.254 21588-22274 libMEOW                 com.example.whatsuit                 D    plugin 1: [libMEOW_gift.so]: 0xb400006f0ca42d80
2025-03-15 11:52:49.254 21588-22274 libMEOW                 com.example.whatsuit                 D  rebuild call chain: 0xb400006e2f225b00
2025-03-15 11:52:49.254 21588-22274 libMEOW                 com.example.whatsuit                 D  meow delete tls: 0xb400006e2f29e340
2025-03-15 11:52:49.255 21588-21588 ResourcesManagerExtImpl com.example.whatsuit                 D  applyConfigurationToAppResourcesLocked app.getDisplayId() return callback.displayId:0
2025-03-15 11:52:49.288 21588-21588 oplus.andr...actoryImpl com.example.whatsuit                 I  get feature:IOplusDynamicVsyncFeature
2025-03-15 11:52:49.289 21588-21588 oplus.andr...actoryImpl com.example.whatsuit                 I  get feature:IOplusDynamicVsyncFeature
2025-03-15 11:52:49.289 21588-21588 oplus.andr...actoryImpl com.example.whatsuit                 I  get feature:IOplusDynamicVsyncFeature
2025-03-15 11:52:49.290 21588-21588 oplus.andr...actoryImpl com.example.whatsuit                 I  get feature:IOplusDynamicVsyncFeature
2025-03-15 11:52:49.290 21588-21588 oplus.andr...actoryImpl com.example.whatsuit                 I  get feature:IOplusDynamicVsyncFeature
2025-03-15 11:52:49.290 21588-21588 oplus.andr...actoryImpl com.example.whatsuit                 I  get feature:IOplusDynamicVsyncFeature
2025-03-15 11:52:49.294 21588-21588 ScrollOpti...neManager] com.example.whatsuit                 D  updateCurrentActivity: mCurrentActivityName=com.example.whatsuit.AutoReplySettingsActivity, isOptEnable=true, isAnimAheadEnable=true, isFrameInsertEnable=true, InsertNum=1, isEnabledForScrollChanged=false
2025-03-15 11:52:49.294 21588-21588 ActivityThread          com.example.whatsuit                 D  ComponentInfo{com.example.whatsuit/com.example.whatsuit.AutoReplySettingsActivity} checkFinished=false 2
2025-03-15 11:52:49.295 21588-21588 ResourcesManagerExtImpl com.example.whatsuit                 D  applyConfigurationToAppResourcesLocked app.getDisplayId() return callback.displayId:0
2025-03-15 11:52:49.296 21588-21588 WindowManager           com.example.whatsuit                 D  Add to mViews: com.android.internal.policy.DecorView{e734fdc I.E...... R.....ID 0,0-0,0 alpha=1.0 viewInfo = }[AutoReplySettingsActivity],pkg= com.example.whatsuit
2025-03-15 11:52:49.296 21588-22048 skia                    com.example.whatsuit                 D  setRusSupported enable 0
2025-03-15 11:52:49.300 21588-21588 ViewRootImplExtImpl     com.example.whatsuit                 D  onDisplayChanged -1 for VRI android.view.ViewRootImpl@7d38dc8
2025-03-15 11:52:49.301 21588-21588 VRI[MainActivity]       com.example.whatsuit                 D  onFocusEvent false
2025-03-15 11:52:49.301 21588-21588 ResourcesManagerExtImpl com.example.whatsuit                 D  applyConfigurationToAppResourcesLocked app.getDisplayId() return callback.displayId:0
2025-03-15 11:52:49.302 21588-21588 OplusBracketLog         com.example.whatsuit                 E  [OplusViewMirrorManager] updateHostViewRootIfNeeded, not support android.view.ViewRootImpl@7d38dc8
2025-03-15 11:52:49.307 21588-21588 ViewRootImplExtImpl     com.example.whatsuit                 D  wrapConfigInfoIntoFlags rotation=0, smallestScreenWidthDp=354, relayoutAsync=false, flags=0, newFlags=23199744, residentWS=false, title=com.example.whatsuit/com.example.whatsuit.AutoReplySettingsActivity
2025-03-15 11:52:49.314 21588-21588 VRI[AutoRe...sActivity] com.example.whatsuit                 D  relayoutWindow result, sizeChanged:true, surfaceControlChanged:true, transformHintChanged:false, mSurfaceSize:Point(1240, 2772), mLastSurfaceSize:Point(0, 0), mWidth:-1, mHeight:-1, requestedWidth:1240, requestedHeight:2772, transformHint:0, installOrientation:0, displayRotation:0, isSurfaceValid:true, attr.flag:-2122252032, tmpFrames:ClientWindowFrames{frame=[0,0][1240,2772] display=[0,0][1240,2772] parentFrame=[0,0][0,0]}, relayoutAsync:false, mSyncSeqId:0
2025-03-15 11:52:49.314 21588-21588 VRI[AutoRe...sActivity] com.example.whatsuit                 W  updateBlastSurfaceIfNeeded, surfaceSize:Point(1240, 2772), lastSurfaceSize:Point(0, 0), format:-1, blastBufferQueue:null
2025-03-15 11:52:49.314 21588-21588 BufferQueueConsumer     com.example.whatsuit                 D  [](id:545400000007,api:0,p:-1,c:21588) connect: controlledByApp=false
2025-03-15 11:52:49.317 21588-21588 SurfaceControl          com.example.whatsuit                 I   setExtendedRangeBrightness sc=Surface(name=com.example.whatsuit/com.example.whatsuit.AutoReplySettingsActivity)/@0x2c7b73f,currentBufferRatio=1.0,desiredRatio=1.0
2025-03-15 11:52:49.324 21588-22048 BLASTBufferQueue        com.example.whatsuit                 D  [VRI[AutoReplySettingsActivity]#7](f:0,a:1) acquireNextBufferLocked size=1240x2772 mFrameNumber=1 applyTransaction=true mTimestamp=308171442251829(auto) mPendingTransactions.size=0 graphicBufferId=92719753986077 transform=0
2025-03-15 11:52:49.324 21588-22048 VRI[AutoRe...sActivity] com.example.whatsuit                 D  Received frameCommittedCallback lastAttemptedDrawFrameNum=1 didProduceBuffer=true syncBuffer=false
2025-03-15 11:52:49.325 21588-21588 VRI[AutoRe...sActivity] com.example.whatsuit                 D  draw finished. seqId=0
2025-03-15 11:52:49.325 21588-21588 ViewRootImplExtImpl     com.example.whatsuit                 D  setMaxDequeuedBufferCount: 2
2025-03-15 11:52:49.332 21588-21588 VRI[AutoRe...sActivity] com.example.whatsuit                 W  handleResized, msg:, frameChanged:false, configChanged:false, displayChanged:false, attachedFrameChanged:false, compatScaleChanged:false, pendingDragResizing=false
2025-03-15 11:52:49.343 21588-22048 VRI[AutoRe...sActivity] com.example.whatsuit                 D  Received frameCommittedCallback lastAttemptedDrawFrameNum=3 didProduceBuffer=true syncBuffer=false
2025-03-15 11:52:49.344 21588-21588 VRI[AutoRe...sActivity] com.example.whatsuit                 D  draw finished. seqId=0
2025-03-15 11:52:49.344 21588-21588 VRI[AutoRe...sActivity] com.example.whatsuit                 D  onFocusEvent true
2025-03-15 11:52:49.552 21588-21588 OplusScrollToTopManager com.example.whatsuit                 D  PopupWindow:a4cfc7e,window dying
2025-03-15 11:52:49.552 21588-21588 OplusScrollToTopManager com.example.whatsuit                 D  PopupWindow:a4cfc7e,unregisterSystemUIBroadcastReceiver 
2025-03-15 11:52:49.552 21588-21588 OplusScrollToTopManager com.example.whatsuit                 D  PopupWindow:a4cfc7e, unregisterSystemUIBroadcastReceiver failed java.lang.IllegalArgumentException: Receiver not registered: android.view.OplusScrollToTopManager$2@4ec7427
2025-03-15 11:52:49.553 21588-21588 WindowOnBackDispatcher  com.example.whatsuit                 W  sendCancelIfRunning: isInProgress=false callback=android.view.ViewRootImpl$$ExternalSyntheticLambda11@88bdac4
2025-03-15 11:52:49.553 21588-21588 HWUI                    com.example.whatsuit                 D  RenderProxy::destroy: this=0xb400006e2737ef00, mContext=0xb400006f4c13e400
2025-03-15 11:52:49.553 21588-22048 HWUI                    com.example.whatsuit                 D  SkiaOpenGLPipeline::setSurface: this=0xb400006e2e6b9480, surface=NULL
2025-03-15 11:52:49.554 21588-22048 HWUI                    com.example.whatsuit                 D  endAllActiveAnimators on 0xb400006f53869600 (MenuPopupWindow$MenuDropDownListView) with handle 0xb400006e26fd19c0
2025-03-15 11:52:49.559 21588-21636 BLASTBufferQueue        com.example.whatsuit                 D  [VRI[PopupWindow:a4cfc7e]#6](f:0,a:1) destructor()
2025-03-15 11:52:49.559 21588-21636 BufferQueueConsumer     com.example.whatsuit                 D  [VRI[PopupWindow:a4cfc7e]#6(BLAST Consumer)6](id:545400000006,api:0,p:-1,c:21588) disconnect
2025-03-15 11:52:49.696 21588-21614 VRI[PopupW...w:a4cfc7e] com.example.whatsuit                 D  dispatchAppVisibility visible:false
2025-03-15 11:52:49.696 21588-21636 VRI[MainActivity]       com.example.whatsuit                 D  dispatchAppVisibility visible:false
2025-03-15 11:52:49.696 21588-21588 VRI[MainActivity]       com.example.whatsuit                 D  visibilityChanged oldVisibility=true newVisibility=false
2025-03-15 11:52:49.702 21588-21588 HWUI                    com.example.whatsuit                 D  RenderProxy::destroy: this=0xb400006f272eb100, mContext=0xb400006ec379ca00
2025-03-15 11:52:49.702 21588-22048 HWUI                    com.example.whatsuit                 D  SkiaOpenGLPipeline::setSurface: this=0xb400006f66110800, surface=NULL
2025-03-15 11:52:49.703 21588-21588 ViewRootImplExtImpl     com.example.whatsuit                 D  wrapConfigInfoIntoFlags rotation=0, smallestScreenWidthDp=354, relayoutAsync=false, flags=0, newFlags=23199744, residentWS=false, title=com.example.whatsuit/com.example.whatsuit.MainActivity
2025-03-15 11:52:49.707 21588-21588 VRI[MainActivity]       com.example.whatsuit                 D  relayoutWindow result, sizeChanged:false, surfaceControlChanged:true, transformHintChanged:false, mSurfaceSize:Point(1240, 2772), mLastSurfaceSize:Point(1240, 2772), mWidth:1240, mHeight:2772, requestedWidth:1240, requestedHeight:2772, transformHint:0, installOrientation:0, displayRotation:0, isSurfaceValid:false, attr.flag:-2122252032, tmpFrames:ClientWindowFrames{frame=[0,0][1240,2772] display=[0,0][1240,2772] parentFrame=[0,0][0,0]}, relayoutAsync:false, mSyncSeqId:0
2025-03-15 11:52:49.707 21588-21588 BLASTBufferQueue        com.example.whatsuit                 D  [VRI[MainActivity]#4](f:0,a:1) destructor()
2025-03-15 11:52:49.707 21588-21588 BufferQueueConsumer     com.example.whatsuit                 D  [VRI[MainActivity]#4(BLAST Consumer)4](id:545400000004,api:0,p:-1,c:21588) disconnect
2025-03-15 11:52:49.709 21588-21588 VRI[MainActivity]       com.example.whatsuit                 D  setWindowStopped stopped:true
2025-03-15 11:52:49.718 21588-21588 ViewRootImplExtImpl     com.example.whatsuit                 D  wrapConfigInfoIntoFlags rotation=0, smallestScreenWidthDp=354, relayoutAsync=false, flags=0, newFlags=23199744, residentWS=false, title=com.example.whatsuit/com.example.whatsuit.MainActivity
2025-03-15 11:52:49.721 21588-21588 VRI[MainActivity]       com.example.whatsuit                 D  relayoutWindow result, sizeChanged:false, surfaceControlChanged:true, transformHintChanged:false, mSurfaceSize:Point(1240, 2772), mLastSurfaceSize:Point(1240, 2772), mWidth:1240, mHeight:2772, requestedWidth:1240, requestedHeight:2772, transformHint:0, installOrientation:0, displayRotation:0, isSurfaceValid:false, attr.flag:-2122252032, tmpFrames:ClientWindowFrames{frame=[0,0][1240,2772] display=[0,0][1240,2772] parentFrame=[0,0][0,0]}, relayoutAsync:false, mSyncSeqId:0
2025-03-15 11:52:50.332 21588-22055 OplusScrollToTopManager com.example.whatsuit                 D  com.example.whatsuit/com.example.whatsuit.MainActivity,This com.android.internal.policy.DecorView{5a54bea I.E...... R.....ID 0,0-1240,2772 aid=0 alpha=1.0 viewInfo = }[MainActivity] change focus to false
2025-03-15 11:52:50.347 21588-22055 OplusScrollToTopManager com.example.whatsuit                 D  com.example.whatsuit/com.example.whatsuit.AutoReplySettingsActivity,This com.android.internal.policy.DecorView{e734fdc V.E...... R....... 0,0-1240,2772 aid=2 alpha=1.0 viewInfo = }[AutoReplySettingsActivity] change focus to true
2025-03-15 11:52:51.292 21588-21588 OplusSyste...ionGesture com.example.whatsuit                 D  [GESTURE_SIDE_BAR] swipe from 1
2025-03-15 11:52:51.292 21588-21588 OplusSyste...ionGesture com.example.whatsuit                 D  [GESTURE_SIDE_BAR] Hit Side Bar Region !
2025-03-15 11:52:51.327 21588-21588 OplusSyste...ionGesture com.example.whatsuit                 D  [GESTURE_SIDE_BAR] trigger!
2025-03-15 11:52:51.361 21588-21588 VRI[AutoRe...sActivity] com.example.whatsuit                 D  onFocusEvent false
2025-03-15 11:52:52.368 21588-22055 OplusScrollToTopManager com.example.whatsuit                 D  com.example.whatsuit/com.example.whatsuit.AutoReplySettingsActivity,This com.android.internal.policy.DecorView{e734fdc V.E...... R....... 0,0-1240,2772 aid=2 alpha=1.0 viewInfo = }[AutoReplySettingsActivity] change focus to false
2025-03-15 11:52:55.930 21588-21588 ResourcesManagerExtImpl com.example.whatsuit                 D  applyConfigurationToAppResourcesLocked app.getDisplayId() return callback.displayId:0
2025-03-15 11:52:55.943 21588-21588 VRI[AutoRe...sActivity] com.example.whatsuit                 D  onFocusEvent true
2025-03-15 11:52:55.978 21588-21588 ViewRootImplExtImpl     com.example.whatsuit                 D  the up motion event handled by client, just return
2025-03-15 11:52:56.933 21588-21588 VRI[AutoRe...sActivity] com.example.whatsuit                 D  onFocusEvent false
2025-03-15 11:52:57.939 21588-22055 OplusScrollToTopManager com.example.whatsuit                 D  com.example.whatsuit/com.example.whatsuit.AutoReplySettingsActivity,This com.android.internal.policy.DecorView{e734fdc V.E...... R....... 0,0-1240,2772 aid=2 alpha=1.0 viewInfo = }[AutoReplySettingsActivity] change focus to false
2025-03-15 11:53:00.032 21588-21588 ResourcesManagerExtImpl com.example.whatsuit                 D  applyConfigurationToAppResourcesLocked app.getDisplayId() return callback.displayId:0
2025-03-15 11:53:00.061 21588-21588 VRI[AutoRe...sActivity] com.example.whatsuit                 D  onFocusEvent true
2025-03-15 11:53:01.063 21588-22055 OplusScrollToTopManager com.example.whatsuit                 D  com.example.whatsuit/com.example.whatsuit.AutoReplySettingsActivity,This com.android.internal.policy.DecorView{e734fdc V.E...... R....... 0,0-1240,2772 aid=2 alpha=1.0 viewInfo = }[AutoReplySettingsActivity] change focus to true
2025-03-15 11:53:03.293 21588-21588 ViewRootImplExtImpl     com.example.whatsuit                 D  the up motion event handled by client, just return
2025-03-15 11:53:03.300 21588-21588 Activity                com.example.whatsuit                 D  com.example.whatsuit.AutoReplySettingsActivity@d7ba59aonBackPressed!
2025-03-15 11:53:03.312 21588-21588 ScrollOpti...neManager] com.example.whatsuit                 D  updateCurrentActivity: mCurrentActivityName=null, isOptEnable=true, isAnimAheadEnable=true, isFrameInsertEnable=true, InsertNum=1, isEnabledForScrollChanged=false
2025-03-15 11:53:03.315 21588-22488 VRI[MainActivity]       com.example.whatsuit                 D  dispatchAppVisibility visible:true
2025-03-15 11:53:03.330 21588-21588 VRI[MainActivity]       com.example.whatsuit                 D  setWindowStopped stopped:false
2025-03-15 11:53:03.334 21588-21588 ScrollOpti...neManager] com.example.whatsuit                 D  updateCurrentActivity: mCurrentActivityName=com.example.whatsuit.MainActivity, isOptEnable=true, isAnimAheadEnable=true, isFrameInsertEnable=true, InsertNum=1, isEnabledForScrollChanged=false
2025-03-15 11:53:03.334 21588-21588 ActivityThread          com.example.whatsuit                 D  ComponentInfo{com.example.whatsuit/com.example.whatsuit.MainActivity} checkFinished=false 2
2025-03-15 11:53:03.334 21588-21588 ResourcesManagerExtImpl com.example.whatsuit                 D  applyConfigurationToAppResourcesLocked app.getDisplayId() return callback.displayId:0
2025-03-15 11:53:03.339 21588-21588 MainActivity            com.example.whatsuit                 D  Toggled notification listener service
2025-03-15 11:53:03.341 21588-21588 MainActivity            com.example.whatsuit                 D  Ensuring notification service is running
2025-03-15 11:53:03.347 21588-21588 ViewRootImplExtImpl     com.example.whatsuit                 D  wrapConfigInfoIntoFlags rotation=0, smallestScreenWidthDp=354, relayoutAsync=false, flags=0, newFlags=23199744, residentWS=false, title=com.example.whatsuit/com.example.whatsuit.MainActivity
2025-03-15 11:53:03.354 21588-21588 VRI[MainActivity]       com.example.whatsuit                 D  relayoutWindow result, sizeChanged:false, surfaceControlChanged:true, transformHintChanged:false, mSurfaceSize:Point(1240, 2772), mLastSurfaceSize:Point(1240, 2772), mWidth:1240, mHeight:2772, requestedWidth:1240, requestedHeight:2772, transformHint:0, installOrientation:0, displayRotation:0, isSurfaceValid:true, attr.flag:-2122252032, tmpFrames:ClientWindowFrames{frame=[0,0][1240,2772] display=[0,0][1240,2772] parentFrame=[0,0][0,0]}, relayoutAsync:false, mSyncSeqId:0
2025-03-15 11:53:03.355 21588-21588 VRI[MainActivity]       com.example.whatsuit                 W  updateBlastSurfaceIfNeeded, surfaceSize:Point(1240, 2772), lastSurfaceSize:Point(1240, 2772), format:-1, blastBufferQueue:null
2025-03-15 11:53:03.355 21588-21588 BufferQueueConsumer     com.example.whatsuit                 D  [](id:545400000008,api:0,p:-1,c:21588) connect: controlledByApp=false
2025-03-15 11:53:03.363 21588-21588 SurfaceControl          com.example.whatsuit                 I   setExtendedRangeBrightness sc=Surface(name=com.example.whatsuit/com.example.whatsuit.MainActivity)/@0xb584bc1,currentBufferRatio=1.0,desiredRatio=1.0
2025-03-15 11:53:03.400 21588-22048 BLASTBufferQueue        com.example.whatsuit                 D  [VRI[MainActivity]#8](f:0,a:1) acquireNextBufferLocked size=1240x2772 mFrameNumber=1 applyTransaction=true mTimestamp=308185518275214(auto) mPendingTransactions.size=0 graphicBufferId=92719753986083 transform=0
2025-03-15 11:53:03.401 21588-22048 VRI[MainActivity]       com.example.whatsuit                 D  Received frameCommittedCallback lastAttemptedDrawFrameNum=1 didProduceBuffer=true syncBuffer=false
2025-03-15 11:53:03.401 21588-21588 VRI[MainActivity]       com.example.whatsuit                 D  draw finished. seqId=0
2025-03-15 11:53:03.402 21588-21588 ViewRootImplExtImpl     com.example.whatsuit                 D  setMaxDequeuedBufferCount: 2
2025-03-15 11:53:03.402 21588-21588 VRI[AutoRe...sActivity] com.example.whatsuit                 D  onFocusEvent false
2025-03-15 11:53:03.435 21588-21588 VRI[MainActivity]       com.example.whatsuit                 D  onFocusEvent true
2025-03-15 11:53:03.472 21588-21588 VRI[MainActivity]       com.example.whatsuit                 W  handleResized abandoned!
2025-03-15 11:53:03.795 21588-22488 VRI[AutoRe...sActivity] com.example.whatsuit                 D  dispatchAppVisibility visible:false
2025-03-15 11:53:03.796 21588-21588 VRI[AutoRe...sActivity] com.example.whatsuit                 D  visibilityChanged oldVisibility=true newVisibility=false
2025-03-15 11:53:03.804 21588-21588 HWUI                    com.example.whatsuit                 D  RenderProxy::destroy: this=0xb400006e27380400, mContext=0xb400006f5176a0c0
2025-03-15 11:53:03.804 21588-22048 HWUI                    com.example.whatsuit                 D  SkiaOpenGLPipeline::setSurface: this=0xb400006e2e6b8080, surface=NULL
2025-03-15 11:53:03.807 21588-21588 ViewRootImplExtImpl     com.example.whatsuit                 D  wrapConfigInfoIntoFlags rotation=0, smallestScreenWidthDp=354, relayoutAsync=false, flags=0, newFlags=23199744, residentWS=false, title=com.example.whatsuit/com.example.whatsuit.AutoReplySettingsActivity
2025-03-15 11:53:03.818 21588-21588 VRI[AutoRe...sActivity] com.example.whatsuit                 D  relayoutWindow result, sizeChanged:false, surfaceControlChanged:true, transformHintChanged:false, mSurfaceSize:Point(1240, 2772), mLastSurfaceSize:Point(1240, 2772), mWidth:1240, mHeight:2772, requestedWidth:1240, requestedHeight:2772, transformHint:0, installOrientation:0, displayRotation:0, isSurfaceValid:false, attr.flag:-2122252032, tmpFrames:ClientWindowFrames{frame=[0,0][1240,2772] display=[0,0][1240,2772] parentFrame=[0,0][0,0]}, relayoutAsync:false, mSyncSeqId:0
2025-03-15 11:53:03.818 21588-21588 BLASTBufferQueue        com.example.whatsuit                 D  [VRI[AutoReplySettingsActivity]#7](f:0,a:1) destructor()
2025-03-15 11:53:03.818 21588-21588 BufferQueueConsumer     com.example.whatsuit                 D  [VRI[AutoReplySettingsActivity]#7(BLAST Consumer)7](id:545400000007,api:0,p:-1,c:21588) disconnect
2025-03-15 11:53:03.824 21588-21588 VRI[AutoRe...sActivity] com.example.whatsuit                 D  setWindowStopped stopped:true
2025-03-15 11:53:03.830 21588-21588 OplusScrollToTopManager com.example.whatsuit                 D  com.example.whatsuit/com.example.whatsuit.AutoReplySettingsActivity,window dying
2025-03-15 11:53:03.830 21588-21588 OplusScrollToTopManager com.example.whatsuit                 D  com.example.whatsuit/com.example.whatsuit.AutoReplySettingsActivity,unregisterSystemUIBroadcastReceiver 
2025-03-15 11:53:03.830 21588-21588 OplusScrollToTopManager com.example.whatsuit                 D  com.example.whatsuit/com.example.whatsuit.AutoReplySettingsActivity, unregisterSystemUIBroadcastReceiver failed java.lang.IllegalArgumentException: Receiver not registered: android.view.OplusScrollToTopManager$2@d57a373
2025-03-15 11:53:03.830 21588-21588 WindowOnBackDispatcher  com.example.whatsuit                 W  sendCancelIfRunning: isInProgress=false callback=android.view.ViewRootImpl$$ExternalSyntheticLambda11@177be74
2025-03-15 11:53:03.832 21588-21588 HWUI                    com.example.whatsuit                 D  RenderProxy::destroy: this=0xb400006e27380400, mContext=0xb400006f5176a0c0
2025-03-15 11:53:03.832 21588-22048 HWUI                    com.example.whatsuit                 D  SkiaOpenGLPipeline::setSurface: this=0xb400006e2e6b8080, surface=NULL
2025-03-15 11:53:04.438 21588-22055 OplusScrollToTopManager com.example.whatsuit                 D  com.example.whatsuit/com.example.whatsuit.MainActivity,This com.android.internal.policy.DecorView{5a54bea V.E...... R....... 0,0-1240,2772 aid=0 alpha=1.0 viewInfo = }[MainActivity] change focus to true
2025-03-15 11:53:04.453 21588-21588 ViewRootImplExtImpl     com.example.whatsuit                 D  the up motion event handled by client, just return
2025-03-15 11:53:04.533 21588-21588 WindowManager           com.example.whatsuit                 D  Add to mViews: android.widget.PopupWindow$PopupDecorView{6704f63 V.E...... R.....I. 0,0-0,0 alpha=1.0 viewInfo = },pkg= com.example.whatsuit
2025-03-15 11:53:04.539 21588-22048 skia                    com.example.whatsuit                 D  setRusSupported enable 0
2025-03-15 11:53:04.555 21588-21588 ViewRootImplExtImpl     com.example.whatsuit                 D  onDisplayChanged -1 for VRI android.view.ViewRootImpl@20ffcde
2025-03-15 11:53:04.573 21588-21588 OplusBracketLog         com.example.whatsuit                 E  [OplusViewMirrorManager] updateHostViewRootIfNeeded, not support android.view.ViewRootImpl@20ffcde
2025-03-15 11:53:04.585 21588-21588 BufferQueueConsumer     com.example.whatsuit                 D  [](id:545400000009,api:0,p:-1,c:21588) connect: controlledByApp=false
2025-03-15 11:53:04.605 21588-21588 SurfaceControl          com.example.whatsuit                 I   setExtendedRangeBrightness sc=Surface(name=PopupWindow:15d831d)/@0x5c3d753,currentBufferRatio=1.0,desiredRatio=1.0
2025-03-15 11:53:04.610 21588-22048 BLASTBufferQueue        com.example.whatsuit                 D  [VRI[PopupWindow:15d831d]#9](f:0,a:1) acquireNextBufferLocked size=728x434 mFrameNumber=1 applyTransaction=true mTimestamp=308186728393138(auto) mPendingTransactions.size=0 graphicBufferId=92719753986087 transform=0
2025-03-15 11:53:04.611 21588-22048 VRI[PopupW...w:15d831d] com.example.whatsuit                 D  Received frameCommittedCallback lastAttemptedDrawFrameNum=1 didProduceBuffer=true syncBuffer=false
2025-03-15 11:53:04.611 21588-21588 VRI[PopupW...w:15d831d] com.example.whatsuit                 D  draw finished. seqId=0
2025-03-15 11:53:04.612 21588-21588 ViewRootImplExtImpl     com.example.whatsuit                 D  setMaxDequeuedBufferCount: 2
2025-03-15 11:53:04.612 21588-21588 VRI[MainActivity]       com.example.whatsuit                 D  onFocusEvent false
2025-03-15 11:53:04.631 21588-22048 VRI[PopupW...w:15d831d] com.example.whatsuit                 D  Received frameCommittedCallback lastAttemptedDrawFrameNum=2 didProduceBuffer=true syncBuffer=false
2025-03-15 11:53:04.631 21588-21588 VRI[PopupW...w:15d831d] com.example.whatsuit                 D  draw finished. seqId=0
2025-03-15 11:53:04.649 21588-21588 VRI[PopupW...w:15d831d] com.example.whatsuit                 D  onFocusEvent true
2025-03-15 11:53:05.627 21588-22055 OplusScrollToTopManager com.example.whatsuit                 D  com.example.whatsuit/com.example.whatsuit.MainActivity,This com.android.internal.policy.DecorView{5a54bea V.E...... R....... 0,0-1240,2772 aid=0 alpha=1.0 viewInfo = }[MainActivity] change focus to false
2025-03-15 11:53:05.650 21588-22055 OplusScrollToTopManager com.example.whatsuit                 D  PopupWindow:15d831d,This android.widget.PopupWindow$PopupDecorView{6704f63 V.E...... R....... 0,0-686,392 alpha=1.0 viewInfo = } change focus to true
2025-03-15 11:53:05.878 21588-21588 ViewRootImplExtImpl     com.example.whatsuit                 D  the up motion event handled by client, just return
2025-03-15 11:53:05.916 21588-21588 WindowManager           com.example.whatsuit                 D  Add to mViews: android.widget.PopupWindow$PopupDecorView{32353fa V.E...... R.....I. 0,0-0,0 alpha=1.0 viewInfo = },pkg= com.example.whatsuit
2025-03-15 11:53:05.916 21588-22048 skia                    com.example.whatsuit                 D  setRusSupported enable 0
2025-03-15 11:53:05.926 21588-21588 ViewRootImplExtImpl     com.example.whatsuit                 D  onDisplayChanged -1 for VRI android.view.ViewRootImpl@1bc1fa1
2025-03-15 11:53:05.939 21588-21588 SurfaceControl          com.example.whatsuit                 I   setExtendedRangeBrightness sc=Surface(name=PopupWindow:15d831d)/@0x5c3d753,currentBufferRatio=1.0,desiredRatio=1.0
2025-03-15 11:53:05.940 21588-21588 OplusBracketLog         com.example.whatsuit                 E  [OplusViewMirrorManager] updateHostViewRootIfNeeded, not support android.view.ViewRootImpl@1bc1fa1
2025-03-15 11:53:05.958 21588-21588 BufferQueueConsumer     com.example.whatsuit                 D  [](id:54540000000a,api:0,p:-1,c:21588) connect: controlledByApp=false
2025-03-15 11:53:05.985 21588-21588 SurfaceControl          com.example.whatsuit                 I   setExtendedRangeBrightness sc=Surface(name=PopupWindow:a7c4a1c)/@0x4aeef4d,currentBufferRatio=1.0,desiredRatio=1.0
2025-03-15 11:53:05.993 21588-22048 BLASTBufferQueue        com.example.whatsuit                 D  [VRI[PopupWindow:a7c4a1c]#10](f:0,a:1) acquireNextBufferLocked size=831x1106 mFrameNumber=1 applyTransaction=true mTimestamp=308188110918599(auto) mPendingTransactions.size=0 graphicBufferId=92719753986091 transform=0
2025-03-15 11:53:05.993 21588-22048 VRI[PopupW...w:a7c4a1c] com.example.whatsuit                 D  Received frameCommittedCallback lastAttemptedDrawFrameNum=1 didProduceBuffer=true syncBuffer=false
2025-03-15 11:53:05.994 21588-21588 VRI[PopupW...w:a7c4a1c] com.example.whatsuit                 D  draw finished. seqId=0
2025-03-15 11:53:05.994 21588-21588 ViewRootImplExtImpl     com.example.whatsuit                 D  setMaxDequeuedBufferCount: 2
2025-03-15 11:53:05.995 21588-21588 VRI[PopupW...w:15d831d] com.example.whatsuit                 D  onFocusEvent false
2025-03-15 11:53:06.016 21588-22048 VRI[PopupW...w:a7c4a1c] com.example.whatsuit                 D  Received frameCommittedCallback lastAttemptedDrawFrameNum=2 didProduceBuffer=true syncBuffer=false
2025-03-15 11:53:06.017 21588-21588 VRI[PopupW...w:a7c4a1c] com.example.whatsuit                 D  draw finished. seqId=0
2025-03-15 11:53:06.026 21588-21588 VRI[PopupW...w:a7c4a1c] com.example.whatsuit                 D  onFocusEvent true
2025-03-15 11:53:06.302 21588-21588 OplusScrollToTopManager com.example.whatsuit                 D  PopupWindow:15d831d,window dying
2025-03-15 11:53:06.303 21588-21588 OplusScrollToTopManager com.example.whatsuit                 D  PopupWindow:15d831d,unregisterSystemUIBroadcastReceiver 
2025-03-15 11:53:06.303 21588-21588 OplusScrollToTopManager com.example.whatsuit                 D  PopupWindow:15d831d, unregisterSystemUIBroadcastReceiver failed java.lang.IllegalArgumentException: Receiver not registered: android.view.OplusScrollToTopManager$2@297bb05
2025-03-15 11:53:06.303 21588-21588 WindowOnBackDispatcher  com.example.whatsuit                 W  sendCancelIfRunning: isInProgress=false callback=android.view.ViewRootImpl$$ExternalSyntheticLambda11@b04598c
2025-03-15 11:53:06.304 21588-21588 HWUI                    com.example.whatsuit                 D  RenderProxy::destroy: this=0xb400006e26fcef00, mContext=0xb400006f51083ac0
2025-03-15 11:53:06.304 21588-22048 HWUI                    com.example.whatsuit                 D  SkiaOpenGLPipeline::setSurface: this=0xb400006e2f2bbf40, surface=NULL
2025-03-15 11:53:06.312 21588-22048 HWUI                    com.example.whatsuit                 D  endAllActiveAnimators on 0xb400006f51054a00 (MenuPopupWindow$MenuDropDownListView) with handle 0xb400006e273e1f80
2025-03-15 11:53:06.312 21588-21588 BLASTBufferQueue        com.example.whatsuit                 D  [VRI[PopupWindow:15d831d]#9](f:0,a:1) destructor()
2025-03-15 11:53:06.312 21588-21588 BufferQueueConsumer     com.example.whatsuit                 D  [VRI[PopupWindow:15d831d]#9(BLAST Consumer)9](id:545400000009,api:0,p:-1,c:21588) disconnect
2025-03-15 11:53:06.381 21588-21607 xample.whatsuit         com.example.whatsuit                 W  Cleared Reference was only reachable from finalizer (only reported once)
2025-03-15 11:53:06.404 21588-22048 HWUI                    com.example.whatsuit                 D  SkiaOpenGLPipeline::setSurface: this=0xb400006f1fc720c0, surface=NULL
2025-03-15 11:53:06.408 21588-22048 HWUI                    com.example.whatsuit                 D  SkiaOpenGLPipeline::setSurface: this=0xb400006f66014180, surface=NULL
2025-03-15 11:53:06.410 21588-22048 HWUI                    com.example.whatsuit                 D  SkiaOpenGLPipeline::setSurface: this=0xb400006e2e6b9480, surface=NULL
2025-03-15 11:53:06.411 21588-22048 HWUI                    com.example.whatsuit                 D  SkiaOpenGLPipeline::setSurface: this=0xb400006e2e6b8080, surface=NULL
2025-03-15 11:53:06.426 21588-21612 xample.whatsuit         com.example.whatsuit                 W  ApkAssets: Deleting an ApkAssets object '<empty> and /data/app/~~kYxKLh3EngwMzx1_rDGJAQ==/org.telegram.messenger-H2uzEmkd7xwJ61ht2Liblg==/base.apk' with 1 weak references
2025-03-15 11:53:06.427 21588-21612 xample.whatsuit         com.example.whatsuit                 W  ApkAssets: Deleting an ApkAssets object '<empty> and /data/app/~~kYxKLh3EngwMzx1_rDGJAQ==/org.telegram.messenger-H2uzEmkd7xwJ61ht2Liblg==/split_config.arm64_v8a.apk' with 1 weak references
2025-03-15 11:53:06.427 21588-21612 xample.whatsuit         com.example.whatsuit                 W  ApkAssets: Deleting an ApkAssets object '<empty> and /data/app/~~kYxKLh3EngwMzx1_rDGJAQ==/org.telegram.messenger-H2uzEmkd7xwJ61ht2Liblg==/split_config.en.apk' with 1 weak references
2025-03-15 11:53:06.427 21588-21612 xample.whatsuit         com.example.whatsuit                 W  ApkAssets: Deleting an ApkAssets object '<empty> and /data/app/~~kYxKLh3EngwMzx1_rDGJAQ==/org.telegram.messenger-H2uzEmkd7xwJ61ht2Liblg==/split_config.xxxhdpi.apk' with 1 weak references
2025-03-15 11:53:06.860 21588-21588 ViewRootImplExtImpl     com.example.whatsuit                 D  the up motion event handled by client, just return
2025-03-15 11:53:06.879 21588-21588 SurfaceControl          com.example.whatsuit                 I   setExtendedRangeBrightness sc=Surface(name=PopupWindow:a7c4a1c)/@0x4aeef4d,currentBufferRatio=1.0,desiredRatio=1.0
2025-03-15 11:53:06.882 21588-21588 ScrollOpti...neManager] com.example.whatsuit                 D  updateCurrentActivity: mCurrentActivityName=null, isOptEnable=true, isAnimAheadEnable=true, isFrameInsertEnable=true, InsertNum=1, isEnabledForScrollChanged=false
2025-03-15 11:53:06.896 21588-22532 libMEOW                 com.example.whatsuit                 D  meow new tls: 0xb400006e26f20d80
2025-03-15 11:53:06.896 21588-22532 libMEOW                 com.example.whatsuit                 D  applied 1 plugins for [com.example.whatsuit]:
2025-03-15 11:53:06.896 21588-22532 libMEOW                 com.example.whatsuit                 D    plugin 1: [libMEOW_gift.so]: 0xb400006f0ca42d80
2025-03-15 11:53:06.896 21588-21588 ResourcesManagerExtImpl com.example.whatsuit                 D  applyConfigurationToAppResourcesLocked app.getDisplayId() return callback.displayId:0
2025-03-15 11:53:06.897 21588-22532 libMEOW                 com.example.whatsuit                 D  rebuild call chain: 0xb400006e249bcd80
2025-03-15 11:53:06.897 21588-22532 libMEOW                 com.example.whatsuit                 D  meow delete tls: 0xb400006e26f20d80
2025-03-15 11:53:06.933 21588-21588 oplus.andr...actoryImpl com.example.whatsuit                 I  get feature:IOplusDynamicVsyncFeature
2025-03-15 11:53:06.933 21588-21588 oplus.andr...actoryImpl com.example.whatsuit                 I  get feature:IOplusDynamicVsyncFeature
2025-03-15 11:53:06.933 21588-21588 oplus.andr...actoryImpl com.example.whatsuit                 I  get feature:IOplusDynamicVsyncFeature
2025-03-15 11:53:06.935 21588-21588 oplus.andr...actoryImpl com.example.whatsuit                 I  get feature:IOplusDynamicVsyncFeature
2025-03-15 11:53:06.935 21588-21588 oplus.andr...actoryImpl com.example.whatsuit                 I  get feature:IOplusDynamicVsyncFeature
2025-03-15 11:53:06.935 21588-21588 oplus.andr...actoryImpl com.example.whatsuit                 I  get feature:IOplusDynamicVsyncFeature
2025-03-15 11:53:06.938 21588-21588 ScrollOpti...neManager] com.example.whatsuit                 D  updateCurrentActivity: mCurrentActivityName=com.example.whatsuit.AutoReplySettingsActivity, isOptEnable=true, isAnimAheadEnable=true, isFrameInsertEnable=true, InsertNum=1, isEnabledForScrollChanged=false
2025-03-15 11:53:06.938 21588-21588 ActivityThread          com.example.whatsuit                 D  ComponentInfo{com.example.whatsuit/com.example.whatsuit.AutoReplySettingsActivity} checkFinished=false 2
2025-03-15 11:53:06.938 21588-21588 ResourcesManagerExtImpl com.example.whatsuit                 D  applyConfigurationToAppResourcesLocked app.getDisplayId() return callback.displayId:0
2025-03-15 11:53:06.940 21588-21588 WindowManager           com.example.whatsuit                 D  Add to mViews: com.android.internal.policy.DecorView{37f01f6 I.E...... R.....ID 0,0-0,0 alpha=1.0 viewInfo = }[AutoReplySettingsActivity],pkg= com.example.whatsuit
2025-03-15 11:53:06.940 21588-22048 skia                    com.example.whatsuit                 D  setRusSupported enable 0
2025-03-15 11:53:06.943 21588-21588 ViewRootImplExtImpl     com.example.whatsuit                 D  onDisplayChanged -1 for VRI android.view.ViewRootImpl@3914782
2025-03-15 11:53:06.944 21588-21588 VRI[PopupW...w:a7c4a1c] com.example.whatsuit                 D  onFocusEvent false
2025-03-15 11:53:06.944 21588-21588 VRI[MainActivity]       com.example.whatsuit                 D  onFocusEvent true
2025-03-15 11:53:06.944 21588-21588 VRI[MainActivity]       com.example.whatsuit                 D  onFocusEvent false
2025-03-15 11:53:06.944 21588-21588 ResourcesManagerExtImpl com.example.whatsuit                 D  applyConfigurationToAppResourcesLocked app.getDisplayId() return callback.displayId:0
2025-03-15 11:53:06.946 21588-21588 OplusBracketLog         com.example.whatsuit                 E  [OplusViewMirrorManager] updateHostViewRootIfNeeded, not support android.view.ViewRootImpl@3914782
2025-03-15 11:53:06.950 21588-21588 ViewRootImplExtImpl     com.example.whatsuit                 D  wrapConfigInfoIntoFlags rotation=0, smallestScreenWidthDp=354, relayoutAsync=false, flags=0, newFlags=23199744, residentWS=false, title=com.example.whatsuit/com.example.whatsuit.AutoReplySettingsActivity
2025-03-15 11:53:06.956 21588-21588 VRI[AutoRe...sActivity] com.example.whatsuit                 D  relayoutWindow result, sizeChanged:true, surfaceControlChanged:true, transformHintChanged:false, mSurfaceSize:Point(1240, 2772), mLastSurfaceSize:Point(0, 0), mWidth:-1, mHeight:-1, requestedWidth:1240, requestedHeight:2772, transformHint:0, installOrientation:0, displayRotation:0, isSurfaceValid:true, attr.flag:-2122252032, tmpFrames:ClientWindowFrames{frame=[0,0][1240,2772] display=[0,0][1240,2772] parentFrame=[0,0][0,0]}, relayoutAsync:false, mSyncSeqId:0
2025-03-15 11:53:06.957 21588-21588 VRI[AutoRe...sActivity] com.example.whatsuit                 W  updateBlastSurfaceIfNeeded, surfaceSize:Point(1240, 2772), lastSurfaceSize:Point(0, 0), format:-1, blastBufferQueue:null
2025-03-15 11:53:06.957 21588-21588 BufferQueueConsumer     com.example.whatsuit                 D  [](id:54540000000b,api:0,p:-1,c:21588) connect: controlledByApp=false
2025-03-15 11:53:06.959 21588-21588 SurfaceControl          com.example.whatsuit                 I   setExtendedRangeBrightness sc=Surface(name=com.example.whatsuit/com.example.whatsuit.AutoReplySettingsActivity)/@0x642ee01,currentBufferRatio=1.0,desiredRatio=1.0
2025-03-15 11:53:06.964 21588-22048 BLASTBufferQueue        com.example.whatsuit                 D  [VRI[AutoReplySettingsActivity]#11](f:0,a:1) acquireNextBufferLocked size=1240x2772 mFrameNumber=1 applyTransaction=true mTimestamp=308189082478061(auto) mPendingTransactions.size=0 graphicBufferId=92719753986092 transform=0
2025-03-15 11:53:06.964 21588-22048 VRI[AutoRe...sActivity] com.example.whatsuit                 D  Received frameCommittedCallback lastAttemptedDrawFrameNum=1 didProduceBuffer=true syncBuffer=false
2025-03-15 11:53:06.965 21588-21588 VRI[AutoRe...sActivity] com.example.whatsuit                 D  draw finished. seqId=0
2025-03-15 11:53:06.965 21588-21588 ViewRootImplExtImpl     com.example.whatsuit                 D  setMaxDequeuedBufferCount: 2
2025-03-15 11:53:06.981 21588-21588 VRI[AutoRe...sActivity] com.example.whatsuit                 W  handleResized, msg:, frameChanged:false, configChanged:false, displayChanged:false, attachedFrameChanged:false, compatScaleChanged:false, pendingDragResizing=false
2025-03-15 11:53:06.986 21588-21588 VRI[AutoRe...sActivity] com.example.whatsuit                 D  onFocusEvent true
2025-03-15 11:53:06.987 21588-22048 VRI[AutoRe...sActivity] com.example.whatsuit                 D  Received frameCommittedCallback lastAttemptedDrawFrameNum=3 didProduceBuffer=true syncBuffer=false
2025-03-15 11:53:06.987 21588-22048 VRI[AutoRe...sActivity] com.example.whatsuit                 D  draw finished. seqId=0
2025-03-15 11:53:07.193 21588-21588 OplusScrollToTopManager com.example.whatsuit                 D  PopupWindow:a7c4a1c,window dying
2025-03-15 11:53:07.194 21588-21588 OplusScrollToTopManager com.example.whatsuit                 D  PopupWindow:a7c4a1c,unregisterSystemUIBroadcastReceiver 
2025-03-15 11:53:07.194 21588-21588 OplusScrollToTopManager com.example.whatsuit                 D  PopupWindow:a7c4a1c, unregisterSystemUIBroadcastReceiver failed java.lang.IllegalArgumentException: Receiver not registered: android.view.OplusScrollToTopManager$2@b41c5a9
2025-03-15 11:53:07.194 21588-21588 WindowOnBackDispatcher  com.example.whatsuit                 W  sendCancelIfRunning: isInProgress=false callback=android.view.ViewRootImpl$$ExternalSyntheticLambda11@2359723
2025-03-15 11:53:07.195 21588-21588 HWUI                    com.example.whatsuit                 D  RenderProxy::destroy: this=0xb400006e26fcf200, mContext=0xb400006f510d0580
2025-03-15 11:53:07.195 21588-22048 HWUI                    com.example.whatsuit                 D  SkiaOpenGLPipeline::setSurface: this=0xb400006e2f2bbcc0, surface=NULL
2025-03-15 11:53:07.195 21588-22048 HWUI                    com.example.whatsuit                 D  endAllActiveAnimators on 0xb400006f510ca600 (MenuPopupWindow$MenuDropDownListView) with handle 0xb400006f51787300
2025-03-15 11:53:07.206 21588-22488 BLASTBufferQueue        com.example.whatsuit                 D  [VRI[PopupWindow:a7c4a1c]#10](f:0,a:1) destructor()
2025-03-15 11:53:07.206 21588-22488 BufferQueueConsumer     com.example.whatsuit                 D  [VRI[PopupWindow:a7c4a1c]#10(BLAST Consumer)10](id:54540000000a,api:0,p:-1,c:21588) disconnect
2025-03-15 11:53:07.340 21588-22488 VRI[PopupW...w:a7c4a1c] com.example.whatsuit                 D  dispatchAppVisibility visible:false
2025-03-15 11:53:07.340 21588-21614 VRI[MainActivity]       com.example.whatsuit                 D  dispatchAppVisibility visible:false
2025-03-15 11:53:07.341 21588-21588 VRI[MainActivity]       com.example.whatsuit                 D  visibilityChanged oldVisibility=true newVisibility=false
