2025-03-15 11:55:59.636 21588-21588 ViewRootImplExtImpl     com.example.whatsuit                 D  wrapConfigInfoIntoFlags rotation=0, smallestScreenWidthDp=354, relayoutAsync=false, flags=0, newFlags=23199744, residentWS=false, title=com.example.whatsuit/com.example.whatsuit.MainActivity
2025-03-15 11:55:59.652 21588-21588 VRI[MainActivity]       com.example.whatsuit                 D  relayoutWindow result, sizeChanged:true, surfaceControlChanged:true, transformHintChanged:false, mSurfaceSize:Point(1240, 2772), mLastSurfaceSize:Point(0, 0), mWidth:-1, mHeight:-1, requestedWidth:1240, requestedHeight:2772, transformHint:0, installOrientation:0, displayRotation:0, isSurfaceValid:true, attr.flag:-2122252032, tmpFrames:ClientWindowFrames{frame=[0,0][1240,2772] display=[0,0][1240,2772] parentFrame=[0,0][0,0]}, relayoutAsync:false, mSyncSeqId:0
2025-03-15 11:55:59.652 21588-21588 VRI[MainActivity]       com.example.whatsuit                 W  updateBlastSurfaceIfNeeded, surfaceSize:Point(1240, 2772), lastSurfaceSize:Point(0, 0), format:-1, blastBufferQueue:null
2025-03-15 11:55:59.652 21588-21588 BufferQueueConsumer     com.example.whatsuit                 D  [](id:545400000012,api:0,p:-1,c:21588) connect: controlledByApp=false
2025-03-15 11:55:59.654 21588-21588 VRI[MainActivity]       com.example.whatsuit                 W  performTraversals: cancelAndRedraw, mLastPerformTraversalsSkipDrawReasonpredraw_androidx.core.splashscreen.SplashScreen$Impl31$setKeepOnScreenCondition$1
2025-03-15 11:55:59.654 21588-21588 ViewRootImplExtImpl     com.example.whatsuit                 D  setMaxDequeuedBufferCount: 2
2025-03-15 11:55:59.655 21588-21588 ResourcesManagerExtImpl com.example.whatsuit                 D  applyConfigurationToAppResourcesLocked app.getDisplayId() return callback.displayId:0
2025-03-15 11:55:59.657 21588-21588 VRI[MainActivity]       com.example.whatsuit                 W  performTraversals: cancelAndRedraw, mLastPerformTraversalsSkipDrawReasonpredraw_androidx.core.splashscreen.SplashScreen$Impl31$setKeepOnScreenCondition$1
2025-03-15 11:55:59.657 21588-21588 VRI[MainActivity]       com.example.whatsuit                 W  handleResized, msg:, frameChanged:false, configChanged:false, displayChanged:false, attachedFrameChanged:false, compatScaleChanged:false, pendingDragResizing=false
2025-03-15 11:55:59.661 21588-21588 VRI[MainActivity]       com.example.whatsuit                 W  performTraversals: cancelAndRedraw, mLastPerformTraversalsSkipDrawReasonpredraw_androidx.core.splashscreen.SplashScreen$Impl31$setKeepOnScreenCondition$1
2025-03-15 11:55:59.669 21588-21588 VRI[MainActivity]       com.example.whatsuit                 W  performTraversals: cancelAndRedraw, mLastPerformTraversalsSkipDrawReasonpredraw_androidx.core.splashscreen.SplashScreen$Impl31$setKeepOnScreenCondition$1
2025-03-15 11:55:59.677 21588-21588 VRI[MainActivity]       com.example.whatsuit                 W  performTraversals: cancelAndRedraw, mLastPerformTraversalsSkipDrawReasonpredraw_androidx.core.splashscreen.SplashScreen$Impl31$setKeepOnScreenCondition$1
2025-03-15 11:55:59.685 21588-21588 VRI[MainActivity]       com.example.whatsuit                 W  performTraversals: cancelAndRedraw, mLastPerformTraversalsSkipDrawReasonpredraw_androidx.core.splashscreen.SplashScreen$Impl31$setKeepOnScreenCondition$1
2025-03-15 11:55:59.693 21588-21588 VRI[MainActivity]       com.example.whatsuit                 W  performTraversals: cancelAndRedraw, mLastPerformTraversalsSkipDrawReasonpredraw_androidx.core.splashscreen.SplashScreen$Impl31$setKeepOnScreenCondition$1
2025-03-15 11:55:59.702 21588-21588 VRI[MainActivity]       com.example.whatsuit                 W  performTraversals: cancelAndRedraw, mLastPerformTraversalsSkipDrawReasonpredraw_androidx.core.splashscreen.SplashScreen$Impl31$setKeepOnScreenCondition$1
2025-03-15 11:55:59.710 21588-21588 VRI[MainActivity]       com.example.whatsuit                 W  performTraversals: cancelAndRedraw, mLastPerformTraversalsSkipDrawReasonpredraw_androidx.core.splashscreen.SplashScreen$Impl31$setKeepOnScreenCondition$1
2025-03-15 11:55:59.718 21588-21588 VRI[MainActivity]       com.example.whatsuit                 W  performTraversals: cancelAndRedraw, mLastPerformTraversalsSkipDrawReasonpredraw_androidx.core.splashscreen.SplashScreen$Impl31$setKeepOnScreenCondition$1
2025-03-15 11:55:59.727 21588-21588 VRI[MainActivity]       com.example.whatsuit                 W  performTraversals: cancelAndRedraw, mLastPerformTraversalsSkipDrawReasonpredraw_androidx.core.splashscreen.SplashScreen$Impl31$setKeepOnScreenCondition$1
2025-03-15 11:55:59.735 21588-21588 VRI[MainActivity]       com.example.whatsuit                 W  performTraversals: cancelAndRedraw, mLastPerformTraversalsSkipDrawReasonpredraw_androidx.core.splashscreen.SplashScreen$Impl31$setKeepOnScreenCondition$1
2025-03-15 11:55:59.743 21588-21588 VRI[MainActivity]       com.example.whatsuit                 W  performTraversals: cancelAndRedraw, mLastPerformTraversalsSkipDrawReasonpredraw_androidx.core.splashscreen.SplashScreen$Impl31$setKeepOnScreenCondition$1
2025-03-15 11:55:59.751 21588-21588 VRI[MainActivity]       com.example.whatsuit                 W  performTraversals: cancelAndRedraw, mLastPerformTraversalsSkipDrawReasonpredraw_androidx.core.splashscreen.SplashScreen$Impl31$setKeepOnScreenCondition$1
2025-03-15 11:55:59.760 21588-21588 VRI[MainActivity]       com.example.whatsuit                 W  performTraversals: cancelAndRedraw, mLastPerformTraversalsSkipDrawReasonpredraw_androidx.core.splashscreen.SplashScreen$Impl31$setKeepOnScreenCondition$1
2025-03-15 11:55:59.768 21588-21588 VRI[MainActivity]       com.example.whatsuit                 W  performTraversals: cancelAndRedraw, mLastPerformTraversalsSkipDrawReasonpredraw_androidx.core.splashscreen.SplashScreen$Impl31$setKeepOnScreenCondition$1
2025-03-15 11:55:59.776 21588-21588 VRI[MainActivity]       com.example.whatsuit                 W  performTraversals: cancelAndRedraw, mLastPerformTraversalsSkipDrawReasonpredraw_androidx.core.splashscreen.SplashScreen$Impl31$setKeepOnScreenCondition$1
2025-03-15 11:55:59.784 21588-21588 VRI[MainActivity]       com.example.whatsuit                 W  performTraversals: cancelAndRedraw, mLastPerformTraversalsSkipDrawReasonpredraw_androidx.core.splashscreen.SplashScreen$Impl31$setKeepOnScreenCondition$1
2025-03-15 11:55:59.792 21588-21588 VRI[MainActivity]       com.example.whatsuit                 W  performTraversals: cancelAndRedraw, mLastPerformTraversalsSkipDrawReasonpredraw_androidx.core.splashscreen.SplashScreen$Impl31$setKeepOnScreenCondition$1
2025-03-15 11:55:59.801 21588-21588 VRI[MainActivity]       com.example.whatsuit                 W  performTraversals: cancelAndRedraw, mLastPerformTraversalsSkipDrawReasonpredraw_androidx.core.splashscreen.SplashScreen$Impl31$setKeepOnScreenCondition$1
2025-03-15 11:55:59.809 21588-21588 VRI[MainActivity]       com.example.whatsuit                 W  performTraversals: cancelAndRedraw, mLastPerformTraversalsSkipDrawReasonpredraw_androidx.core.splashscreen.SplashScreen$Impl31$setKeepOnScreenCondition$1
2025-03-15 11:55:59.817 21588-21588 VRI[MainActivity]       com.example.whatsuit                 W  performTraversals: cancelAndRedraw, mLastPerformTraversalsSkipDrawReasonpredraw_androidx.core.splashscreen.SplashScreen$Impl31$setKeepOnScreenCondition$1
2025-03-15 11:55:59.825 21588-21588 VRI[MainActivity]       com.example.whatsuit                 W  performTraversals: cancelAndRedraw, mLastPerformTraversalsSkipDrawReasonpredraw_androidx.core.splashscreen.SplashScreen$Impl31$setKeepOnScreenCondition$1
2025-03-15 11:55:59.834 21588-21588 VRI[MainActivity]       com.example.whatsuit                 W  performTraversals: cancelAndRedraw, mLastPerformTraversalsSkipDrawReasonpredraw_androidx.core.splashscreen.SplashScreen$Impl31$setKeepOnScreenCondition$1
2025-03-15 11:55:59.842 21588-21588 VRI[MainActivity]       com.example.whatsuit                 W  performTraversals: cancelAndRedraw, mLastPerformTraversalsSkipDrawReasonpredraw_androidx.core.splashscreen.SplashScreen$Impl31$setKeepOnScreenCondition$1
2025-03-15 11:55:59.850 21588-21588 VRI[MainActivity]       com.example.whatsuit                 W  performTraversals: cancelAndRedraw, mLastPerformTraversalsSkipDrawReasonpredraw_androidx.core.splashscreen.SplashScreen$Impl31$setKeepOnScreenCondition$1
2025-03-15 11:55:59.859 21588-21588 VRI[MainActivity]       com.example.whatsuit                 W  performTraversals: cancelAndRedraw, mLastPerformTraversalsSkipDrawReasonpredraw_androidx.core.splashscreen.SplashScreen$Impl31$setKeepOnScreenCondition$1
2025-03-15 11:55:59.867 21588-21588 VRI[MainActivity]       com.example.whatsuit                 W  performTraversals: cancelAndRedraw, mLastPerformTraversalsSkipDrawReasonpredraw_androidx.core.splashscreen.SplashScreen$Impl31$setKeepOnScreenCondition$1
2025-03-15 11:55:59.875 21588-21588 VRI[MainActivity]       com.example.whatsuit                 W  performTraversals: cancelAndRedraw, mLastPerformTraversalsSkipDrawReasonpredraw_androidx.core.splashscreen.SplashScreen$Impl31$setKeepOnScreenCondition$1
2025-03-15 11:55:59.883 21588-21588 VRI[MainActivity]       com.example.whatsuit                 W  performTraversals: cancelAndRedraw, mLastPerformTraversalsSkipDrawReasonpredraw_androidx.core.splashscreen.SplashScreen$Impl31$setKeepOnScreenCondition$1
2025-03-15 11:55:59.892 21588-21588 VRI[MainActivity]       com.example.whatsuit                 W  performTraversals: cancelAndRedraw, mLastPerformTraversalsSkipDrawReasonpredraw_androidx.core.splashscreen.SplashScreen$Impl31$setKeepOnScreenCondition$1
2025-03-15 11:55:59.900 21588-21588 VRI[MainActivity]       com.example.whatsuit                 W  performTraversals: cancelAndRedraw, mLastPerformTraversalsSkipDrawReasonpredraw_androidx.core.splashscreen.SplashScreen$Impl31$setKeepOnScreenCondition$1
2025-03-15 11:55:59.908 21588-21588 VRI[MainActivity]       com.example.whatsuit                 W  performTraversals: cancelAndRedraw, mLastPerformTraversalsSkipDrawReasonpredraw_androidx.core.splashscreen.SplashScreen$Impl31$setKeepOnScreenCondition$1
2025-03-15 11:55:59.916 21588-21588 VRI[MainActivity]       com.example.whatsuit                 W  performTraversals: cancelAndRedraw, mLastPerformTraversalsSkipDrawReasonpredraw_androidx.core.splashscreen.SplashScreen$Impl31$setKeepOnScreenCondition$1
2025-03-15 11:55:59.925 21588-21588 VRI[MainActivity]       com.example.whatsuit                 W  performTraversals: cancelAndRedraw, mLastPerformTraversalsSkipDrawReasonpredraw_androidx.core.splashscreen.SplashScreen$Impl31$setKeepOnScreenCondition$1
2025-03-15 11:55:59.933 21588-21588 VRI[MainActivity]       com.example.whatsuit                 W  performTraversals: cancelAndRedraw, mLastPerformTraversalsSkipDrawReasonpredraw_androidx.core.splashscreen.SplashScreen$Impl31$setKeepOnScreenCondition$1
2025-03-15 11:55:59.941 21588-21588 VRI[MainActivity]       com.example.whatsuit                 W  performTraversals: cancelAndRedraw, mLastPerformTraversalsSkipDrawReasonpredraw_androidx.core.splashscreen.SplashScreen$Impl31$setKeepOnScreenCondition$1
2025-03-15 11:55:59.949 21588-21588 VRI[MainActivity]       com.example.whatsuit                 W  performTraversals: cancelAndRedraw, mLastPerformTraversalsSkipDrawReasonpredraw_androidx.core.splashscreen.SplashScreen$Impl31$setKeepOnScreenCondition$1
2025-03-15 11:55:59.958 21588-21588 VRI[MainActivity]       com.example.whatsuit                 W  performTraversals: cancelAndRedraw, mLastPerformTraversalsSkipDrawReasonpredraw_androidx.core.splashscreen.SplashScreen$Impl31$setKeepOnScreenCondition$1
2025-03-15 11:55:59.966 21588-21588 VRI[MainActivity]       com.example.whatsuit                 W  performTraversals: cancelAndRedraw, mLastPerformTraversalsSkipDrawReasonpredraw_androidx.core.splashscreen.SplashScreen$Impl31$setKeepOnScreenCondition$1
2025-03-15 11:55:59.974 21588-21588 VRI[MainActivity]       com.example.whatsuit                 W  performTraversals: cancelAndRedraw, mLastPerformTraversalsSkipDrawReasonpredraw_androidx.core.splashscreen.SplashScreen$Impl31$setKeepOnScreenCondition$1
2025-03-15 11:55:59.982 21588-21588 VRI[MainActivity]       com.example.whatsuit                 W  performTraversals: cancelAndRedraw, mLastPerformTraversalsSkipDrawReasonpredraw_androidx.core.splashscreen.SplashScreen$Impl31$setKeepOnScreenCondition$1
2025-03-15 11:55:59.991 21588-21588 VRI[MainActivity]       com.example.whatsuit                 W  performTraversals: cancelAndRedraw, mLastPerformTraversalsSkipDrawReasonpredraw_androidx.core.splashscreen.SplashScreen$Impl31$setKeepOnScreenCondition$1
2025-03-15 11:55:59.999 21588-21588 VRI[MainActivity]       com.example.whatsuit                 W  performTraversals: cancelAndRedraw, mLastPerformTraversalsSkipDrawReasonpredraw_androidx.core.splashscreen.SplashScreen$Impl31$setKeepOnScreenCondition$1
2025-03-15 11:56:00.007 21588-21588 VRI[MainActivity]       com.example.whatsuit                 W  performTraversals: cancelAndRedraw, mLastPerformTraversalsSkipDrawReasonpredraw_androidx.core.splashscreen.SplashScreen$Impl31$setKeepOnScreenCondition$1
2025-03-15 11:56:00.016 21588-21588 VRI[MainActivity]       com.example.whatsuit                 W  performTraversals: cancelAndRedraw, mLastPerformTraversalsSkipDrawReasonpredraw_androidx.core.splashscreen.SplashScreen$Impl31$setKeepOnScreenCondition$1
2025-03-15 11:56:00.024 21588-21588 VRI[MainActivity]       com.example.whatsuit                 W  performTraversals: cancelAndRedraw, mLastPerformTraversalsSkipDrawReasonpredraw_androidx.core.splashscreen.SplashScreen$Impl31$setKeepOnScreenCondition$1
2025-03-15 11:56:00.032 21588-21588 VRI[MainActivity]       com.example.whatsuit                 W  performTraversals: cancelAndRedraw, mLastPerformTraversalsSkipDrawReasonpredraw_androidx.core.splashscreen.SplashScreen$Impl31$setKeepOnScreenCondition$1
2025-03-15 11:56:00.040 21588-21588 VRI[MainActivity]       com.example.whatsuit                 W  performTraversals: cancelAndRedraw, mLastPerformTraversalsSkipDrawReasonpredraw_androidx.core.splashscreen.SplashScreen$Impl31$setKeepOnScreenCondition$1
2025-03-15 11:56:00.048 21588-21588 VRI[MainActivity]       com.example.whatsuit                 D   debugCancelDraw some OnPreDrawListener onPreDraw return false,cancelDraw=true,count=50,android.view.ViewRootImpl@87393f7
2025-03-15 11:56:00.048 21588-21588 VRI[MainActivity]       com.example.whatsuit                 W  performTraversals: cancelAndRedraw, mLastPerformTraversalsSkipDrawReasonpredraw_androidx.core.splashscreen.SplashScreen$Impl31$setKeepOnScreenCondition$1
2025-03-15 11:56:00.057 21588-21588 VRI[MainActivity]       com.example.whatsuit                 W  performTraversals: cancelAndRedraw, mLastPerformTraversalsSkipDrawReasonpredraw_androidx.core.splashscreen.SplashScreen$Impl31$setKeepOnScreenCondition$1
2025-03-15 11:56:00.065 21588-21588 VRI[MainActivity]       com.example.whatsuit                 W  performTraversals: cancelAndRedraw, mLastPerformTraversalsSkipDrawReasonpredraw_androidx.core.splashscreen.SplashScreen$Impl31$setKeepOnScreenCondition$1
2025-03-15 11:56:00.073 21588-21588 VRI[MainActivity]       com.example.whatsuit                 W  performTraversals: cancelAndRedraw, mLastPerformTraversalsSkipDrawReasonpredraw_androidx.core.splashscreen.SplashScreen$Impl31$setKeepOnScreenCondition$1
2025-03-15 11:56:00.081 21588-21588 VRI[MainActivity]       com.example.whatsuit                 W  performTraversals: cancelAndRedraw, mLastPerformTraversalsSkipDrawReasonpredraw_androidx.core.splashscreen.SplashScreen$Impl31$setKeepOnScreenCondition$1
2025-03-15 11:56:00.090 21588-21588 VRI[MainActivity]       com.example.whatsuit                 W  performTraversals: cancelAndRedraw, mLastPerformTraversalsSkipDrawReasonpredraw_androidx.core.splashscreen.SplashScreen$Impl31$setKeepOnScreenCondition$1
2025-03-15 11:56:00.098 21588-21588 VRI[MainActivity]       com.example.whatsuit                 W  performTraversals: cancelAndRedraw, mLastPerformTraversalsSkipDrawReasonpredraw_androidx.core.splashscreen.SplashScreen$Impl31$setKeepOnScreenCondition$1
2025-03-15 11:56:00.106 21588-21588 VRI[MainActivity]       com.example.whatsuit                 W  performTraversals: cancelAndRedraw, mLastPerformTraversalsSkipDrawReasonpredraw_androidx.core.splashscreen.SplashScreen$Impl31$setKeepOnScreenCondition$1
2025-03-15 11:56:00.115 21588-21588 VRI[MainActivity]       com.example.whatsuit                 W  performTraversals: cancelAndRedraw, mLastPerformTraversalsSkipDrawReasonpredraw_androidx.core.splashscreen.SplashScreen$Impl31$setKeepOnScreenCondition$1
2025-03-15 11:56:00.123 21588-21588 VRI[MainActivity]       com.example.whatsuit                 W  performTraversals: cancelAndRedraw, mLastPerformTraversalsSkipDrawReasonpredraw_androidx.core.splashscreen.SplashScreen$Impl31$setKeepOnScreenCondition$1
2025-03-15 11:56:00.131 21588-21588 VRI[MainActivity]       com.example.whatsuit                 W  performTraversals: cancelAndRedraw, mLastPerformTraversalsSkipDrawReasonpredraw_androidx.core.splashscreen.SplashScreen$Impl31$setKeepOnScreenCondition$1
2025-03-15 11:56:00.139 21588-21588 VRI[MainActivity]       com.example.whatsuit                 W  performTraversals: cancelAndRedraw, mLastPerformTraversalsSkipDrawReasonpredraw_androidx.core.splashscreen.SplashScreen$Impl31$setKeepOnScreenCondition$1
2025-03-15 11:56:00.147 21588-21588 VRI[MainActivity]       com.example.whatsuit                 W  performTraversals: cancelAndRedraw, mLastPerformTraversalsSkipDrawReasonpredraw_androidx.core.splashscreen.SplashScreen$Impl31$setKeepOnScreenCondition$1
2025-03-15 11:56:00.156 21588-21588 VRI[MainActivity]       com.example.whatsuit                 W  performTraversals: cancelAndRedraw, mLastPerformTraversalsSkipDrawReasonpredraw_androidx.core.splashscreen.SplashScreen$Impl31$setKeepOnScreenCondition$1
2025-03-15 11:56:00.164 21588-21588 VRI[MainActivity]       com.example.whatsuit                 W  performTraversals: cancelAndRedraw, mLastPerformTraversalsSkipDrawReasonpredraw_androidx.core.splashscreen.SplashScreen$Impl31$setKeepOnScreenCondition$1
2025-03-15 11:56:00.172 21588-21588 VRI[MainActivity]       com.example.whatsuit                 W  performTraversals: cancelAndRedraw, mLastPerformTraversalsSkipDrawReasonpredraw_androidx.core.splashscreen.SplashScreen$Impl31$setKeepOnScreenCondition$1
2025-03-15 11:56:00.180 21588-21588 VRI[MainActivity]       com.example.whatsuit                 W  performTraversals: cancelAndRedraw, mLastPerformTraversalsSkipDrawReasonpredraw_androidx.core.splashscreen.SplashScreen$Impl31$setKeepOnScreenCondition$1
2025-03-15 11:56:00.189 21588-21588 VRI[MainActivity]       com.example.whatsuit                 W  performTraversals: cancelAndRedraw, mLastPerformTraversalsSkipDrawReasonpredraw_androidx.core.splashscreen.SplashScreen$Impl31$setKeepOnScreenCondition$1
2025-03-15 11:56:00.197 21588-21588 VRI[MainActivity]       com.example.whatsuit                 W  performTraversals: cancelAndRedraw, mLastPerformTraversalsSkipDrawReasonpredraw_androidx.core.splashscreen.SplashScreen$Impl31$setKeepOnScreenCondition$1
2025-03-15 11:56:00.205 21588-21588 VRI[MainActivity]       com.example.whatsuit                 W  performTraversals: cancelAndRedraw, mLastPerformTraversalsSkipDrawReasonpredraw_androidx.core.splashscreen.SplashScreen$Impl31$setKeepOnScreenCondition$1
2025-03-15 11:56:00.214 21588-21588 VRI[MainActivity]       com.example.whatsuit                 W  performTraversals: cancelAndRedraw, mLastPerformTraversalsSkipDrawReasonpredraw_androidx.core.splashscreen.SplashScreen$Impl31$setKeepOnScreenCondition$1
2025-03-15 11:56:00.222 21588-21588 VRI[MainActivity]       com.example.whatsuit                 W  performTraversals: cancelAndRedraw, mLastPerformTraversalsSkipDrawReasonpredraw_androidx.core.splashscreen.SplashScreen$Impl31$setKeepOnScreenCondition$1
2025-03-15 11:56:00.230 21588-21588 VRI[MainActivity]       com.example.whatsuit                 W  performTraversals: cancelAndRedraw, mLastPerformTraversalsSkipDrawReasonpredraw_androidx.core.splashscreen.SplashScreen$Impl31$setKeepOnScreenCondition$1
2025-03-15 11:56:00.238 21588-21588 VRI[MainActivity]       com.example.whatsuit                 W  performTraversals: cancelAndRedraw, mLastPerformTraversalsSkipDrawReasonpredraw_androidx.core.splashscreen.SplashScreen$Impl31$setKeepOnScreenCondition$1
2025-03-15 11:56:00.247 21588-21588 VRI[MainActivity]       com.example.whatsuit                 W  performTraversals: cancelAndRedraw, mLastPerformTraversalsSkipDrawReasonpredraw_androidx.core.splashscreen.SplashScreen$Impl31$setKeepOnScreenCondition$1
2025-03-15 11:56:00.255 21588-21588 VRI[MainActivity]       com.example.whatsuit                 W  performTraversals: cancelAndRedraw, mLastPerformTraversalsSkipDrawReasonpredraw_androidx.core.splashscreen.SplashScreen$Impl31$setKeepOnScreenCondition$1
2025-03-15 11:56:00.264 21588-21588 VRI[MainActivity]       com.example.whatsuit                 W  performTraversals: cancelAndRedraw, mLastPerformTraversalsSkipDrawReasonpredraw_androidx.core.splashscreen.SplashScreen$Impl31$setKeepOnScreenCondition$1
2025-03-15 11:56:00.272 21588-21588 VRI[MainActivity]       com.example.whatsuit                 W  performTraversals: cancelAndRedraw, mLastPerformTraversalsSkipDrawReasonpredraw_androidx.core.splashscreen.SplashScreen$Impl31$setKeepOnScreenCondition$1
2025-03-15 11:56:00.281 21588-21588 VRI[MainActivity]       com.example.whatsuit                 W  performTraversals: cancelAndRedraw, mLastPerformTraversalsSkipDrawReasonpredraw_androidx.core.splashscreen.SplashScreen$Impl31$setKeepOnScreenCondition$1
2025-03-15 11:56:00.289 21588-21588 VRI[MainActivity]       com.example.whatsuit                 W  performTraversals: cancelAndRedraw, mLastPerformTraversalsSkipDrawReasonpredraw_androidx.core.splashscreen.SplashScreen$Impl31$setKeepOnScreenCondition$1
2025-03-15 11:56:00.297 21588-21588 VRI[MainActivity]       com.example.whatsuit                 W  performTraversals: cancelAndRedraw, mLastPerformTraversalsSkipDrawReasonpredraw_androidx.core.splashscreen.SplashScreen$Impl31$setKeepOnScreenCondition$1
2025-03-15 11:56:00.305 21588-21588 VRI[MainActivity]       com.example.whatsuit                 W  performTraversals: cancelAndRedraw, mLastPerformTraversalsSkipDrawReasonpredraw_androidx.core.splashscreen.SplashScreen$Impl31$setKeepOnScreenCondition$1
2025-03-15 11:56:00.313 21588-21588 VRI[MainActivity]       com.example.whatsuit                 W  performTraversals: cancelAndRedraw, mLastPerformTraversalsSkipDrawReasonpredraw_androidx.core.splashscreen.SplashScreen$Impl31$setKeepOnScreenCondition$1
2025-03-15 11:56:00.321 21588-21588 VRI[MainActivity]       com.example.whatsuit                 W  performTraversals: cancelAndRedraw, mLastPerformTraversalsSkipDrawReasonpredraw_androidx.core.splashscreen.SplashScreen$Impl31$setKeepOnScreenCondition$1
2025-03-15 11:56:00.329 21588-21588 VRI[MainActivity]       com.example.whatsuit                 W  performTraversals: cancelAndRedraw, mLastPerformTraversalsSkipDrawReasonpredraw_androidx.core.splashscreen.SplashScreen$Impl31$setKeepOnScreenCondition$1
2025-03-15 11:56:00.338 21588-21588 VRI[MainActivity]       com.example.whatsuit                 W  performTraversals: cancelAndRedraw, mLastPerformTraversalsSkipDrawReasonpredraw_androidx.core.splashscreen.SplashScreen$Impl31$setKeepOnScreenCondition$1
2025-03-15 11:56:00.346 21588-21588 VRI[MainActivity]       com.example.whatsuit                 W  performTraversals: cancelAndRedraw, mLastPerformTraversalsSkipDrawReasonpredraw_androidx.core.splashscreen.SplashScreen$Impl31$setKeepOnScreenCondition$1
2025-03-15 11:56:00.354 21588-21588 VRI[MainActivity]       com.example.whatsuit                 W  performTraversals: cancelAndRedraw, mLastPerformTraversalsSkipDrawReasonpredraw_androidx.core.splashscreen.SplashScreen$Impl31$setKeepOnScreenCondition$1
2025-03-15 11:56:00.362 21588-21588 VRI[MainActivity]       com.example.whatsuit                 W  performTraversals: cancelAndRedraw, mLastPerformTraversalsSkipDrawReasonpredraw_androidx.core.splashscreen.SplashScreen$Impl31$setKeepOnScreenCondition$1
2025-03-15 11:56:00.372 21588-21588 VRI[MainActivity]       com.example.whatsuit                 W  performTraversals: cancelAndRedraw, mLastPerformTraversalsSkipDrawReasonpredraw_androidx.core.splashscreen.SplashScreen$Impl31$setKeepOnScreenCondition$1
2025-03-15 11:56:00.380 21588-21588 VRI[MainActivity]       com.example.whatsuit                 W  performTraversals: cancelAndRedraw, mLastPerformTraversalsSkipDrawReasonpredraw_androidx.core.splashscreen.SplashScreen$Impl31$setKeepOnScreenCondition$1
2025-03-15 11:56:00.388 21588-21588 VRI[MainActivity]       com.example.whatsuit                 W  performTraversals: cancelAndRedraw, mLastPerformTraversalsSkipDrawReasonpredraw_androidx.core.splashscreen.SplashScreen$Impl31$setKeepOnScreenCondition$1
2025-03-15 11:56:00.396 21588-21588 VRI[MainActivity]       com.example.whatsuit                 W  performTraversals: cancelAndRedraw, mLastPerformTraversalsSkipDrawReasonpredraw_androidx.core.splashscreen.SplashScreen$Impl31$setKeepOnScreenCondition$1
2025-03-15 11:56:00.404 21588-21588 VRI[MainActivity]       com.example.whatsuit                 W  performTraversals: cancelAndRedraw, mLastPerformTraversalsSkipDrawReasonpredraw_androidx.core.splashscreen.SplashScreen$Impl31$setKeepOnScreenCondition$1
2025-03-15 11:56:00.412 21588-21588 VRI[MainActivity]       com.example.whatsuit                 W  performTraversals: cancelAndRedraw, mLastPerformTraversalsSkipDrawReasonpredraw_androidx.core.splashscreen.SplashScreen$Impl31$setKeepOnScreenCondition$1
2025-03-15 11:56:00.420 21588-21588 VRI[MainActivity]       com.example.whatsuit                 W  performTraversals: cancelAndRedraw, mLastPerformTraversalsSkipDrawReasonpredraw_androidx.core.splashscreen.SplashScreen$Impl31$setKeepOnScreenCondition$1
2025-03-15 11:56:00.429 21588-21588 VRI[MainActivity]       com.example.whatsuit                 W  performTraversals: cancelAndRedraw, mLastPerformTraversalsSkipDrawReasonpredraw_androidx.core.splashscreen.SplashScreen$Impl31$setKeepOnScreenCondition$1
2025-03-15 11:56:00.437 21588-21588 VRI[MainActivity]       com.example.whatsuit                 W  performTraversals: cancelAndRedraw, mLastPerformTraversalsSkipDrawReasonpredraw_androidx.core.splashscreen.SplashScreen$Impl31$setKeepOnScreenCondition$1
2025-03-15 11:56:00.445 21588-21588 VRI[MainActivity]       com.example.whatsuit                 W  performTraversals: cancelAndRedraw, mLastPerformTraversalsSkipDrawReasonpredraw_androidx.core.splashscreen.SplashScreen$Impl31$setKeepOnScreenCondition$1
2025-03-15 11:56:00.453 21588-21588 VRI[MainActivity]       com.example.whatsuit                 W  performTraversals: cancelAndRedraw, mLastPerformTraversalsSkipDrawReasonpredraw_androidx.core.splashscreen.SplashScreen$Impl31$setKeepOnScreenCondition$1
2025-03-15 11:56:00.462 21588-21588 VRI[MainActivity]       com.example.whatsuit                 W  performTraversals: cancelAndRedraw, mLastPerformTraversalsSkipDrawReasonpredraw_androidx.core.splashscreen.SplashScreen$Impl31$setKeepOnScreenCondition$1
2025-03-15 11:56:00.470 21588-21588 VRI[MainActivity]       com.example.whatsuit                 W  performTraversals: cancelAndRedraw, mLastPerformTraversalsSkipDrawReasonpredraw_androidx.core.splashscreen.SplashScreen$Impl31$setKeepOnScreenCondition$1
2025-03-15 11:56:00.478 21588-21588 VRI[MainActivity]       com.example.whatsuit                 W  performTraversals: cancelAndRedraw, mLastPerformTraversalsSkipDrawReasonpredraw_androidx.core.splashscreen.SplashScreen$Impl31$setKeepOnScreenCondition$1
2025-03-15 11:56:00.487 21588-21588 VRI[MainActivity]       com.example.whatsuit                 W  performTraversals: cancelAndRedraw, mLastPerformTraversalsSkipDrawReasonpredraw_androidx.core.splashscreen.SplashScreen$Impl31$setKeepOnScreenCondition$1
2025-03-15 11:56:00.495 21588-21588 VRI[MainActivity]       com.example.whatsuit                 W  performTraversals: cancelAndRedraw, mLastPerformTraversalsSkipDrawReasonpredraw_androidx.core.splashscreen.SplashScreen$Impl31$setKeepOnScreenCondition$1
2025-03-15 11:56:00.503 21588-21588 VRI[MainActivity]       com.example.whatsuit                 W  performTraversals: cancelAndRedraw, mLastPerformTraversalsSkipDrawReasonpredraw_androidx.core.splashscreen.SplashScreen$Impl31$setKeepOnScreenCondition$1
2025-03-15 11:56:00.511 21588-21588 VRI[MainActivity]       com.example.whatsuit                 W  performTraversals: cancelAndRedraw, mLastPerformTraversalsSkipDrawReasonpredraw_androidx.core.splashscreen.SplashScreen$Impl31$setKeepOnScreenCondition$1
2025-03-15 11:56:00.520 21588-21588 VRI[MainActivity]       com.example.whatsuit                 W  performTraversals: cancelAndRedraw, mLastPerformTraversalsSkipDrawReasonpredraw_androidx.core.splashscreen.SplashScreen$Impl31$setKeepOnScreenCondition$1
2025-03-15 11:56:00.528 21588-21588 VRI[MainActivity]       com.example.whatsuit                 W  performTraversals: cancelAndRedraw, mLastPerformTraversalsSkipDrawReasonpredraw_androidx.core.splashscreen.SplashScreen$Impl31$setKeepOnScreenCondition$1
2025-03-15 11:56:00.536 21588-21588 VRI[MainActivity]       com.example.whatsuit                 W  performTraversals: cancelAndRedraw, mLastPerformTraversalsSkipDrawReasonpredraw_androidx.core.splashscreen.SplashScreen$Impl31$setKeepOnScreenCondition$1
2025-03-15 11:56:00.544 21588-21588 VRI[MainActivity]       com.example.whatsuit                 W  performTraversals: cancelAndRedraw, mLastPerformTraversalsSkipDrawReasonpredraw_androidx.core.splashscreen.SplashScreen$Impl31$setKeepOnScreenCondition$1
2025-03-15 11:56:00.553 21588-21588 VRI[MainActivity]       com.example.whatsuit                 W  performTraversals: cancelAndRedraw, mLastPerformTraversalsSkipDrawReasonpredraw_androidx.core.splashscreen.SplashScreen$Impl31$setKeepOnScreenCondition$1
2025-03-15 11:56:00.561 21588-21588 VRI[MainActivity]       com.example.whatsuit                 W  performTraversals: cancelAndRedraw, mLastPerformTraversalsSkipDrawReasonpredraw_androidx.core.splashscreen.SplashScreen$Impl31$setKeepOnScreenCondition$1
2025-03-15 11:56:00.569 21588-21588 VRI[MainActivity]       com.example.whatsuit                 W  performTraversals: cancelAndRedraw, mLastPerformTraversalsSkipDrawReasonpredraw_androidx.core.splashscreen.SplashScreen$Impl31$setKeepOnScreenCondition$1
2025-03-15 11:56:00.578 21588-21588 VRI[MainActivity]       com.example.whatsuit                 W  performTraversals: cancelAndRedraw, mLastPerformTraversalsSkipDrawReasonpredraw_androidx.core.splashscreen.SplashScreen$Impl31$setKeepOnScreenCondition$1
2025-03-15 11:56:00.586 21588-21588 VRI[MainActivity]       com.example.whatsuit                 W  performTraversals: cancelAndRedraw, mLastPerformTraversalsSkipDrawReasonpredraw_androidx.core.splashscreen.SplashScreen$Impl31$setKeepOnScreenCondition$1
2025-03-15 11:56:00.594 21588-21588 VRI[MainActivity]       com.example.whatsuit                 W  performTraversals: cancelAndRedraw, mLastPerformTraversalsSkipDrawReasonpredraw_androidx.core.splashscreen.SplashScreen$Impl31$setKeepOnScreenCondition$1
2025-03-15 11:56:00.603 21588-21588 VRI[MainActivity]       com.example.whatsuit                 W  performTraversals: cancelAndRedraw, mLastPerformTraversalsSkipDrawReasonpredraw_androidx.core.splashscreen.SplashScreen$Impl31$setKeepOnScreenCondition$1
2025-03-15 11:56:00.610 21588-21588 VRI[MainActivity]       com.example.whatsuit                 W  performTraversals: cancelAndRedraw, mLastPerformTraversalsSkipDrawReasonpredraw_androidx.core.splashscreen.SplashScreen$Impl31$setKeepOnScreenCondition$1
2025-03-15 11:56:00.619 21588-21588 VRI[MainActivity]       com.example.whatsuit                 W  performTraversals: cancelAndRedraw, mLastPerformTraversalsSkipDrawReasonpredraw_androidx.core.splashscreen.SplashScreen$Impl31$setKeepOnScreenCondition$1
2025-03-15 11:56:00.627 21588-21588 VRI[MainActivity]       com.example.whatsuit                 W  performTraversals: cancelAndRedraw, mLastPerformTraversalsSkipDrawReasonpredraw_androidx.core.splashscreen.SplashScreen$Impl31$setKeepOnScreenCondition$1
2025-03-15 11:56:00.635 21588-21588 VRI[MainActivity]       com.example.whatsuit                 W  performTraversals: cancelAndRedraw, mLastPerformTraversalsSkipDrawReasonpredraw_androidx.core.splashscreen.SplashScreen$Impl31$setKeepOnScreenCondition$1
2025-03-15 11:56:00.643 21588-21588 VRI[MainActivity]       com.example.whatsuit                 W  performTraversals: cancelAndRedraw, mLastPerformTraversalsSkipDrawReasonpredraw_androidx.core.splashscreen.SplashScreen$Impl31$setKeepOnScreenCondition$1
2025-03-15 11:56:00.652 21588-21588 VRI[MainActivity]       com.example.whatsuit                 W  performTraversals: cancelAndRedraw, mLastPerformTraversalsSkipDrawReasonpredraw_androidx.core.splashscreen.SplashScreen$Impl31$setKeepOnScreenCondition$1
2025-03-15 11:56:00.660 21588-21588 VRI[MainActivity]       com.example.whatsuit                 W  performTraversals: cancelAndRedraw, mLastPerformTraversalsSkipDrawReasonpredraw_androidx.core.splashscreen.SplashScreen$Impl31$setKeepOnScreenCondition$1
2025-03-15 11:56:00.668 21588-21588 VRI[MainActivity]       com.example.whatsuit                 W  performTraversals: cancelAndRedraw, mLastPerformTraversalsSkipDrawReasonpredraw_androidx.core.splashscreen.SplashScreen$Impl31$setKeepOnScreenCondition$1
2025-03-15 11:56:00.677 21588-21588 VRI[MainActivity]       com.example.whatsuit                 W  performTraversals: cancelAndRedraw, mLastPerformTraversalsSkipDrawReasonpredraw_androidx.core.splashscreen.SplashScreen$Impl31$setKeepOnScreenCondition$1
2025-03-15 11:56:00.685 21588-21588 VRI[MainActivity]       com.example.whatsuit                 W  performTraversals: cancelAndRedraw, mLastPerformTraversalsSkipDrawReasonpredraw_androidx.core.splashscreen.SplashScreen$Impl31$setKeepOnScreenCondition$1
2025-03-15 11:56:00.693 21588-21588 VRI[MainActivity]       com.example.whatsuit                 W  performTraversals: cancelAndRedraw, mLastPerformTraversalsSkipDrawReasonpredraw_androidx.core.splashscreen.SplashScreen$Impl31$setKeepOnScreenCondition$1
2025-03-15 11:56:00.701 21588-21588 VRI[MainActivity]       com.example.whatsuit                 W  performTraversals: cancelAndRedraw, mLastPerformTraversalsSkipDrawReasonpredraw_androidx.core.splashscreen.SplashScreen$Impl31$setKeepOnScreenCondition$1
2025-03-15 11:56:00.710 21588-21588 VRI[MainActivity]       com.example.whatsuit                 W  performTraversals: cancelAndRedraw, mLastPerformTraversalsSkipDrawReasonpredraw_androidx.core.splashscreen.SplashScreen$Impl31$setKeepOnScreenCondition$1
2025-03-15 11:56:00.718 21588-21588 VRI[MainActivity]       com.example.whatsuit                 W  performTraversals: cancelAndRedraw, mLastPerformTraversalsSkipDrawReasonpredraw_androidx.core.splashscreen.SplashScreen$Impl31$setKeepOnScreenCondition$1
2025-03-15 11:56:00.727 21588-21588 VRI[MainActivity]       com.example.whatsuit                 W  performTraversals: cancelAndRedraw, mLastPerformTraversalsSkipDrawReasonpredraw_androidx.core.splashscreen.SplashScreen$Impl31$setKeepOnScreenCondition$1
2025-03-15 11:56:00.735 21588-21588 VRI[MainActivity]       com.example.whatsuit                 W  performTraversals: cancelAndRedraw, mLastPerformTraversalsSkipDrawReasonpredraw_androidx.core.splashscreen.SplashScreen$Impl31$setKeepOnScreenCondition$1
2025-03-15 11:56:00.743 21588-21588 VRI[MainActivity]       com.example.whatsuit                 W  performTraversals: cancelAndRedraw, mLastPerformTraversalsSkipDrawReasonpredraw_androidx.core.splashscreen.SplashScreen$Impl31$setKeepOnScreenCondition$1
2025-03-15 11:56:00.752 21588-21588 VRI[MainActivity]       com.example.whatsuit                 W  performTraversals: cancelAndRedraw, mLastPerformTraversalsSkipDrawReasonpredraw_androidx.core.splashscreen.SplashScreen$Impl31$setKeepOnScreenCondition$1
2025-03-15 11:56:00.759 21588-21588 VRI[MainActivity]       com.example.whatsuit                 W  performTraversals: cancelAndRedraw, mLastPerformTraversalsSkipDrawReasonpredraw_androidx.core.splashscreen.SplashScreen$Impl31$setKeepOnScreenCondition$1
2025-03-15 11:56:00.768 21588-21588 VRI[MainActivity]       com.example.whatsuit                 W  performTraversals: cancelAndRedraw, mLastPerformTraversalsSkipDrawReasonpredraw_androidx.core.splashscreen.SplashScreen$Impl31$setKeepOnScreenCondition$1
2025-03-15 11:56:00.776 21588-21588 VRI[MainActivity]       com.example.whatsuit                 W  performTraversals: cancelAndRedraw, mLastPerformTraversalsSkipDrawReasonpredraw_androidx.core.splashscreen.SplashScreen$Impl31$setKeepOnScreenCondition$1
2025-03-15 11:56:00.784 21588-21588 VRI[MainActivity]       com.example.whatsuit                 W  performTraversals: cancelAndRedraw, mLastPerformTraversalsSkipDrawReasonpredraw_androidx.core.splashscreen.SplashScreen$Impl31$setKeepOnScreenCondition$1
2025-03-15 11:56:00.793 21588-21588 VRI[MainActivity]       com.example.whatsuit                 W  performTraversals: cancelAndRedraw, mLastPerformTraversalsSkipDrawReasonpredraw_androidx.core.splashscreen.SplashScreen$Impl31$setKeepOnScreenCondition$1
2025-03-15 11:56:00.801 21588-21588 VRI[MainActivity]       com.example.whatsuit                 D   debugCancelDraw  cancelDraw=false,count = 140,android.view.ViewRootImpl@87393f7
2025-03-15 11:56:00.802 21588-21588 SurfaceControl          com.example.whatsuit                 I   setExtendedRangeBrightness sc=Surface(name=com.example.whatsuit/com.example.whatsuit.MainActivity)/@0xb1aa9fc,currentBufferRatio=1.0,desiredRatio=1.0
2025-03-15 11:56:00.805 21588-21588 xample.whatsuit         com.example.whatsuit                 I  _Desupression native alloc  gc_urgency: 65719expectation: 477519 native bytes: 72428081
2025-03-15 11:56:00.816 21588-22048 BLASTBufferQueue        com.example.whatsuit                 D  [VRI[MainActivity]#18](f:0,a:1) acquireNextBufferLocked size=1240x2772 mFrameNumber=1 applyTransaction=true mTimestamp=308362932942994(auto) mPendingTransactions.size=0 graphicBufferId=92719753986123 transform=0
2025-03-15 11:56:00.816 21588-22048 VRI[MainActivity]       com.example.whatsuit                 D  Received frameCommittedCallback lastAttemptedDrawFrameNum=1 didProduceBuffer=true syncBuffer=false
2025-03-15 11:56:00.818 21588-21588 VRI[MainActivity]       com.example.whatsuit                 D  draw finished. seqId=0
2025-03-15 11:56:00.873 21588-21588 VRI[MainActivity]       com.example.whatsuit                 D  onFocusEvent true
2025-03-15 11:56:01.462 21588-21588 VRI[MainActivity]       com.example.whatsuit                 D  onFocusEvent false
2025-03-15 11:56:01.490 21588-21588 ScrollOpti...neManager] com.example.whatsuit                 D  updateCurrentActivity: mCurrentActivityName=null, isOptEnable=true, isAnimAheadEnable=true, isFrameInsertEnable=true, InsertNum=1, isEnabledForScrollChanged=false
2025-03-15 11:56:01.491 21588-21588 VRI[MainActivity]       com.example.whatsuit                 D  setWindowStopped stopped:true
2025-03-15 11:56:01.495 21588-21588 HWUI                    com.example.whatsuit                 D  RenderProxy::destroy: this=0xb400006e26fc5900, mContext=0xb400006f53845600
2025-03-15 11:56:01.495 21588-22048 HWUI                    com.example.whatsuit                 D  SkiaOpenGLPipeline::setSurface: this=0xb400006f1fc73600, surface=NULL
2025-03-15 11:56:01.497 21588-21588 ViewRootImplExtImpl     com.example.whatsuit                 D  wrapConfigInfoIntoFlags rotation=0, smallestScreenWidthDp=354, relayoutAsync=false, flags=0, newFlags=23199744, residentWS=false, title=com.example.whatsuit/com.example.whatsuit.MainActivity
2025-03-15 11:56:01.501 21588-22247 BLASTBufferQueue        com.example.whatsuit                 D  [VRI[MainActivity]#18](f:0,a:1) destructor()
2025-03-15 11:56:01.501 21588-22247 BufferQueueConsumer     com.example.whatsuit                 D  [VRI[MainActivity]#18(BLAST Consumer)18](id:545400000012,api:0,p:-1,c:21588) disconnect
2025-03-15 11:56:01.505 21588-21588 VRI[MainActivity]       com.example.whatsuit                 D  relayoutWindow result, sizeChanged:false, surfaceControlChanged:true, transformHintChanged:false, mSurfaceSize:Point(1240, 2772), mLastSurfaceSize:Point(1240, 2772), mWidth:1240, mHeight:2772, requestedWidth:1240, requestedHeight:2772, transformHint:0, installOrientation:0, displayRotation:0, isSurfaceValid:false, attr.flag:-2122252032, tmpFrames:ClientWindowFrames{frame=[0,0][1240,2772] display=[0,0][1240,2772] parentFrame=[0,0][0,0]}, relayoutAsync:false, mSyncSeqId:0
2025-03-15 11:56:01.508 21588-21636 VRI[MainActivity]       com.example.whatsuit                 D  dispatchAppVisibility visible:false
2025-03-15 11:56:01.511 21588-21588 HWUI                    com.example.whatsuit                 D  RenderProxy::destroy: this=0xb400006e26fc5900, mContext=0xb400006f53845600
2025-03-15 11:56:01.511 21588-22048 HWUI                    com.example.whatsuit                 D  SkiaOpenGLPipeline::setSurface: this=0xb400006f1fc73600, surface=NULL
2025-03-15 11:56:01.512 21588-21588 ViewRootImplExtImpl     com.example.whatsuit                 D  wrapConfigInfoIntoFlags rotation=0, smallestScreenWidthDp=354, relayoutAsync=false, flags=0, newFlags=23199744, residentWS=false, title=com.example.whatsuit/com.example.whatsuit.MainActivity
2025-03-15 11:56:01.521 21588-21607 xample.whatsuit         com.example.whatsuit                 I  _Desupression native alloc gc_urgency: 101934 native bytes: 72946081
2025-03-15 11:56:01.531 21588-21588 VRI[MainActivity]       com.example.whatsuit                 D  relayoutWindow result, sizeChanged:false, surfaceControlChanged:false, transformHintChanged:false, mSurfaceSize:Point(1240, 2772), mLastSurfaceSize:Point(1240, 2772), mWidth:1240, mHeight:2772, requestedWidth:1240, requestedHeight:2772, transformHint:0, installOrientation:0, displayRotation:0, isSurfaceValid:false, attr.flag:-2122252032, tmpFrames:ClientWindowFrames{frame=[0,0][1240,2772] display=[0,0][1240,2772] parentFrame=[0,0][0,0]}, relayoutAsync:false, mSyncSeqId:0
2025-03-15 11:56:01.650 21588-22048 HWUI                    com.example.whatsuit                 D  SkiaOpenGLPipeline::setSurface: this=0xb400006e2e6b9fc0, surface=NULL
2025-03-15 11:56:01.654 21588-22048 HWUI                    com.example.whatsuit                 D  SkiaOpenGLPipeline::setSurface: this=0xb400006e270c7500, surface=NULL
2025-03-15 11:56:01.679 21588-22048 HWUI                    com.example.whatsuit                 D  SkiaOpenGLPipeline::setSurface: this=0xb400006f66110800, surface=NULL
2025-03-15 11:56:01.721 21588-21612 xample.whatsuit         com.example.whatsuit                 W  ApkAssets: Deleting an ApkAssets object '<empty> and /data/app/~~kYxKLh3EngwMzx1_rDGJAQ==/org.telegram.messenger-H2uzEmkd7xwJ61ht2Liblg==/base.apk' with 1 weak references
2025-03-15 11:56:01.721 21588-21612 xample.whatsuit         com.example.whatsuit                 W  ApkAssets: Deleting an ApkAssets object '<empty> and /data/app/~~kYxKLh3EngwMzx1_rDGJAQ==/org.telegram.messenger-H2uzEmkd7xwJ61ht2Liblg==/split_config.arm64_v8a.apk' with 1 weak references
2025-03-15 11:56:01.723 21588-21612 xample.whatsuit         com.example.whatsuit                 W  ApkAssets: Deleting an ApkAssets object '<empty> and /data/app/~~kYxKLh3EngwMzx1_rDGJAQ==/org.telegram.messenger-H2uzEmkd7xwJ61ht2Liblg==/split_config.en.apk' with 1 weak references
2025-03-15 11:56:01.723 21588-21612 xample.whatsuit         com.example.whatsuit                 W  ApkAssets: Deleting an ApkAssets object '<empty> and /data/app/~~kYxKLh3EngwMzx1_rDGJAQ==/org.telegram.messenger-H2uzEmkd7xwJ61ht2Liblg==/split_config.xxxhdpi.apk' with 1 weak references
2025-03-15 11:56:01.726 21588-21612 xample.whatsuit         com.example.whatsuit                 W  ApkAssets: Deleting an ApkAssets object '<empty> and /data/app/~~acOwJmdyJAlT9_GlgTBclw==/com.whatsapp.w4b-sf8-ZXVEgMz4EDYVWVk4iw==/base.apk' with 1 weak references
2025-03-15 11:56:01.726 21588-21612 xample.whatsuit         com.example.whatsuit                 W  ApkAssets: Deleting an ApkAssets object '<empty> and /data/app/~~acOwJmdyJAlT9_GlgTBclw==/com.whatsapp.w4b-sf8-ZXVEgMz4EDYVWVk4iw==/split_config.arm64_v8a.apk' with 1 weak references
2025-03-15 11:56:01.733 21588-21612 xample.whatsuit         com.example.whatsuit                 W  ApkAssets: Deleting an ApkAssets object '<empty> and /data/app/~~_3AfJM9NW8hnrIAVp1X31A==/com.instagram.android-aShfLo3mcII-I3J39zW8ZQ==/base.apk' with 1 weak references
2025-03-15 11:56:01.734 21588-21612 xample.whatsuit         com.example.whatsuit                 W  ApkAssets: Deleting an ApkAssets object '<empty> and /data/app/~~_3AfJM9NW8hnrIAVp1X31A==/com.instagram.android-aShfLo3mcII-I3J39zW8ZQ==/split_audio_stream_processor.apk' with 1 weak references
2025-03-15 11:56:01.734 21588-21612 xample.whatsuit         com.example.whatsuit                 W  ApkAssets: Deleting an ApkAssets object '<empty> and /data/app/~~_3AfJM9NW8hnrIAVp1X31A==/com.instagram.android-aShfLo3mcII-I3J39zW8ZQ==/split_audio_stream_processor_shim_impl.apk' with 1 weak references
2025-03-15 11:56:01.734 21588-21612 xample.whatsuit         com.example.whatsuit                 W  ApkAssets: Deleting an ApkAssets object '<empty> and /data/app/~~_3AfJM9NW8hnrIAVp1X31A==/com.instagram.android-aShfLo3mcII-I3J39zW8ZQ==/split_executorch.apk' with 1 weak references
2025-03-15 11:56:01.734 21588-21612 xample.whatsuit         com.example.whatsuit                 W  ApkAssets: Deleting an ApkAssets object '<empty> and /data/app/~~_3AfJM9NW8hnrIAVp1X31A==/com.instagram.android-aShfLo3mcII-I3J39zW8ZQ==/split_heliumiab.apk' with 1 weak references
2025-03-15 11:56:01.734 21588-21612 xample.whatsuit         com.example.whatsuit                 W  ApkAssets: Deleting an ApkAssets object '<empty> and /data/app/~~_3AfJM9NW8hnrIAVp1X31A==/com.instagram.android-aShfLo3mcII-I3J39zW8ZQ==/split_pytorch.apk' with 1 weak references
2025-03-15 11:56:01.734 21588-21612 xample.whatsuit         com.example.whatsuit                 W  ApkAssets: Deleting an ApkAssets object '<empty> and /data/app/~~_3AfJM9NW8hnrIAVp1X31A==/com.instagram.android-aShfLo3mcII-I3J39zW8ZQ==/split_s_audio_stream_processor_configurable_audio.apk' with 1 weak references
2025-03-15 11:56:01.734 21588-21612 xample.whatsuit         com.example.whatsuit                 W  ApkAssets: Deleting an ApkAssets object '<empty> and /data/app/~~_3AfJM9NW8hnrIAVp1X31A==/com.instagram.android-aShfLo3mcII-I3J39zW8ZQ==/split_s_executorch_pytorch.apk' with 1 weak references
2025-03-15 11:56:01.734 21588-21612 xample.whatsuit         com.example.whatsuit                 W  ApkAssets: Deleting an ApkAssets object '<empty> and /data/app/~~_3AfJM9NW8hnrIAVp1X31A==/com.instagram.android-aShfLo3mcII-I3J39zW8ZQ==/split_spm.apk' with 1 weak references
2025-03-15 11:56:02.499 21588-22055 OplusScrollToTopManager com.example.whatsuit                 D  com.example.whatsuit/com.example.whatsuit.MainActivity,This com.android.internal.policy.DecorView{f98e2b8 I.E...... R......D 0,0-1240,2772 aid=7 alpha=1.0 viewInfo = }[MainActivity] change focus to false
2025-03-15 11:56:02.570 21588-21588 oplus.andr...actoryImpl com.example.whatsuit                 I  get feature:IOplusDynamicVsyncFeature
2025-03-15 11:56:02.570 21588-21588 oplus.andr...actoryImpl com.example.whatsuit                 I  get feature:IOplusDynamicVsyncFeature
2025-03-15 11:56:02.570 21588-21588 oplus.andr...actoryImpl com.example.whatsuit                 I  get feature:IOplusDynamicVsyncFeature
2025-03-15 11:56:02.628 21588-21588 ViewRootImplExtImpl     com.example.whatsuit                 D  wrapConfigInfoIntoFlags rotation=0, smallestScreenWidthDp=354, relayoutAsync=false, flags=0, newFlags=23199744, residentWS=false, title=com.example.whatsuit/com.example.whatsuit.MainActivity
2025-03-15 11:56:02.634 21588-21588 VRI[MainActivity]       com.example.whatsuit                 D  relayoutWindow result, sizeChanged:false, surfaceControlChanged:false, transformHintChanged:false, mSurfaceSize:Point(1240, 2772), mLastSurfaceSize:Point(1240, 2772), mWidth:1240, mHeight:2772, requestedWidth:1240, requestedHeight:2772, transformHint:0, installOrientation:0, displayRotation:0, isSurfaceValid:false, attr.flag:-2122252032, tmpFrames:ClientWindowFrames{frame=[0,0][1240,2772] display=[0,0][1240,2772] parentFrame=[0,0][0,0]}, relayoutAsync:false, mSyncSeqId:0
2025-03-15 11:56:51.420 21588-21633 VRI[MainActivity]       com.example.whatsuit                 D  dispatchAppVisibility visible:true
2025-03-15 11:56:51.443 21588-21588 VRI[MainActivity]       com.example.whatsuit                 D  setWindowStopped stopped:false
2025-03-15 11:56:51.447 21588-21588 ScrollOpti...neManager] com.example.whatsuit                 D  updateCurrentActivity: mCurrentActivityName=com.example.whatsuit.MainActivity, isOptEnable=true, isAnimAheadEnable=true, isFrameInsertEnable=true, InsertNum=1, isEnabledForScrollChanged=false
2025-03-15 11:56:51.447 21588-21588 ActivityThread          com.example.whatsuit                 D  ComponentInfo{com.example.whatsuit/com.example.whatsuit.MainActivity} checkFinished=false 2
2025-03-15 11:56:51.447 21588-21588 ResourcesManagerExtImpl com.example.whatsuit                 D  applyConfigurationToAppResourcesLocked app.getDisplayId() return callback.displayId:0
2025-03-15 11:56:51.457 21588-21588 MainActivity            com.example.whatsuit                 D  Toggled notification listener service
